Archive member included to satisfy reference by file (symbol)

e:/workspace/clion/gcc-arm-none-eabi-10.3-2021.10/bin/../lib/gcc/arm-none-eabi/10.3.1/thumb/v7-m/nofp\libgcc.a(_arm_muldf3.o)
                              CMakeFiles/STM32_MPU6050.elf.dir/Core/Src/imu.c.obj (__aeabi_dmul)
e:/workspace/clion/gcc-arm-none-eabi-10.3-2021.10/bin/../lib/gcc/arm-none-eabi/10.3.1/thumb/v7-m/nofp\libgcc.a(_arm_mulsf3.o)
                              CMakeFiles/STM32_MPU6050.elf.dir/Core/Src/imu.c.obj (__aeabi_fmul)
e:/workspace/clion/gcc-arm-none-eabi-10.3-2021.10/bin/../lib/gcc/arm-none-eabi/10.3.1/thumb/v7-m/nofp\libgcc.a(_arm_addsubdf3.o)
                              CMakeFiles/STM32_MPU6050.elf.dir/Core/Src/imu.c.obj (__aeabi_f2d)
e:/workspace/clion/gcc-arm-none-eabi-10.3-2021.10/bin/../lib/gcc/arm-none-eabi/10.3.1/thumb/v7-m/nofp\libgcc.a(_arm_muldivdf3.o)
                              CMakeFiles/STM32_MPU6050.elf.dir/Core/Src/imu.c.obj (__aeabi_ddiv)
e:/workspace/clion/gcc-arm-none-eabi-10.3-2021.10/bin/../lib/gcc/arm-none-eabi/10.3.1/thumb/v7-m/nofp\libgcc.a(_arm_truncdfsf2.o)
                              CMakeFiles/STM32_MPU6050.elf.dir/Core/Src/imu.c.obj (__aeabi_d2f)
e:/workspace/clion/gcc-arm-none-eabi-10.3-2021.10/bin/../lib/gcc/arm-none-eabi/10.3.1/thumb/v7-m/nofp\libgcc.a(_arm_addsubsf3.o)
                              CMakeFiles/STM32_MPU6050.elf.dir/Core/Src/imu.c.obj (__aeabi_fsub)
e:/workspace/clion/gcc-arm-none-eabi-10.3-2021.10/bin/../lib/gcc/arm-none-eabi/10.3.1/thumb/v7-m/nofp\libgcc.a(_arm_muldivsf3.o)
                              CMakeFiles/STM32_MPU6050.elf.dir/Core/Src/imu.c.obj (__aeabi_fdiv)
e:/workspace/clion/gcc-arm-none-eabi-10.3-2021.10/bin/../lib/gcc/arm-none-eabi/10.3.1/thumb/v7-m/nofp\libgcc.a(_arm_cmpsf2.o)
                              CMakeFiles/STM32_MPU6050.elf.dir/Core/Src/imu.c.obj (__aeabi_fcmplt)
e:/workspace/clion/gcc-arm-none-eabi-10.3-2021.10/bin/../lib/gcc/arm-none-eabi/10.3.1/../../../../arm-none-eabi/lib/thumb/v7-m/nofp\libg.a(lib_a-errno.o)
                              CMakeFiles/STM32_MPU6050.elf.dir/Core/Src/retarget.c.obj (__errno)
e:/workspace/clion/gcc-arm-none-eabi-10.3-2021.10/bin/../lib/gcc/arm-none-eabi/10.3.1/../../../../arm-none-eabi/lib/thumb/v7-m/nofp\libg.a(lib_a-exit.o)
                              e:/workspace/clion/gcc-arm-none-eabi-10.3-2021.10/bin/../lib/gcc/arm-none-eabi/10.3.1/../../../../arm-none-eabi/lib/thumb/v7-m/nofp/crt0.o (exit)
e:/workspace/clion/gcc-arm-none-eabi-10.3-2021.10/bin/../lib/gcc/arm-none-eabi/10.3.1/../../../../arm-none-eabi/lib/thumb/v7-m/nofp\libg.a(lib_a-impure.o)
                              e:/workspace/clion/gcc-arm-none-eabi-10.3-2021.10/bin/../lib/gcc/arm-none-eabi/10.3.1/../../../../arm-none-eabi/lib/thumb/v7-m/nofp\libg.a(lib_a-exit.o) (_global_impure_ptr)
e:/workspace/clion/gcc-arm-none-eabi-10.3-2021.10/bin/../lib/gcc/arm-none-eabi/10.3.1/../../../../arm-none-eabi/lib/thumb/v7-m/nofp\libg.a(lib_a-init.o)
                              e:/workspace/clion/gcc-arm-none-eabi-10.3-2021.10/bin/../lib/gcc/arm-none-eabi/10.3.1/../../../../arm-none-eabi/lib/thumb/v7-m/nofp/crt0.o (__libc_init_array)
e:/workspace/clion/gcc-arm-none-eabi-10.3-2021.10/bin/../lib/gcc/arm-none-eabi/10.3.1/../../../../arm-none-eabi/lib/thumb/v7-m/nofp\libg.a(lib_a-memset.o)
                              e:/workspace/clion/gcc-arm-none-eabi-10.3-2021.10/bin/../lib/gcc/arm-none-eabi/10.3.1/../../../../arm-none-eabi/lib/thumb/v7-m/nofp/crt0.o (memset)
e:/workspace/clion/gcc-arm-none-eabi-10.3-2021.10/bin/../lib/gcc/arm-none-eabi/10.3.1/../../../../arm-none-eabi/lib/thumb/v7-m/nofp\libg.a(lib_a-printf.o)
                              CMakeFiles/STM32_MPU6050.elf.dir/Core/Src/main.c.obj (printf)
e:/workspace/clion/gcc-arm-none-eabi-10.3-2021.10/bin/../lib/gcc/arm-none-eabi/10.3.1/../../../../arm-none-eabi/lib/thumb/v7-m/nofp\libg.a(lib_a-puts.o)
                              CMakeFiles/STM32_MPU6050.elf.dir/Core/Src/mpu6050.c.obj (puts)
e:/workspace/clion/gcc-arm-none-eabi-10.3-2021.10/bin/../lib/gcc/arm-none-eabi/10.3.1/../../../../arm-none-eabi/lib/thumb/v7-m/nofp\libg.a(lib_a-setvbuf.o)
                              CMakeFiles/STM32_MPU6050.elf.dir/Core/Src/retarget.c.obj (setvbuf)
e:/workspace/clion/gcc-arm-none-eabi-10.3-2021.10/bin/../lib/gcc/arm-none-eabi/10.3.1/../../../../arm-none-eabi/lib/thumb/v7-m/nofp\libg.a(lib_a-strlen-stub.o)
                              e:/workspace/clion/gcc-arm-none-eabi-10.3-2021.10/bin/../lib/gcc/arm-none-eabi/10.3.1/../../../../arm-none-eabi/lib/thumb/v7-m/nofp\libg.a(lib_a-puts.o) (strlen)
e:/workspace/clion/gcc-arm-none-eabi-10.3-2021.10/bin/../lib/gcc/arm-none-eabi/10.3.1/../../../../arm-none-eabi/lib/thumb/v7-m/nofp\libg.a(lib_a-vfprintf.o)
                              e:/workspace/clion/gcc-arm-none-eabi-10.3-2021.10/bin/../lib/gcc/arm-none-eabi/10.3.1/../../../../arm-none-eabi/lib/thumb/v7-m/nofp\libg.a(lib_a-printf.o) (_vfprintf_r)
[...]
Memory Configuration

Name             Origin             Length             Attributes
RAM              0x20000000         0x00005000         xrw
FLASH            0x08000000         0x00010000         xr
*default*        0x00000000         0xffffffff

Linker script and memory map

LOAD e:/workspace/clion/gcc-arm-none-eabi-10.3-2021.10/bin/../lib/gcc/arm-none-eabi/10.3.1/thumb/v7-m/nofp/crti.o
LOAD e:/workspace/clion/gcc-arm-none-eabi-10.3-2021.10/bin/../lib/gcc/arm-none-eabi/10.3.1/thumb/v7-m/nofp/crtbegin.o
LOAD e:/workspace/clion/gcc-arm-none-eabi-10.3-2021.10/bin/../lib/gcc/arm-none-eabi/10.3.1/../../../../arm-none-eabi/lib/thumb/v7-m/nofp/crt0.o
LOAD CMakeFiles/STM32_MPU6050.elf.dir/Core/Src/gpio.c.obj
LOAD CMakeFiles/STM32_MPU6050.elf.dir/Core/Src/iic.c.obj
LOAD CMakeFiles/STM32_MPU6050.elf.dir/Core/Src/imu.c.obj
LOAD CMakeFiles/STM32_MPU6050.elf.dir/Core/Src/main.c.obj
LOAD CMakeFiles/STM32_MPU6050.elf.dir/Core/Src/mpu6050.c.obj
LOAD CMakeFiles/STM32_MPU6050.elf.dir/Core/Src/retarget.c.obj
LOAD CMakeFiles/STM32_MPU6050.elf.dir/Core/Src/stm32f1xx_hal_msp.c.obj
LOAD CMakeFiles/STM32_MPU6050.elf.dir/Core/Src/stm32f1xx_it.c.obj
LOAD CMakeFiles/STM32_MPU6050.elf.dir/Core/Src/syscalls.c.obj
LOAD CMakeFiles/STM32_MPU6050.elf.dir/Core/Src/sysmem.c.obj
LOAD CMakeFiles/STM32_MPU6050.elf.dir/Core/Src/system_stm32f1xx.c.obj
LOAD CMakeFiles/STM32_MPU6050.elf.dir/Core/Src/tim.c.obj
LOAD CMakeFiles/STM32_MPU6050.elf.dir/Core/Src/usart.c.obj
LOAD CMakeFiles/STM32_MPU6050.elf.dir/Core/Startup/startup_stm32f103c8tx.s.obj
LOAD CMakeFiles/STM32_MPU6050.elf.dir/Drivers/STM32F1xx_HAL_Driver/Src/stm32f1xx_hal.c.obj
LOAD CMakeFiles/STM32_MPU6050.elf.dir/Drivers/STM32F1xx_HAL_Driver/Src/stm32f1xx_hal_cortex.c.obj
LOAD CMakeFiles/STM32_MPU6050.elf.dir/Drivers/STM32F1xx_HAL_Driver/Src/stm32f1xx_hal_dma.c.obj
LOAD CMakeFiles/STM32_MPU6050.elf.dir/Drivers/STM32F1xx_HAL_Driver/Src/stm32f1xx_hal_exti.c.obj
LOAD CMakeFiles/STM32_MPU6050.elf.dir/Drivers/STM32F1xx_HAL_Driver/Src/stm32f1xx_hal_flash.c.obj
LOAD CMakeFiles/STM32_MPU6050.elf.dir/Drivers/STM32F1xx_HAL_Driver/Src/stm32f1xx_hal_flash_ex.c.obj
LOAD CMakeFiles/STM32_MPU6050.elf.dir/Drivers/STM32F1xx_HAL_Driver/Src/stm32f1xx_hal_gpio.c.obj
LOAD CMakeFiles/STM32_MPU6050.elf.dir/Drivers/STM32F1xx_HAL_Driver/Src/stm32f1xx_hal_gpio_ex.c.obj
LOAD CMakeFiles/STM32_MPU6050.elf.dir/Drivers/STM32F1xx_HAL_Driver/Src/stm32f1xx_hal_pwr.c.obj
LOAD CMakeFiles/STM32_MPU6050.elf.dir/Drivers/STM32F1xx_HAL_Driver/Src/stm32f1xx_hal_rcc.c.obj
LOAD CMakeFiles/STM32_MPU6050.elf.dir/Drivers/STM32F1xx_HAL_Driver/Src/stm32f1xx_hal_rcc_ex.c.obj
LOAD CMakeFiles/STM32_MPU6050.elf.dir/Drivers/STM32F1xx_HAL_Driver/Src/stm32f1xx_hal_tim.c.obj
LOAD CMakeFiles/STM32_MPU6050.elf.dir/Drivers/STM32F1xx_HAL_Driver/Src/stm32f1xx_hal_tim_ex.c.obj
LOAD CMakeFiles/STM32_MPU6050.elf.dir/Drivers/STM32F1xx_HAL_Driver/Src/stm32f1xx_hal_uart.c.obj
START GROUP
LOAD e:/workspace/clion/gcc-arm-none-eabi-10.3-2021.10/bin/../lib/gcc/arm-none-eabi/10.3.1/thumb/v7-m/nofp\libgcc.a
LOAD e:/workspace/clion/gcc-arm-none-eabi-10.3-2021.10/bin/../lib/gcc/arm-none-eabi/10.3.1/../../../../arm-none-eabi/lib/thumb/v7-m/nofp\libg.a
LOAD e:/workspace/clion/gcc-arm-none-eabi-10.3-2021.10/bin/../lib/gcc/arm-none-eabi/10.3.1/../../../../arm-none-eabi/lib/thumb/v7-m/nofp\libc.a
END GROUP
LOAD e:/workspace/clion/gcc-arm-none-eabi-10.3-2021.10/bin/../lib/gcc/arm-none-eabi/10.3.1/thumb/v7-m/nofp/crtend.o
LOAD e:/workspace/clion/gcc-arm-none-eabi-10.3-2021.10/bin/../lib/gcc/arm-none-eabi/10.3.1/thumb/v7-m/nofp/crtn.o
                0x20005000                _estack = (ORIGIN (RAM) + LENGTH (RAM))
                0x00000200                _Min_Heap_Size = 0x200
                0x00000400                _Min_Stack_Size = 0x400

.isr_vector     0x08000000      0x10c
                0x08000000                . = ALIGN (0x4)
 *(.isr_vector)
 .isr_vector    0x08000000      0x10c CMakeFiles/STM32_MPU6050.elf.dir/Core/Startup/startup_stm32f103c8tx.s.obj
                0x08000000                g_pfnVectors
                0x0800010c                . = ALIGN (0x4)

.text           0x08000110     0xa2e8
                0x08000110                . = ALIGN (0x4)
 *(.text)
 .text          0x08000110       0x40 e:/workspace/clion/gcc-arm-none-eabi-10.3-2021.10/bin/../lib/gcc/arm-none-eabi/10.3.1/thumb/v7-m/nofp/crtbegin.o
 .text          0x08000150      0x378 e:/workspace/clion/gcc-arm-none-eabi-10.3-2021.10/bin/../lib/gcc/arm-none-eabi/10.3.1/thumb/v7-m/nofp\libgcc.a(_arm_addsubdf3.o)
                0x08000150                __aeabi_drsub
                0x08000158                __aeabi_dsub
                0x08000158                __subdf3
                0x0800015c                __aeabi_dadd
                0x0800015c                __adddf3
                0x080003d4                __floatunsidf
                0x080003d4                __aeabi_ui2d
                0x080003f4                __floatsidf
                0x080003f4                __aeabi_i2d
                0x08000418                __aeabi_f2d
                0x08000418                __extendsfdf2
                0x0800045c                __floatundidf
                0x0800045c                __aeabi_ul2d
                0x0800046c                __floatdidf
                0x0800046c                __aeabi_l2d
 .text          0x080004c8      0x424 e:/workspace/clion/gcc-arm-none-eabi-10.3-2021.10/bin/../lib/gcc/arm-none-eabi/10.3.1/thumb/v7-m/nofp\libgcc.a(_arm_muldivdf3.o)
                0x080004c8                __aeabi_dmul
                0x080004c8                __muldf3
                0x0800071c                __divdf3
                0x0800071c                __aeabi_ddiv
 .text          0x080008ec       0xa0 e:/workspace/clion/gcc-arm-none-eabi-10.3-2021.10/bin/../lib/gcc/arm-none-eabi/10.3.1/thumb/v7-m/nofp\libgcc.a(_arm_truncdfsf2.o)
                0x080008ec                __truncdfsf2
                0x080008ec                __aeabi_d2f
 .text          0x0800098c      0x21c e:/workspace/clion/gcc-arm-none-eabi-10.3-2021.10/bin/../lib/gcc/arm-none-eabi/10.3.1/thumb/v7-m/nofp\libgcc.a(_arm_addsubsf3.o)
                0x0800098c                __aeabi_frsub
                0x08000994                __subsf3
                0x08000994                __aeabi_fsub
                0x08000998                __aeabi_fadd
                0x08000998                __addsf3
                0x08000af8                __aeabi_ui2f
                0x08000af8                __floatunsisf
                0x08000b00                __aeabi_i2f
                0x08000b00                __floatsisf
                0x08000b1c                __aeabi_ul2f
                0x08000b1c                __floatundisf
                0x08000b2c                __aeabi_l2f
                0x08000b2c                __floatdisf
 .text          0x08000ba8      0x2a0 e:/workspace/clion/gcc-arm-none-eabi-10.3-2021.10/bin/../lib/gcc/arm-none-eabi/10.3.1/thumb/v7-m/nofp\libgcc.a(_arm_muldivsf3.o)
                0x08000ba8                __mulsf3
                0x08000ba8                __aeabi_fmul
                0x08000d10                __aeabi_fdiv
                0x08000d10                __divsf3
 .text          0x08000e48       0xec e:/workspace/clion/gcc-arm-none-eabi-10.3-2021.10/bin/../lib/gcc/arm-none-eabi/10.3.1/thumb/v7-m/nofp\libgcc.a(_arm_cmpsf2.o)
                0x08000e48                __gesf2
                0x08000e48                __gtsf2
                0x08000e50                __lesf2
                0x08000e50                __ltsf2
                0x08000e58                __nesf2
                0x08000e58                __eqsf2
                0x08000e58                __cmpsf2
                0x08000eb8                __aeabi_cfrcmple
                0x08000ec0                __aeabi_cfcmpeq
                0x08000ec0                __aeabi_cfcmple
                0x08000ed0                __aeabi_fcmpeq
                0x08000ee4                __aeabi_fcmplt
                0x08000ef8                __aeabi_fcmple
                0x08000f0c                __aeabi_fcmpge
                0x08000f20                __aeabi_fcmpgt
 .text          0x08000f34       0xec e:/workspace/clion/gcc-arm-none-eabi-10.3-2021.10/bin/../lib/gcc/arm-none-eabi/10.3.1/../../../../arm-none-eabi/lib/thumb/v7-m/nofp\libg.a(lib_a-memcpy.o)
                0x08000f34                memcpy
 .text          0x08001020      0x110 e:/workspace/clion/gcc-arm-none-eabi-10.3-2021.10/bin/../lib/gcc/arm-none-eabi/10.3.1/thumb/v7-m/nofp\libgcc.a(_arm_cmpdf2.o)
                0x08001020                __gtdf2
                0x08001020                __gedf2
                0x08001028                __ltdf2
                0x08001028                __ledf2
                0x08001030                __nedf2
                0x08001030                __eqdf2
                0x08001030                __cmpdf2
                0x080010ac                __aeabi_cdrcmple
                0x080010bc                __aeabi_cdcmpeq
                0x080010bc                __aeabi_cdcmple
                0x080010cc                __aeabi_dcmpeq
                0x080010e0                __aeabi_dcmplt
                0x080010f4                __aeabi_dcmple
                0x08001108                __aeabi_dcmpge
                0x0800111c                __aeabi_dcmpgt
 .text          0x08001130       0x2c e:/workspace/clion/gcc-arm-none-eabi-10.3-2021.10/bin/../lib/gcc/arm-none-eabi/10.3.1/thumb/v7-m/nofp\libgcc.a(_arm_unorddf2.o)
                0x08001130                __unorddf2
                0x08001130                __aeabi_dcmpun
 .text          0x0800115c       0x50 e:/workspace/clion/gcc-arm-none-eabi-10.3-2021.10/bin/../lib/gcc/arm-none-eabi/10.3.1/thumb/v7-m/nofp\libgcc.a(_arm_fixdfsi.o)
                0x0800115c                __aeabi_d2iz
                0x0800115c                __fixdfsi
 .text          0x080011ac       0x30 e:/workspace/clion/gcc-arm-none-eabi-10.3-2021.10/bin/../lib/gcc/arm-none-eabi/10.3.1/thumb/v7-m/nofp\libgcc.a(_aeabi_uldivmod.o)
                0x080011ac                __aeabi_uldivmod
 .text          0x080011dc      0x2d4 e:/workspace/clion/gcc-arm-none-eabi-10.3-2021.10/bin/../lib/gcc/arm-none-eabi/10.3.1/thumb/v7-m/nofp\libgcc.a(_udivmoddi4.o)
                0x080011dc                __udivmoddi4
 .text          0x080014b0        0x4 e:/workspace/clion/gcc-arm-none-eabi-10.3-2021.10/bin/../lib/gcc/arm-none-eabi/10.3.1/thumb/v7-m/nofp\libgcc.a(_dvmd_tls.o)
                0x080014b0                __aeabi_idiv0
                0x080014b0                __aeabi_ldiv0
 *(.text*)
 .text.MX_GPIO_Init
                0x080014b4       0xb4 CMakeFiles/STM32_MPU6050.elf.dir/Core/Src/gpio.c.obj
                0x080014b4                MX_GPIO_Init
 .text.Delay_uS
                0x08001568       0x30 CMakeFiles/STM32_MPU6050.elf.dir/Core/Src/iic.c.obj
                0x08001568                Delay_uS
 .text.IIC_Start
                0x08001598       0x38 CMakeFiles/STM32_MPU6050.elf.dir/Core/Src/iic.c.obj
                0x08001598                IIC_Start
 .text.IIC_Stop
                0x080015d0       0x2c CMakeFiles/STM32_MPU6050.elf.dir/Core/Src/iic.c.obj
                0x080015d0                IIC_Stop
 .text.Wait_ack
                0x080015fc       0x44 CMakeFiles/STM32_MPU6050.elf.dir/Core/Src/iic.c.obj
                0x080015fc                Wait_ack
 .text.IIC_Sendbyte
                0x08001640       0x40 CMakeFiles/STM32_MPU6050.elf.dir/Core/Src/iic.c.obj
                0x08001640                IIC_Sendbyte
 .text.IIC_Readbyte
                0x08001680       0x54 CMakeFiles/STM32_MPU6050.elf.dir/Core/Src/iic.c.obj
                0x08001680                IIC_Readbyte
 .text.IIC_Nsendack
                0x080016d4       0x28 CMakeFiles/STM32_MPU6050.elf.dir/Core/Src/iic.c.obj
                0x080016d4                IIC_Nsendack
 .text.fast_sqrt
                0x080016fc       0x3c CMakeFiles/STM32_MPU6050.elf.dir/Core/Src/imu.c.obj
                0x080016fc                fast_sqrt
 .text.IMU_GetValues
                0x08001738      0x110 CMakeFiles/STM32_MPU6050.elf.dir/Core/Src/imu.c.obj
                0x08001738                IMU_GetValues
 .text.IMU_AHRSupdate
                0x08001848      0x364 CMakeFiles/STM32_MPU6050.elf.dir/Core/Src/imu.c.obj
                0x08001848                IMU_AHRSupdate
 *fill*         0x08001bac        0x4 
 .text.IMU_getEuleranAngles
                0x08001bb0      0x168 CMakeFiles/STM32_MPU6050.elf.dir/Core/Src/imu.c.obj
                0x08001bb0                IMU_getEuleranAngles
 .text.HAL_TIM_PeriodElapsedCallback
                0x08001d18       0x2c CMakeFiles/STM32_MPU6050.elf.dir/Core/Src/main.c.obj
                0x08001d18                HAL_TIM_PeriodElapsedCallback
 .text.Error_Handler
                0x08001d44        0x4 CMakeFiles/STM32_MPU6050.elf.dir/Core/Src/main.c.obj
                0x08001d44                Error_Handler
 .text.SystemClock_Config
                0x08001d48       0x64 CMakeFiles/STM32_MPU6050.elf.dir/Core/Src/main.c.obj
                0x08001d48                SystemClock_Config
 .text.main     0x08001dac       0x48 CMakeFiles/STM32_MPU6050.elf.dir/Core/Src/main.c.obj
                0x08001dac                main
 .text.MPU6050_WriteReg
                0x08001df4       0x60 CMakeFiles/STM32_MPU6050.elf.dir/Core/Src/mpu6050.c.obj
                0x08001df4                MPU6050_WriteReg
 .text.MPU6050_ReadReg
                0x08001e54       0x64 CMakeFiles/STM32_MPU6050.elf.dir/Core/Src/mpu6050.c.obj
                0x08001e54                MPU6050_ReadReg
 .text.MPU6050_Init
                0x08001eb8       0x42 CMakeFiles/STM32_MPU6050.elf.dir/Core/Src/mpu6050.c.obj
                0x08001eb8                MPU6050_Init
 .text.MPU6050_GetID
                0x08001efa        0xa CMakeFiles/STM32_MPU6050.elf.dir/Core/Src/mpu6050.c.obj
                0x08001efa                MPU6050_GetID
 .text.MPU6050_GetData
                0x08001f04       0x8c CMakeFiles/STM32_MPU6050.elf.dir/Core/Src/mpu6050.c.obj
                0x08001f04                MPU6050_GetData
 .text.RetargetInit
                0x08001f90       0x20 CMakeFiles/STM32_MPU6050.elf.dir/Core/Src/retarget.c.obj
                0x08001f90                RetargetInit
 .text._isatty  0x08001fb0       0x16 CMakeFiles/STM32_MPU6050.elf.dir/Core/Src/retarget.c.obj
                0x08001fb0                _isatty
 *fill*         0x08001fc6        0x2 
 .text._write   0x08001fc8       0x34 CMakeFiles/STM32_MPU6050.elf.dir/Core/Src/retarget.c.obj
                0x08001fc8                _write
 .text._close   0x08001ffc       0x18 CMakeFiles/STM32_MPU6050.elf.dir/Core/Src/retarget.c.obj
                0x08001ffc                _close
 .text._lseek   0x08002014       0x10 CMakeFiles/STM32_MPU6050.elf.dir/Core/Src/retarget.c.obj
                0x08002014                _lseek
 .text._read    0x08002024       0x30 CMakeFiles/STM32_MPU6050.elf.dir/Core/Src/retarget.c.obj
                0x08002024                _read
 .text._fstat   0x08002054       0x1a CMakeFiles/STM32_MPU6050.elf.dir/Core/Src/retarget.c.obj
                0x08002054                _fstat
 *fill*         0x0800206e        0x2 
 .text.HAL_MspInit
                0x08002070       0x44 CMakeFiles/STM32_MPU6050.elf.dir/Core/Src/stm32f1xx_hal_msp.c.obj
                0x08002070                HAL_MspInit
 .text.NMI_Handler
                0x080020b4        0x2 CMakeFiles/STM32_MPU6050.elf.dir/Core/Src/stm32f1xx_it.c.obj
                0x080020b4                NMI_Handler
 .text.HardFault_Handler
                0x080020b6        0x2 CMakeFiles/STM32_MPU6050.elf.dir/Core/Src/stm32f1xx_it.c.obj
                0x080020b6                HardFault_Handler
 .text.MemManage_Handler
                0x080020b8        0x2 CMakeFiles/STM32_MPU6050.elf.dir/Core/Src/stm32f1xx_it.c.obj
                0x080020b8                MemManage_Handler
 .text.BusFault_Handler
                0x080020ba        0x2 CMakeFiles/STM32_MPU6050.elf.dir/Core/Src/stm32f1xx_it.c.obj
                0x080020ba                BusFault_Handler
 .text.UsageFault_Handler
                0x080020bc        0x2 CMakeFiles/STM32_MPU6050.elf.dir/Core/Src/stm32f1xx_it.c.obj
                0x080020bc                UsageFault_Handler
 .text.SVC_Handler
                0x080020be        0x2 CMakeFiles/STM32_MPU6050.elf.dir/Core/Src/stm32f1xx_it.c.obj
                0x080020be                SVC_Handler
 .text.DebugMon_Handler
                0x080020c0        0x2 CMakeFiles/STM32_MPU6050.elf.dir/Core/Src/stm32f1xx_it.c.obj
                0x080020c0                DebugMon_Handler
 .text.PendSV_Handler
                0x080020c2        0x2 CMakeFiles/STM32_MPU6050.elf.dir/Core/Src/stm32f1xx_it.c.obj
                0x080020c2                PendSV_Handler
 .text.SysTick_Handler
                0x080020c4        0x8 CMakeFiles/STM32_MPU6050.elf.dir/Core/Src/stm32f1xx_it.c.obj
                0x080020c4                SysTick_Handler
 .text.TIM2_IRQHandler
                0x080020cc       0x10 CMakeFiles/STM32_MPU6050.elf.dir/Core/Src/stm32f1xx_it.c.obj
                0x080020cc                TIM2_IRQHandler
 .text._getpid  0x080020dc        0x4 CMakeFiles/STM32_MPU6050.elf.dir/Core/Src/syscalls.c.obj
                0x080020dc                _getpid
 .text._kill    0x080020e0       0x10 CMakeFiles/STM32_MPU6050.elf.dir/Core/Src/syscalls.c.obj
                0x080020e0                _kill
 .text._exit    0x080020f0        0xc CMakeFiles/STM32_MPU6050.elf.dir/Core/Src/syscalls.c.obj
                0x080020f0                _exit
 .text._sbrk    0x080020fc       0x48 CMakeFiles/STM32_MPU6050.elf.dir/Core/Src/sysmem.c.obj
                0x080020fc                _sbrk
 .text.SystemInit
                0x08002144        0x2 CMakeFiles/STM32_MPU6050.elf.dir/Core/Src/system_stm32f1xx.c.obj
                0x08002144                SystemInit
 *fill*         0x08002146        0x2 
 .text.MX_TIM1_Init
                0x08002148       0x6c CMakeFiles/STM32_MPU6050.elf.dir/Core/Src/tim.c.obj
                0x08002148                MX_TIM1_Init
 .text.MX_TIM2_Init
                0x080021b4       0x70 CMakeFiles/STM32_MPU6050.elf.dir/Core/Src/tim.c.obj
                0x080021b4                MX_TIM2_Init
 .text.HAL_TIM_Base_MspInit
                0x08002224       0x60 CMakeFiles/STM32_MPU6050.elf.dir/Core/Src/tim.c.obj
                0x08002224                HAL_TIM_Base_MspInit
 .text.MX_USART1_UART_Init
                0x08002284       0x34 CMakeFiles/STM32_MPU6050.elf.dir/Core/Src/usart.c.obj
                0x08002284                MX_USART1_UART_Init
 .text.HAL_UART_MspInit
                0x080022b8       0x78 CMakeFiles/STM32_MPU6050.elf.dir/Core/Src/usart.c.obj
                0x080022b8                HAL_UART_MspInit
 .text.Reset_Handler
                0x08002330       0x48 CMakeFiles/STM32_MPU6050.elf.dir/Core/Startup/startup_stm32f103c8tx.s.obj
                0x08002330                Reset_Handler
 .text.Default_Handler
                0x08002378        0x2 CMakeFiles/STM32_MPU6050.elf.dir/Core/Startup/startup_stm32f103c8tx.s.obj
                0x08002378                RTC_Alarm_IRQHandler
                0x08002378                EXTI2_IRQHandler
                0x08002378                TIM1_CC_IRQHandler
                0x08002378                PVD_IRQHandler
                0x08002378                EXTI3_IRQHandler
                0x08002378                EXTI0_IRQHandler
                0x08002378                I2C2_EV_IRQHandler
                0x08002378                ADC1_2_IRQHandler
                0x08002378                SPI1_IRQHandler
                0x08002378                TAMPER_IRQHandler
                0x08002378                DMA1_Channel4_IRQHandler
                0x08002378                USART3_IRQHandler
                0x08002378                RTC_IRQHandler
                0x08002378                DMA1_Channel7_IRQHandler
                0x08002378                CAN1_RX1_IRQHandler
                0x08002378                TIM4_IRQHandler
                0x08002378                I2C1_EV_IRQHandler
                0x08002378                DMA1_Channel6_IRQHandler
                0x08002378                TIM3_IRQHandler
                0x08002378                RCC_IRQHandler
                0x08002378                TIM1_TRG_COM_IRQHandler
                0x08002378                DMA1_Channel1_IRQHandler
                0x08002378                Default_Handler
                0x08002378                EXTI15_10_IRQHandler
                0x08002378                EXTI9_5_IRQHandler
                0x08002378                SPI2_IRQHandler
                0x08002378                DMA1_Channel5_IRQHandler
                0x08002378                EXTI4_IRQHandler
                0x08002378                USB_LP_CAN1_RX0_IRQHandler
                0x08002378                USB_HP_CAN1_TX_IRQHandler
                0x08002378                DMA1_Channel3_IRQHandler
                0x08002378                TIM1_UP_IRQHandler
                0x08002378                WWDG_IRQHandler
                0x08002378                TIM1_BRK_IRQHandler
                0x08002378                EXTI1_IRQHandler
                0x08002378                USART2_IRQHandler
                0x08002378                I2C2_ER_IRQHandler
                0x08002378                DMA1_Channel2_IRQHandler
                0x08002378                CAN1_SCE_IRQHandler
                0x08002378                FLASH_IRQHandler
                0x08002378                USART1_IRQHandler
                0x08002378                I2C1_ER_IRQHandler
                0x08002378                USBWakeUp_IRQHandler
 *fill*         0x0800237a        0x2 
 .text.HAL_InitTick
                0x0800237c       0x4c CMakeFiles/STM32_MPU6050.elf.dir/Drivers/STM32F1xx_HAL_Driver/Src/stm32f1xx_hal.c.obj
                0x0800237c                HAL_InitTick
 .text.HAL_Init
                0x080023c8       0x24 CMakeFiles/STM32_MPU6050.elf.dir/Drivers/STM32F1xx_HAL_Driver/Src/stm32f1xx_hal.c.obj
                0x080023c8                HAL_Init
 .text.HAL_IncTick
                0x080023ec       0x18 CMakeFiles/STM32_MPU6050.elf.dir/Drivers/STM32F1xx_HAL_Driver/Src/stm32f1xx_hal.c.obj
                0x080023ec                HAL_IncTick
 .text.HAL_GetTick
                0x08002404        0xc CMakeFiles/STM32_MPU6050.elf.dir/Drivers/STM32F1xx_HAL_Driver/Src/stm32f1xx_hal.c.obj
                0x08002404                HAL_GetTick
 .text.HAL_Delay
                0x08002410       0x28 CMakeFiles/STM32_MPU6050.elf.dir/Drivers/STM32F1xx_HAL_Driver/Src/stm32f1xx_hal.c.obj
                0x08002410                HAL_Delay
 .text.HAL_NVIC_SetPriorityGrouping
                0x08002438       0x24 CMakeFiles/STM32_MPU6050.elf.dir/Drivers/STM32F1xx_HAL_Driver/Src/stm32f1xx_hal_cortex.c.obj
                0x08002438                HAL_NVIC_SetPriorityGrouping
 .text.HAL_NVIC_SetPriority
                0x0800245c       0x70 CMakeFiles/STM32_MPU6050.elf.dir/Drivers/STM32F1xx_HAL_Driver/Src/stm32f1xx_hal_cortex.c.obj
                0x0800245c                HAL_NVIC_SetPriority
 .text.HAL_NVIC_EnableIRQ
                0x080024cc       0x1c CMakeFiles/STM32_MPU6050.elf.dir/Drivers/STM32F1xx_HAL_Driver/Src/stm32f1xx_hal_cortex.c.obj
                0x080024cc                HAL_NVIC_EnableIRQ
 .text.HAL_SYSTICK_Config
                0x080024e8       0x28 CMakeFiles/STM32_MPU6050.elf.dir/Drivers/STM32F1xx_HAL_Driver/Src/stm32f1xx_hal_cortex.c.obj
                0x080024e8                HAL_SYSTICK_Config
 .text.HAL_GPIO_Init
                0x08002510      0x224 CMakeFiles/STM32_MPU6050.elf.dir/Drivers/STM32F1xx_HAL_Driver/Src/stm32f1xx_hal_gpio.c.obj
                0x08002510                HAL_GPIO_Init
 .text.HAL_GPIO_WritePin
                0x08002734        0xc CMakeFiles/STM32_MPU6050.elf.dir/Drivers/STM32F1xx_HAL_Driver/Src/stm32f1xx_hal_gpio.c.obj
                0x08002734                HAL_GPIO_WritePin
 .text.RCC_Delay
                0x08002740       0x2c CMakeFiles/STM32_MPU6050.elf.dir/Drivers/STM32F1xx_HAL_Driver/Src/stm32f1xx_hal_rcc.c.obj
 .text.HAL_RCC_OscConfig
                0x0800276c      0x410 CMakeFiles/STM32_MPU6050.elf.dir/Drivers/STM32F1xx_HAL_Driver/Src/stm32f1xx_hal_rcc.c.obj
                0x0800276c                HAL_RCC_OscConfig
 .text.HAL_RCC_GetSysClockFreq
                0x08002b7c       0x54 CMakeFiles/STM32_MPU6050.elf.dir/Drivers/STM32F1xx_HAL_Driver/Src/stm32f1xx_hal_rcc.c.obj
                0x08002b7c                HAL_RCC_GetSysClockFreq
 .text.HAL_RCC_ClockConfig
                0x08002bd0      0x16c CMakeFiles/STM32_MPU6050.elf.dir/Drivers/STM32F1xx_HAL_Driver/Src/stm32f1xx_hal_rcc.c.obj
                0x08002bd0                HAL_RCC_ClockConfig
 .text.HAL_RCC_GetHCLKFreq
                0x08002d3c        0xc CMakeFiles/STM32_MPU6050.elf.dir/Drivers/STM32F1xx_HAL_Driver/Src/stm32f1xx_hal_rcc.c.obj
                0x08002d3c                HAL_RCC_GetHCLKFreq
 .text.HAL_RCC_GetPCLK1Freq
                0x08002d48       0x20 CMakeFiles/STM32_MPU6050.elf.dir/Drivers/STM32F1xx_HAL_Driver/Src/stm32f1xx_hal_rcc.c.obj
                0x08002d48                HAL_RCC_GetPCLK1Freq
 .text.HAL_RCC_GetPCLK2Freq
                0x08002d68       0x20 CMakeFiles/STM32_MPU6050.elf.dir/Drivers/STM32F1xx_HAL_Driver/Src/stm32f1xx_hal_rcc.c.obj
                0x08002d68                HAL_RCC_GetPCLK2Freq
 .text.TIM_TI1_ConfigInputStage
                0x08002d88       0x24 CMakeFiles/STM32_MPU6050.elf.dir/Drivers/STM32F1xx_HAL_Driver/Src/stm32f1xx_hal_tim.c.obj
 .text.TIM_TI2_ConfigInputStage
                0x08002dac       0x26 CMakeFiles/STM32_MPU6050.elf.dir/Drivers/STM32F1xx_HAL_Driver/Src/stm32f1xx_hal_tim.c.obj
 .text.TIM_ITRx_SetConfig
                0x08002dd2       0x10 CMakeFiles/STM32_MPU6050.elf.dir/Drivers/STM32F1xx_HAL_Driver/Src/stm32f1xx_hal_tim.c.obj
 *fill*         0x08002de2        0x2 
 .text.HAL_TIM_Base_Start
                0x08002de4       0x5c CMakeFiles/STM32_MPU6050.elf.dir/Drivers/STM32F1xx_HAL_Driver/Src/stm32f1xx_hal_tim.c.obj
                0x08002de4                HAL_TIM_Base_Start
 .text.HAL_TIM_Base_Stop
                0x08002e40       0x28 CMakeFiles/STM32_MPU6050.elf.dir/Drivers/STM32F1xx_HAL_Driver/Src/stm32f1xx_hal_tim.c.obj
                0x08002e40                HAL_TIM_Base_Stop
 .text.HAL_TIM_Base_Start_IT
                0x08002e68       0x68 CMakeFiles/STM32_MPU6050.elf.dir/Drivers/STM32F1xx_HAL_Driver/Src/stm32f1xx_hal_tim.c.obj
                0x08002e68                HAL_TIM_Base_Start_IT
 .text.HAL_TIM_OC_DelayElapsedCallback
                0x08002ed0        0x2 CMakeFiles/STM32_MPU6050.elf.dir/Drivers/STM32F1xx_HAL_Driver/Src/stm32f1xx_hal_tim.c.obj
                0x08002ed0                HAL_TIM_OC_DelayElapsedCallback
 .text.HAL_TIM_IC_CaptureCallback
                0x08002ed2        0x2 CMakeFiles/STM32_MPU6050.elf.dir/Drivers/STM32F1xx_HAL_Driver/Src/stm32f1xx_hal_tim.c.obj
                0x08002ed2                HAL_TIM_IC_CaptureCallback
 .text.HAL_TIM_PWM_PulseFinishedCallback
                0x08002ed4        0x2 CMakeFiles/STM32_MPU6050.elf.dir/Drivers/STM32F1xx_HAL_Driver/Src/stm32f1xx_hal_tim.c.obj
                0x08002ed4                HAL_TIM_PWM_PulseFinishedCallback
 .text.HAL_TIM_TriggerCallback
                0x08002ed6        0x2 CMakeFiles/STM32_MPU6050.elf.dir/Drivers/STM32F1xx_HAL_Driver/Src/stm32f1xx_hal_tim.c.obj
                0x08002ed6                HAL_TIM_TriggerCallback
 .text.HAL_TIM_IRQHandler
                0x08002ed8      0x17a CMakeFiles/STM32_MPU6050.elf.dir/Drivers/STM32F1xx_HAL_Driver/Src/stm32f1xx_hal_tim.c.obj
                0x08002ed8                HAL_TIM_IRQHandler
 *fill*         0x08003052        0x2 
 .text.TIM_Base_SetConfig
                0x08003054       0x74 CMakeFiles/STM32_MPU6050.elf.dir/Drivers/STM32F1xx_HAL_Driver/Src/stm32f1xx_hal_tim.c.obj
                0x08003054                TIM_Base_SetConfig
 .text.HAL_TIM_Base_Init
                0x080030c8       0x58 CMakeFiles/STM32_MPU6050.elf.dir/Drivers/STM32F1xx_HAL_Driver/Src/stm32f1xx_hal_tim.c.obj
                0x080030c8                HAL_TIM_Base_Init
 .text.TIM_ETR_SetConfig
                0x08003120       0x18 CMakeFiles/STM32_MPU6050.elf.dir/Drivers/STM32F1xx_HAL_Driver/Src/stm32f1xx_hal_tim.c.obj
                0x08003120                TIM_ETR_SetConfig
 .text.HAL_TIM_ConfigClockSource
                0x08003138       0xfe CMakeFiles/STM32_MPU6050.elf.dir/Drivers/STM32F1xx_HAL_Driver/Src/stm32f1xx_hal_tim.c.obj
                0x08003138                HAL_TIM_ConfigClockSource
 *fill*         0x08003236        0x2 
 .text.HAL_TIMEx_MasterConfigSynchronization
                0x08003238       0x6c CMakeFiles/STM32_MPU6050.elf.dir/Drivers/STM32F1xx_HAL_Driver/Src/stm32f1xx_hal_tim_ex.c.obj
                0x08003238                HAL_TIMEx_MasterConfigSynchronization
 .text.HAL_TIMEx_CommutCallback
                0x080032a4        0x2 CMakeFiles/STM32_MPU6050.elf.dir/Drivers/STM32F1xx_HAL_Driver/Src/stm32f1xx_hal_tim_ex.c.obj
                0x080032a4                HAL_TIMEx_CommutCallback
 .text.HAL_TIMEx_BreakCallback
                0x080032a6        0x2 CMakeFiles/STM32_MPU6050.elf.dir/Drivers/STM32F1xx_HAL_Driver/Src/stm32f1xx_hal_tim_ex.c.obj
                0x080032a6                HAL_TIMEx_BreakCallback
 .text.UART_SetConfig
                0x080032a8       0x94 CMakeFiles/STM32_MPU6050.elf.dir/Drivers/STM32F1xx_HAL_Driver/Src/stm32f1xx_hal_uart.c.obj
 .text.UART_WaitOnFlagUntilTimeout
                0x0800333c       0x88 CMakeFiles/STM32_MPU6050.elf.dir/Drivers/STM32F1xx_HAL_Driver/Src/stm32f1xx_hal_uart.c.obj
 .text.HAL_UART_Init
                0x080033c4       0x60 CMakeFiles/STM32_MPU6050.elf.dir/Drivers/STM32F1xx_HAL_Driver/Src/stm32f1xx_hal_uart.c.obj
                0x080033c4                HAL_UART_Init
 .text.HAL_UART_Transmit
                0x08003424       0xbe CMakeFiles/STM32_MPU6050.elf.dir/Drivers/STM32F1xx_HAL_Driver/Src/stm32f1xx_hal_uart.c.obj
                0x08003424                HAL_UART_Transmit
 .text.HAL_UART_Receive
                0x080034e2       0xca CMakeFiles/STM32_MPU6050.elf.dir/Drivers/STM32F1xx_HAL_Driver/Src/stm32f1xx_hal_uart.c.obj
                0x080034e2                HAL_UART_Receive
 .text.__errno  0x080035ac        0xc e:/workspace/clion/gcc-arm-none-eabi-10.3-2021.10/bin/../lib/gcc/arm-none-eabi/10.3.1/../../../../arm-none-eabi/lib/thumb/v7-m/nofp\libg.a(lib_a-errno.o)
                0x080035ac                __errno
 .text.__libc_init_array
                0x080035b8       0x48 e:/workspace/clion/gcc-arm-none-eabi-10.3-2021.10/bin/../lib/gcc/arm-none-eabi/10.3.1/../../../../arm-none-eabi/lib/thumb/v7-m/nofp\libg.a(lib_a-init.o)
                0x080035b8                __libc_init_array
 .text.memset   0x08003600       0xa4 e:/workspace/clion/gcc-arm-none-eabi-10.3-2021.10/bin/../lib/gcc/arm-none-eabi/10.3.1/../../../../arm-none-eabi/lib/thumb/v7-m/nofp\libg.a(lib_a-memset.o)
                0x08003600                memset
 .text.printf   0x080036a4       0x28 e:/workspace/clion/gcc-arm-none-eabi-10.3-2021.10/bin/../lib/gcc/arm-none-eabi/10.3.1/../../../../arm-none-eabi/lib/thumb/v7-m/nofp\libg.a(lib_a-printf.o)
                0x080036a4                printf
 .text._puts_r  0x080036cc       0x9c e:/workspace/clion/gcc-arm-none-eabi-10.3-2021.10/bin/../lib/gcc/arm-none-eabi/10.3.1/../../../../arm-none-eabi/lib/thumb/v7-m/nofp\libg.a(lib_a-puts.o)
                0x080036cc                _puts_r
 .text.puts     0x08003768       0x10 e:/workspace/clion/gcc-arm-none-eabi-10.3-2021.10/bin/../lib/gcc/arm-none-eabi/10.3.1/../../../../arm-none-eabi/lib/thumb/v7-m/nofp\libg.a(lib_a-puts.o)
                0x08003768                puts
 .text.setvbuf  0x08003778      0x1b0 e:/workspace/clion/gcc-arm-none-eabi-10.3-2021.10/bin/../lib/gcc/arm-none-eabi/10.3.1/../../../../arm-none-eabi/lib/thumb/v7-m/nofp\libg.a(lib_a-setvbuf.o)
                0x08003778                setvbuf
 .text.strlen   0x08003928       0x5c e:/workspace/clion/gcc-arm-none-eabi-10.3-2021.10/bin/../lib/gcc/arm-none-eabi/10.3.1/../../../../arm-none-eabi/lib/thumb/v7-m/nofp\libg.a(lib_a-strlen-stub.o)
                0x08003928                strlen
 .text._vfprintf_r
                0x08003984     0x1b58 e:/workspace/clion/gcc-arm-none-eabi-10.3-2021.10/bin/../lib/gcc/arm-none-eabi/10.3.1/../../../../arm-none-eabi/lib/thumb/v7-m/nofp\libg.a(lib_a-vfprintf.o)
                0x08003984                _vfprintf_r
 .text.__sbprintf
                0x080054dc       0x84 e:/workspace/clion/gcc-arm-none-eabi-10.3-2021.10/bin/../lib/gcc/arm-none-eabi/10.3.1/../../../../arm-none-eabi/lib/thumb/v7-m/nofp\libg.a(lib_a-vfprintf.o)
 .text.__swsetup_r
                0x08005560       0xd4 e:/workspace/clion/gcc-arm-none-eabi-10.3-2021.10/bin/../lib/gcc/arm-none-eabi/10.3.1/../../../../arm-none-eabi/lib/thumb/v7-m/nofp\libg.a(lib_a-wsetup.o)
                0x08005560                __swsetup_r
 .text.startup.register_fini
                0x08005634       0x14 e:/workspace/clion/gcc-arm-none-eabi-10.3-2021.10/bin/../lib/gcc/arm-none-eabi/10.3.1/../../../../arm-none-eabi/lib/thumb/v7-m/nofp\libg.a(lib_a-__call_atexit.o)
 .text.atexit   0x08005648        0xc e:/workspace/clion/gcc-arm-none-eabi-10.3-2021.10/bin/../lib/gcc/arm-none-eabi/10.3.1/../../../../arm-none-eabi/lib/thumb/v7-m/nofp\libg.a(lib_a-atexit.o)
                0x08005648                atexit
 .text.quorem   0x08005654      0x12c e:/workspace/clion/gcc-arm-none-eabi-10.3-2021.10/bin/../lib/gcc/arm-none-eabi/10.3.1/../../../../arm-none-eabi/lib/thumb/v7-m/nofp\libg.a(lib_a-dtoa.o)
 .text._dtoa_r  0x08005780      0xecc e:/workspace/clion/gcc-arm-none-eabi-10.3-2021.10/bin/../lib/gcc/arm-none-eabi/10.3.1/../../../../arm-none-eabi/lib/thumb/v7-m/nofp\libg.a(lib_a-dtoa.o)
                0x08005780                _dtoa_r
 .text.__sflush_r
                0x0800664c      0x124 e:/workspace/clion/gcc-arm-none-eabi-10.3-2021.10/bin/../lib/gcc/arm-none-eabi/10.3.1/../../../../arm-none-eabi/lib/thumb/v7-m/nofp\libg.a(lib_a-fflush.o)
                0x0800664c                __sflush_r
 .text._fflush_r
                0x08006770       0x5c e:/workspace/clion/gcc-arm-none-eabi-10.3-2021.10/bin/../lib/gcc/arm-none-eabi/10.3.1/../../../../arm-none-eabi/lib/thumb/v7-m/nofp\libg.a(lib_a-fflush.o)
                0x08006770                _fflush_r
 .text._cleanup_r
                0x080067cc        0xc e:/workspace/clion/gcc-arm-none-eabi-10.3-2021.10/bin/../lib/gcc/arm-none-eabi/10.3.1/../../../../arm-none-eabi/lib/thumb/v7-m/nofp\libg.a(lib_a-findfp.o)
                0x080067cc                _cleanup_r
 .text.__sinit  0x080067d8      0x10c e:/workspace/clion/gcc-arm-none-eabi-10.3-2021.10/bin/../lib/gcc/arm-none-eabi/10.3.1/../../../../arm-none-eabi/lib/thumb/v7-m/nofp\libg.a(lib_a-findfp.o)
                0x080067d8                __sinit
 .text.__sfp_lock_acquire
                0x080068e4        0xc e:/workspace/clion/gcc-arm-none-eabi-10.3-2021.10/bin/../lib/gcc/arm-none-eabi/10.3.1/../../../../arm-none-eabi/lib/thumb/v7-m/nofp\libg.a(lib_a-findfp.o)
                0x080068e4                __sfp_lock_acquire
 .text.__sfp_lock_release
                0x080068f0        0xc e:/workspace/clion/gcc-arm-none-eabi-10.3-2021.10/bin/../lib/gcc/arm-none-eabi/10.3.1/../../../../arm-none-eabi/lib/thumb/v7-m/nofp\libg.a(lib_a-findfp.o)
                0x080068f0                __sfp_lock_release
 .text.__libc_fini_array
                0x080068fc       0x2c e:/workspace/clion/gcc-arm-none-eabi-10.3-2021.10/bin/../lib/gcc/arm-none-eabi/10.3.1/../../../../arm-none-eabi/lib/thumb/v7-m/nofp\libg.a(lib_a-fini.o)
                0x080068fc                __libc_fini_array
 .text._malloc_trim_r
                0x08006928       0xa0 e:/workspace/clion/gcc-arm-none-eabi-10.3-2021.10/bin/../lib/gcc/arm-none-eabi/10.3.1/../../../../arm-none-eabi/lib/thumb/v7-m/nofp\libg.a(lib_a-freer.o)
                0x08006928                _malloc_trim_r
 .text._free_r  0x080069c8      0x200 e:/workspace/clion/gcc-arm-none-eabi-10.3-2021.10/bin/../lib/gcc/arm-none-eabi/10.3.1/../../../../arm-none-eabi/lib/thumb/v7-m/nofp\libg.a(lib_a-freer.o)
                0x080069c8                _free_r
 .text.__sfvwrite_r
                0x08006bc8      0x2f0 e:/workspace/clion/gcc-arm-none-eabi-10.3-2021.10/bin/../lib/gcc/arm-none-eabi/10.3.1/../../../../arm-none-eabi/lib/thumb/v7-m/nofp\libg.a(lib_a-fvwrite.o)
                0x08006bc8                __sfvwrite_r
 .text._fwalk_reent
                0x08006eb8       0x48 e:/workspace/clion/gcc-arm-none-eabi-10.3-2021.10/bin/../lib/gcc/arm-none-eabi/10.3.1/../../../../arm-none-eabi/lib/thumb/v7-m/nofp\libg.a(lib_a-fwalk.o)
                0x08006eb8                _fwalk_reent
 .text._localeconv_r
                0x08006f00        0x8 e:/workspace/clion/gcc-arm-none-eabi-10.3-2021.10/bin/../lib/gcc/arm-none-eabi/10.3.1/../../../../arm-none-eabi/lib/thumb/v7-m/nofp\libg.a(lib_a-localeconv.o)
                0x08006f00                _localeconv_r
 .text.__retarget_lock_init_recursive
                0x08006f08        0x4 e:/workspace/clion/gcc-arm-none-eabi-10.3-2021.10/bin/../lib/gcc/arm-none-eabi/10.3.1/../../../../arm-none-eabi/lib/thumb/v7-m/nofp\libg.a(lib_a-lock.o)
                0x08006f08                __retarget_lock_init_recursive
 .text.__retarget_lock_close_recursive
                0x08006f0c        0x4 e:/workspace/clion/gcc-arm-none-eabi-10.3-2021.10/bin/../lib/gcc/arm-none-eabi/10.3.1/../../../../arm-none-eabi/lib/thumb/v7-m/nofp\libg.a(lib_a-lock.o)
                0x08006f0c                __retarget_lock_close_recursive
 .text.__retarget_lock_acquire_recursive
                0x08006f10        0x4 e:/workspace/clion/gcc-arm-none-eabi-10.3-2021.10/bin/../lib/gcc/arm-none-eabi/10.3.1/../../../../arm-none-eabi/lib/thumb/v7-m/nofp\libg.a(lib_a-lock.o)
                0x08006f10                __retarget_lock_acquire_recursive
 .text.__retarget_lock_release_recursive
                0x08006f14        0x4 e:/workspace/clion/gcc-arm-none-eabi-10.3-2021.10/bin/../lib/gcc/arm-none-eabi/10.3.1/../../../../arm-none-eabi/lib/thumb/v7-m/nofp\libg.a(lib_a-lock.o)
                0x08006f14                __retarget_lock_release_recursive
 .text.__smakebuf_r
                0x08006f18       0xe0 e:/workspace/clion/gcc-arm-none-eabi-10.3-2021.10/bin/../lib/gcc/arm-none-eabi/10.3.1/../../../../arm-none-eabi/lib/thumb/v7-m/nofp\libg.a(lib_a-makebuf.o)
                0x08006f18                __smakebuf_r
 .text.__swhatbuf_r
                0x08006ff8       0x60 e:/workspace/clion/gcc-arm-none-eabi-10.3-2021.10/bin/../lib/gcc/arm-none-eabi/10.3.1/../../../../arm-none-eabi/lib/thumb/v7-m/nofp\libg.a(lib_a-makebuf.o)
                0x08006ff8                __swhatbuf_r
 .text.malloc   0x08007058       0x10 e:/workspace/clion/gcc-arm-none-eabi-10.3-2021.10/bin/../lib/gcc/arm-none-eabi/10.3.1/../../../../arm-none-eabi/lib/thumb/v7-m/nofp\libg.a(lib_a-malloc.o)
                0x08007058                malloc
 .text._malloc_r
                0x08007068      0x558 e:/workspace/clion/gcc-arm-none-eabi-10.3-2021.10/bin/../lib/gcc/arm-none-eabi/10.3.1/../../../../arm-none-eabi/lib/thumb/v7-m/nofp\libg.a(lib_a-mallocr.o)
                0x08007068                _malloc_r
 .text.memchr   0x080075c0       0x90 e:/workspace/clion/gcc-arm-none-eabi-10.3-2021.10/bin/../lib/gcc/arm-none-eabi/10.3.1/../../../../arm-none-eabi/lib/thumb/v7-m/nofp\libg.a(lib_a-memchr-stub.o)
                0x080075c0                memchr
 .text.memmove  0x08007650       0xf8 e:/workspace/clion/gcc-arm-none-eabi-10.3-2021.10/bin/../lib/gcc/arm-none-eabi/10.3.1/../../../../arm-none-eabi/lib/thumb/v7-m/nofp\libg.a(lib_a-memmove.o)
                0x08007650                memmove
 .text.__malloc_lock
                0x08007748        0xc e:/workspace/clion/gcc-arm-none-eabi-10.3-2021.10/bin/../lib/gcc/arm-none-eabi/10.3.1/../../../../arm-none-eabi/lib/thumb/v7-m/nofp\libg.a(lib_a-mlock.o)
                0x08007748                __malloc_lock
 .text.__malloc_unlock
                0x08007754        0xc e:/workspace/clion/gcc-arm-none-eabi-10.3-2021.10/bin/../lib/gcc/arm-none-eabi/10.3.1/../../../../arm-none-eabi/lib/thumb/v7-m/nofp\libg.a(lib_a-mlock.o)
                0x08007754                __malloc_unlock
 .text._Balloc  0x08007760       0x4c e:/workspace/clion/gcc-arm-none-eabi-10.3-2021.10/bin/../lib/gcc/arm-none-eabi/10.3.1/../../../../arm-none-eabi/lib/thumb/v7-m/nofp\libg.a(lib_a-mprec.o)
                0x08007760                _Balloc
 .text._Bfree   0x080077ac       0x14 e:/workspace/clion/gcc-arm-none-eabi-10.3-2021.10/bin/../lib/gcc/arm-none-eabi/10.3.1/../../../../arm-none-eabi/lib/thumb/v7-m/nofp\libg.a(lib_a-mprec.o)
                0x080077ac                _Bfree
 .text.__multadd
                0x080077c0       0xa4 e:/workspace/clion/gcc-arm-none-eabi-10.3-2021.10/bin/../lib/gcc/arm-none-eabi/10.3.1/../../../../arm-none-eabi/lib/thumb/v7-m/nofp\libg.a(lib_a-mprec.o)
                0x080077c0                __multadd
 .text.__hi0bits
                0x08007864       0x40 e:/workspace/clion/gcc-arm-none-eabi-10.3-2021.10/bin/../lib/gcc/arm-none-eabi/10.3.1/../../../../arm-none-eabi/lib/thumb/v7-m/nofp\libg.a(lib_a-mprec.o)
                0x08007864                __hi0bits
 .text.__lo0bits
                0x080078a4       0x58 e:/workspace/clion/gcc-arm-none-eabi-10.3-2021.10/bin/../lib/gcc/arm-none-eabi/10.3.1/../../../../arm-none-eabi/lib/thumb/v7-m/nofp\libg.a(lib_a-mprec.o)
                0x080078a4                __lo0bits
 .text.__i2b    0x080078fc       0x5c e:/workspace/clion/gcc-arm-none-eabi-10.3-2021.10/bin/../lib/gcc/arm-none-eabi/10.3.1/../../../../arm-none-eabi/lib/thumb/v7-m/nofp\libg.a(lib_a-mprec.o)
                0x080078fc                __i2b
 .text.__multiply
                0x08007958      0x15c e:/workspace/clion/gcc-arm-none-eabi-10.3-2021.10/bin/../lib/gcc/arm-none-eabi/10.3.1/../../../../arm-none-eabi/lib/thumb/v7-m/nofp\libg.a(lib_a-mprec.o)
                0x08007958                __multiply
 .text.__pow5mult
                0x08007ab4       0xb8 e:/workspace/clion/gcc-arm-none-eabi-10.3-2021.10/bin/../lib/gcc/arm-none-eabi/10.3.1/../../../../arm-none-eabi/lib/thumb/v7-m/nofp\libg.a(lib_a-mprec.o)
                0x08007ab4                __pow5mult
 .text.__lshift
                0x08007b6c       0xec e:/workspace/clion/gcc-arm-none-eabi-10.3-2021.10/bin/../lib/gcc/arm-none-eabi/10.3.1/../../../../arm-none-eabi/lib/thumb/v7-m/nofp\libg.a(lib_a-mprec.o)
                0x08007b6c                __lshift
 .text.__mcmp   0x08007c58       0x40 e:/workspace/clion/gcc-arm-none-eabi-10.3-2021.10/bin/../lib/gcc/arm-none-eabi/10.3.1/../../../../arm-none-eabi/lib/thumb/v7-m/nofp\libg.a(lib_a-mprec.o)
                0x08007c58                __mcmp
 .text.__mdiff  0x08007c98      0x14c e:/workspace/clion/gcc-arm-none-eabi-10.3-2021.10/bin/../lib/gcc/arm-none-eabi/10.3.1/../../../../arm-none-eabi/lib/thumb/v7-m/nofp\libg.a(lib_a-mprec.o)
                0x08007c98                __mdiff
 .text.__d2b    0x08007de4       0xc4 e:/workspace/clion/gcc-arm-none-eabi-10.3-2021.10/bin/../lib/gcc/arm-none-eabi/10.3.1/../../../../arm-none-eabi/lib/thumb/v7-m/nofp\libg.a(lib_a-mprec.o)
                0x08007de4                __d2b
 .text._realloc_r
                0x08007ea8      0x3dc e:/workspace/clion/gcc-arm-none-eabi-10.3-2021.10/bin/../lib/gcc/arm-none-eabi/10.3.1/../../../../arm-none-eabi/lib/thumb/v7-m/nofp\libg.a(lib_a-reallocr.o)
                0x08007ea8                _realloc_r
 .text.frexp    0x08008284       0x70 e:/workspace/clion/gcc-arm-none-eabi-10.3-2021.10/bin/../lib/gcc/arm-none-eabi/10.3.1/../../../../arm-none-eabi/lib/thumb/v7-m/nofp\libg.a(lib_a-s_frexp.o)
                0x08008284                frexp
 .text._sbrk_r  0x080082f4       0x24 e:/workspace/clion/gcc-arm-none-eabi-10.3-2021.10/bin/../lib/gcc/arm-none-eabi/10.3.1/../../../../arm-none-eabi/lib/thumb/v7-m/nofp\libg.a(lib_a-sbrkr.o)
                0x080082f4                _sbrk_r
 .text.__sread  0x08008318       0x24 e:/workspace/clion/gcc-arm-none-eabi-10.3-2021.10/bin/../lib/gcc/arm-none-eabi/10.3.1/../../../../arm-none-eabi/lib/thumb/v7-m/nofp\libg.a(lib_a-stdio.o)
                0x08008318                __sread
 .text.__swrite
                0x0800833c       0x40 e:/workspace/clion/gcc-arm-none-eabi-10.3-2021.10/bin/../lib/gcc/arm-none-eabi/10.3.1/../../../../arm-none-eabi/lib/thumb/v7-m/nofp\libg.a(lib_a-stdio.o)
                0x0800833c                __swrite
 .text.__sseek  0x0800837c       0x20 e:/workspace/clion/gcc-arm-none-eabi-10.3-2021.10/bin/../lib/gcc/arm-none-eabi/10.3.1/../../../../arm-none-eabi/lib/thumb/v7-m/nofp\libg.a(lib_a-stdio.o)
                0x0800837c                __sseek
 .text.__sclose
                0x0800839c        0x8 e:/workspace/clion/gcc-arm-none-eabi-10.3-2021.10/bin/../lib/gcc/arm-none-eabi/10.3.1/../../../../arm-none-eabi/lib/thumb/v7-m/nofp\libg.a(lib_a-stdio.o)
                0x0800839c                __sclose
 .text.strncpy  0x080083a4       0x68 e:/workspace/clion/gcc-arm-none-eabi-10.3-2021.10/bin/../lib/gcc/arm-none-eabi/10.3.1/../../../../arm-none-eabi/lib/thumb/v7-m/nofp\libg.a(lib_a-strncpy.o)
                0x080083a4                strncpy
 .text.__sprint_r.part.0
                0x0800840c       0x78 e:/workspace/clion/gcc-arm-none-eabi-10.3-2021.10/bin/../lib/gcc/arm-none-eabi/10.3.1/../../../../arm-none-eabi/lib/thumb/v7-m/nofp\libg.a(lib_a-vfiprintf.o)
 .text.__sprint_r
                0x08008484       0x14 e:/workspace/clion/gcc-arm-none-eabi-10.3-2021.10/bin/../lib/gcc/arm-none-eabi/10.3.1/../../../../arm-none-eabi/lib/thumb/v7-m/nofp\libg.a(lib_a-vfiprintf.o)
                0x08008484                __sprint_r
 .text._vfiprintf_r
                0x08008498      0xd98 e:/workspace/clion/gcc-arm-none-eabi-10.3-2021.10/bin/../lib/gcc/arm-none-eabi/10.3.1/../../../../arm-none-eabi/lib/thumb/v7-m/nofp\libg.a(lib_a-vfiprintf.o)
                0x08008498                _vfiprintf_r
 .text.__sbprintf
                0x08009230       0x84 e:/workspace/clion/gcc-arm-none-eabi-10.3-2021.10/bin/../lib/gcc/arm-none-eabi/10.3.1/../../../../arm-none-eabi/lib/thumb/v7-m/nofp\libg.a(lib_a-vfiprintf.o)
 .text._write_r
                0x080092b4       0x2c e:/workspace/clion/gcc-arm-none-eabi-10.3-2021.10/bin/../lib/gcc/arm-none-eabi/10.3.1/../../../../arm-none-eabi/lib/thumb/v7-m/nofp\libg.a(lib_a-writer.o)
                0x080092b4                _write_r
 .text.__register_exitproc
                0x080092e0       0x8c e:/workspace/clion/gcc-arm-none-eabi-10.3-2021.10/bin/../lib/gcc/arm-none-eabi/10.3.1/../../../../arm-none-eabi/lib/thumb/v7-m/nofp\libg.a(lib_a-__atexit.o)
                0x080092e0                __register_exitproc
 .text.__assert_func
                0x0800936c       0x40 e:/workspace/clion/gcc-arm-none-eabi-10.3-2021.10/bin/../lib/gcc/arm-none-eabi/10.3.1/../../../../arm-none-eabi/lib/thumb/v7-m/nofp\libg.a(lib_a-assert.o)
                0x0800936c                __assert_func
 .text._calloc_r
                0x080093ac       0x78 e:/workspace/clion/gcc-arm-none-eabi-10.3-2021.10/bin/../lib/gcc/arm-none-eabi/10.3.1/../../../../arm-none-eabi/lib/thumb/v7-m/nofp\libg.a(lib_a-callocr.o)
                0x080093ac                _calloc_r
 .text._close_r
                0x08009424       0x24 e:/workspace/clion/gcc-arm-none-eabi-10.3-2021.10/bin/../lib/gcc/arm-none-eabi/10.3.1/../../../../arm-none-eabi/lib/thumb/v7-m/nofp\libg.a(lib_a-closer.o)
                0x08009424                _close_r
 .text._fclose_r
                0x08009448       0xcc e:/workspace/clion/gcc-arm-none-eabi-10.3-2021.10/bin/../lib/gcc/arm-none-eabi/10.3.1/../../../../arm-none-eabi/lib/thumb/v7-m/nofp\libg.a(lib_a-fclose.o)
                0x08009448                _fclose_r
 .text.fiprintf
                0x08009514       0x28 e:/workspace/clion/gcc-arm-none-eabi-10.3-2021.10/bin/../lib/gcc/arm-none-eabi/10.3.1/../../../../arm-none-eabi/lib/thumb/v7-m/nofp\libg.a(lib_a-fiprintf.o)
                0x08009514                fiprintf
 .text.__fputwc
                0x0800953c       0xa0 e:/workspace/clion/gcc-arm-none-eabi-10.3-2021.10/bin/../lib/gcc/arm-none-eabi/10.3.1/../../../../arm-none-eabi/lib/thumb/v7-m/nofp\libg.a(lib_a-fputwc.o)
                0x0800953c                __fputwc
 .text._fputwc_r
                0x080095dc       0x68 e:/workspace/clion/gcc-arm-none-eabi-10.3-2021.10/bin/../lib/gcc/arm-none-eabi/10.3.1/../../../../arm-none-eabi/lib/thumb/v7-m/nofp\libg.a(lib_a-fputwc.o)
                0x080095dc                _fputwc_r
 .text._fstat_r
                0x08009644       0x28 e:/workspace/clion/gcc-arm-none-eabi-10.3-2021.10/bin/../lib/gcc/arm-none-eabi/10.3.1/../../../../arm-none-eabi/lib/thumb/v7-m/nofp\libg.a(lib_a-fstatr.o)
                0x08009644                _fstat_r
 .text._isatty_r
                0x0800966c       0x24 e:/workspace/clion/gcc-arm-none-eabi-10.3-2021.10/bin/../lib/gcc/arm-none-eabi/10.3.1/../../../../arm-none-eabi/lib/thumb/v7-m/nofp\libg.a(lib_a-isattyr.o)
                0x0800966c                _isatty_r
 .text.__locale_mb_cur_max
                0x08009690        0xc e:/workspace/clion/gcc-arm-none-eabi-10.3-2021.10/bin/../lib/gcc/arm-none-eabi/10.3.1/../../../../arm-none-eabi/lib/thumb/v7-m/nofp\libg.a(lib_a-locale.o)
                0x08009690                __locale_mb_cur_max
 .text._lseek_r
                0x0800969c       0x2c e:/workspace/clion/gcc-arm-none-eabi-10.3-2021.10/bin/../lib/gcc/arm-none-eabi/10.3.1/../../../../arm-none-eabi/lib/thumb/v7-m/nofp\libg.a(lib_a-lseekr.o)
                0x0800969c                _lseek_r
 .text.__ascii_mbtowc
                0x080096c8       0x2c e:/workspace/clion/gcc-arm-none-eabi-10.3-2021.10/bin/../lib/gcc/arm-none-eabi/10.3.1/../../../../arm-none-eabi/lib/thumb/v7-m/nofp\libg.a(lib_a-mbtowc_r.o)
                0x080096c8                __ascii_mbtowc
 .text._read_r  0x080096f4       0x2c e:/workspace/clion/gcc-arm-none-eabi-10.3-2021.10/bin/../lib/gcc/arm-none-eabi/10.3.1/../../../../arm-none-eabi/lib/thumb/v7-m/nofp\libg.a(lib_a-readr.o)
                0x080096f4                _read_r
 .text.__swbuf_r
                0x08009720       0xb0 e:/workspace/clion/gcc-arm-none-eabi-10.3-2021.10/bin/../lib/gcc/arm-none-eabi/10.3.1/../../../../arm-none-eabi/lib/thumb/v7-m/nofp\libg.a(lib_a-wbuf.o)
                0x08009720                __swbuf_r
 .text._wcrtomb_r
                0x080097d0       0x3c e:/workspace/clion/gcc-arm-none-eabi-10.3-2021.10/bin/../lib/gcc/arm-none-eabi/10.3.1/../../../../arm-none-eabi/lib/thumb/v7-m/nofp\libg.a(lib_a-wcrtomb.o)
                0x080097d0                _wcrtomb_r
 .text.__ascii_wctomb
                0x0800980c       0x1c e:/workspace/clion/gcc-arm-none-eabi-10.3-2021.10/bin/../lib/gcc/arm-none-eabi/10.3.1/../../../../arm-none-eabi/lib/thumb/v7-m/nofp\libg.a(lib_a-wctomb_r.o)
                0x0800980c                __ascii_wctomb
 .text.abort    0x08009828       0x10 e:/workspace/clion/gcc-arm-none-eabi-10.3-2021.10/bin/../lib/gcc/arm-none-eabi/10.3.1/../../../../arm-none-eabi/lib/thumb/v7-m/nofp\libg.a(lib_a-abort.o)
                0x08009828                abort
 .text.raise    0x08009838       0x5c e:/workspace/clion/gcc-arm-none-eabi-10.3-2021.10/bin/../lib/gcc/arm-none-eabi/10.3.1/../../../../arm-none-eabi/lib/thumb/v7-m/nofp\libg.a(lib_a-signal.o)
                0x08009838                raise
 .text._kill_r  0x08009894       0x28 e:/workspace/clion/gcc-arm-none-eabi-10.3-2021.10/bin/../lib/gcc/arm-none-eabi/10.3.1/../../../../arm-none-eabi/lib/thumb/v7-m/nofp\libg.a(lib_a-signalr.o)
                0x08009894                _kill_r
 .text._getpid_r
                0x080098bc        0x4 e:/workspace/clion/gcc-arm-none-eabi-10.3-2021.10/bin/../lib/gcc/arm-none-eabi/10.3.1/../../../../arm-none-eabi/lib/thumb/v7-m/nofp\libg.a(lib_a-signalr.o)
                0x080098bc                _getpid_r
 .text.asin     0x080098c0       0x50 e:/workspace/clion/gcc-arm-none-eabi-10.3-2021.10/bin/../lib/gcc/arm-none-eabi/10.3.1/../../../../arm-none-eabi/lib/thumb/v7-m/nofp\libm.a(lib_a-w_asin.o)
                0x080098c0                asin
 .text.atan2    0x08009910        0x4 e:/workspace/clion/gcc-arm-none-eabi-10.3-2021.10/bin/../lib/gcc/arm-none-eabi/10.3.1/../../../../arm-none-eabi/lib/thumb/v7-m/nofp\libm.a(lib_a-w_atan2.o)
                0x08009910                atan2
 *fill*         0x08009914        0x4 
 .text.__ieee754_asin
                0x08009918      0x474 e:/workspace/clion/gcc-arm-none-eabi-10.3-2021.10/bin/../lib/gcc/arm-none-eabi/10.3.1/../../../../arm-none-eabi/lib/thumb/v7-m/nofp\libm.a(lib_a-e_asin.o)
                0x08009918                __ieee754_asin
 *fill*         0x08009d8c        0x4 
 .text.__ieee754_atan2
                0x08009d90      0x194 e:/workspace/clion/gcc-arm-none-eabi-10.3-2021.10/bin/../lib/gcc/arm-none-eabi/10.3.1/../../../../arm-none-eabi/lib/thumb/v7-m/nofp\libm.a(lib_a-e_atan2.o)
                0x08009d90                __ieee754_atan2
 .text.__ieee754_sqrt
                0x08009f24      0x18c e:/workspace/clion/gcc-arm-none-eabi-10.3-2021.10/bin/../lib/gcc/arm-none-eabi/10.3.1/../../../../arm-none-eabi/lib/thumb/v7-m/nofp\libm.a(lib_a-e_sqrt.o)
                0x08009f24                __ieee754_sqrt
 .text.atan     0x0800a0b0      0x31c e:/workspace/clion/gcc-arm-none-eabi-10.3-2021.10/bin/../lib/gcc/arm-none-eabi/10.3.1/../../../../arm-none-eabi/lib/thumb/v7-m/nofp\libm.a(lib_a-s_atan.o)
                0x0800a0b0                atan
 .text.fabs     0x0800a3cc        0x8 e:/workspace/clion/gcc-arm-none-eabi-10.3-2021.10/bin/../lib/gcc/arm-none-eabi/10.3.1/../../../../arm-none-eabi/lib/thumb/v7-m/nofp\libm.a(lib_a-s_fabs.o)
                0x0800a3cc                fabs
 .text.nan      0x0800a3d4        0xc e:/workspace/clion/gcc-arm-none-eabi-10.3-2021.10/bin/../lib/gcc/arm-none-eabi/10.3.1/../../../../arm-none-eabi/lib/thumb/v7-m/nofp\libm.a(lib_a-s_nan.o)
                0x0800a3d4                nan
 *(.glue_7)
 .glue_7        0x0800a3e0        0x0 linker stubs
 *(.glue_7t)
 .glue_7t       0x0800a3e0        0x0 linker stubs
 *(.eh_frame)
 .eh_frame      0x0800a3e0        0x0 e:/workspace/clion/gcc-arm-none-eabi-10.3-2021.10/bin/../lib/gcc/arm-none-eabi/10.3.1/thumb/v7-m/nofp/crtbegin.o
 *(.init)
 .init          0x0800a3e0        0x4 e:/workspace/clion/gcc-arm-none-eabi-10.3-2021.10/bin/../lib/gcc/arm-none-eabi/10.3.1/thumb/v7-m/nofp/crti.o
                0x0800a3e0                _init
 .init          0x0800a3e4        0x8 e:/workspace/clion/gcc-arm-none-eabi-10.3-2021.10/bin/../lib/gcc/arm-none-eabi/10.3.1/thumb/v7-m/nofp/crtn.o
 *(.fini)
 .fini          0x0800a3ec        0x4 e:/workspace/clion/gcc-arm-none-eabi-10.3-2021.10/bin/../lib/gcc/arm-none-eabi/10.3.1/thumb/v7-m/nofp/crti.o
                0x0800a3ec                _fini
 .fini          0x0800a3f0        0x8 e:/workspace/clion/gcc-arm-none-eabi-10.3-2021.10/bin/../lib/gcc/arm-none-eabi/10.3.1/thumb/v7-m/nofp/crtn.o
                0x0800a3f8                . = ALIGN (0x4)
                0x0800a3f8                _etext = .

.vfp11_veneer   0x0800a3f8        0x0
 .vfp11_veneer  0x0800a3f8        0x0 linker stubs

.v4_bx          0x0800a3f8        0x0
 .v4_bx         0x0800a3f8        0x0 linker stubs

.iplt           0x0800a3f8        0x0
 .iplt          0x0800a3f8        0x0 e:/workspace/clion/gcc-arm-none-eabi-10.3-2021.10/bin/../lib/gcc/arm-none-eabi/10.3.1/thumb/v7-m/nofp/crtbegin.o

.rodata         0x0800a3f8      0x4b0
                0x0800a3f8                . = ALIGN (0x4)
 *(.rodata)
 *(.rodata*)
 .rodata.HAL_TIM_PeriodElapsedCallback.str1.4
                0x0800a3f8        0x5 CMakeFiles/STM32_MPU6050.elf.dir/Core/Src/main.c.obj
 *fill*         0x0800a3fd        0x3 
 .rodata.MPU6050_WriteReg.str1.4
                0x0800a400        0x9 CMakeFiles/STM32_MPU6050.elf.dir/Core/Src/mpu6050.c.obj
                                 0x11 (size before relaxing)
 *fill*         0x0800a409        0x3 
 .rodata.AHBPrescTable
                0x0800a40c       0x10 CMakeFiles/STM32_MPU6050.elf.dir/Core/Src/system_stm32f1xx.c.obj
                0x0800a40c                AHBPrescTable
 .rodata.APBPrescTable
                0x0800a41c        0x8 CMakeFiles/STM32_MPU6050.elf.dir/Core/Src/system_stm32f1xx.c.obj
                0x0800a41c                APBPrescTable
 .rodata.aPLLMULFactorTable.1
                0x0800a424       0x10 CMakeFiles/STM32_MPU6050.elf.dir/Drivers/STM32F1xx_HAL_Driver/Src/stm32f1xx_hal_rcc.c.obj
 .rodata.aPredivFactorTable.0
                0x0800a434        0x2 CMakeFiles/STM32_MPU6050.elf.dir/Drivers/STM32F1xx_HAL_Driver/Src/stm32f1xx_hal_rcc.c.obj
 *fill*         0x0800a436        0x2 
 .rodata._global_impure_ptr
                0x0800a438        0x4 e:/workspace/clion/gcc-arm-none-eabi-10.3-2021.10/bin/../lib/gcc/arm-none-eabi/10.3.1/../../../../arm-none-eabi/lib/thumb/v7-m/nofp\libg.a(lib_a-impure.o)
                0x0800a438                _global_impure_ptr
 .rodata._puts_r.str1.4
                0x0800a43c        0x2 e:/workspace/clion/gcc-arm-none-eabi-10.3-2021.10/bin/../lib/gcc/arm-none-eabi/10.3.1/../../../../arm-none-eabi/lib/thumb/v7-m/nofp\libg.a(lib_a-puts.o)
 *fill*         0x0800a43e        0x2 
 .rodata._vfprintf_r.str1.4
                0x0800a440       0x42 e:/workspace/clion/gcc-arm-none-eabi-10.3-2021.10/bin/../lib/gcc/arm-none-eabi/10.3.1/../../../../arm-none-eabi/lib/thumb/v7-m/nofp\libg.a(lib_a-vfprintf.o)
 *fill*         0x0800a482        0x2 
 .rodata.blanks.1
                0x0800a484       0x10 e:/workspace/clion/gcc-arm-none-eabi-10.3-2021.10/bin/../lib/gcc/arm-none-eabi/10.3.1/../../../../arm-none-eabi/lib/thumb/v7-m/nofp\libg.a(lib_a-vfprintf.o)
 .rodata.zeroes.0
                0x0800a494       0x10 e:/workspace/clion/gcc-arm-none-eabi-10.3-2021.10/bin/../lib/gcc/arm-none-eabi/10.3.1/../../../../arm-none-eabi/lib/thumb/v7-m/nofp\libg.a(lib_a-vfprintf.o)
 .rodata._dtoa_r.str1.4
                0x0800a4a4       0xa2 e:/workspace/clion/gcc-arm-none-eabi-10.3-2021.10/bin/../lib/gcc/arm-none-eabi/10.3.1/../../../../arm-none-eabi/lib/thumb/v7-m/nofp\libg.a(lib_a-dtoa.o)
                                 0xa6 (size before relaxing)
 *fill*         0x0800a546        0x2 
 .rodata.__multadd.str1.4
                0x0800a548       0x7f e:/workspace/clion/gcc-arm-none-eabi-10.3-2021.10/bin/../lib/gcc/arm-none-eabi/10.3.1/../../../../arm-none-eabi/lib/thumb/v7-m/nofp\libg.a(lib_a-mprec.o)
                                 0x93 (size before relaxing)
 *fill*         0x0800a5c7        0x1 
 .rodata.__mprec_bigtens
                0x0800a5c8       0x28 e:/workspace/clion/gcc-arm-none-eabi-10.3-2021.10/bin/../lib/gcc/arm-none-eabi/10.3.1/../../../../arm-none-eabi/lib/thumb/v7-m/nofp\libg.a(lib_a-mprec.o)
                0x0800a5c8                __mprec_bigtens
 .rodata.__mprec_tens
                0x0800a5f0       0xc8 e:/workspace/clion/gcc-arm-none-eabi-10.3-2021.10/bin/../lib/gcc/arm-none-eabi/10.3.1/../../../../arm-none-eabi/lib/thumb/v7-m/nofp\libg.a(lib_a-mprec.o)
                0x0800a5f0                __mprec_tens
 .rodata.p05.0  0x0800a6b8        0xc e:/workspace/clion/gcc-arm-none-eabi-10.3-2021.10/bin/../lib/gcc/arm-none-eabi/10.3.1/../../../../arm-none-eabi/lib/thumb/v7-m/nofp\libg.a(lib_a-mprec.o)
 .rodata._vfiprintf_r.str1.4
                0x0800a6c4       0x2f e:/workspace/clion/gcc-arm-none-eabi-10.3-2021.10/bin/../lib/gcc/arm-none-eabi/10.3.1/../../../../arm-none-eabi/lib/thumb/v7-m/nofp\libg.a(lib_a-vfiprintf.o)
 .rodata.blanks.1
                0x0800a6c4       0x10 e:/workspace/clion/gcc-arm-none-eabi-10.3-2021.10/bin/../lib/gcc/arm-none-eabi/10.3.1/../../../../arm-none-eabi/lib/thumb/v7-m/nofp\libg.a(lib_a-vfiprintf.o)
 .rodata.zeroes.0
                0x0800a6d4       0x10 e:/workspace/clion/gcc-arm-none-eabi-10.3-2021.10/bin/../lib/gcc/arm-none-eabi/10.3.1/../../../../arm-none-eabi/lib/thumb/v7-m/nofp\libg.a(lib_a-vfiprintf.o)
 .rodata.__assert_func.str1.4
                0x0800a6e4       0x3f e:/workspace/clion/gcc-arm-none-eabi-10.3-2021.10/bin/../lib/gcc/arm-none-eabi/10.3.1/../../../../arm-none-eabi/lib/thumb/v7-m/nofp\libg.a(lib_a-assert.o)
                                 0x43 (size before relaxing)
 *fill*         0x0800a723        0x1 
 .rodata._setlocale_r.str1.4
                0x0800a724        0xa e:/workspace/clion/gcc-arm-none-eabi-10.3-2021.10/bin/../lib/gcc/arm-none-eabi/10.3.1/../../../../arm-none-eabi/lib/thumb/v7-m/nofp\libg.a(lib_a-locale.o)
                                  0xd (size before relaxing)
 *fill*         0x0800a72e        0x2 
 .rodata.str1.4
                0x0800a730        0x2 e:/workspace/clion/gcc-arm-none-eabi-10.3-2021.10/bin/../lib/gcc/arm-none-eabi/10.3.1/../../../../arm-none-eabi/lib/thumb/v7-m/nofp\libg.a(lib_a-locale.o)
 *fill*         0x0800a732        0x2 
 .rodata._ctype_
                0x0800a734      0x101 e:/workspace/clion/gcc-arm-none-eabi-10.3-2021.10/bin/../lib/gcc/arm-none-eabi/10.3.1/../../../../arm-none-eabi/lib/thumb/v7-m/nofp\libg.a(lib_a-ctype_.o)
                0x0800a734                _ctype_
 .rodata.asin.str1.4
                0x0800a835        0x1 e:/workspace/clion/gcc-arm-none-eabi-10.3-2021.10/bin/../lib/gcc/arm-none-eabi/10.3.1/../../../../arm-none-eabi/lib/thumb/v7-m/nofp\libm.a(lib_a-w_asin.o)
 *fill*         0x0800a835        0x3 
 .rodata.CSWTCH.8
                0x0800a838       0x18 e:/workspace/clion/gcc-arm-none-eabi-10.3-2021.10/bin/../lib/gcc/arm-none-eabi/10.3.1/../../../../arm-none-eabi/lib/thumb/v7-m/nofp\libm.a(lib_a-e_atan2.o)
 .rodata.CSWTCH.9
                0x0800a850       0x18 e:/workspace/clion/gcc-arm-none-eabi-10.3-2021.10/bin/../lib/gcc/arm-none-eabi/10.3.1/../../../../arm-none-eabi/lib/thumb/v7-m/nofp\libm.a(lib_a-e_atan2.o)
 .rodata.atanhi
                0x0800a868       0x20 e:/workspace/clion/gcc-arm-none-eabi-10.3-2021.10/bin/../lib/gcc/arm-none-eabi/10.3.1/../../../../arm-none-eabi/lib/thumb/v7-m/nofp\libm.a(lib_a-s_atan.o)
 .rodata.atanlo
                0x0800a888       0x20 e:/workspace/clion/gcc-arm-none-eabi-10.3-2021.10/bin/../lib/gcc/arm-none-eabi/10.3.1/../../../../arm-none-eabi/lib/thumb/v7-m/nofp\libm.a(lib_a-s_atan.o)
                0x0800a8a8                . = ALIGN (0x4)

.ARM.extab      0x0800a8a8        0x0
                0x0800a8a8                . = ALIGN (0x4)
 *(.ARM.extab* .gnu.linkonce.armextab.*)
                0x0800a8a8                . = ALIGN (0x4)

.ARM            0x0800a8a8        0x8
                0x0800a8a8                . = ALIGN (0x4)
                0x0800a8a8                __exidx_start = .
 *(.ARM.exidx*)
 .ARM.exidx     0x0800a8a8        0x8 e:/workspace/clion/gcc-arm-none-eabi-10.3-2021.10/bin/../lib/gcc/arm-none-eabi/10.3.1/thumb/v7-m/nofp\libgcc.a(_udivmoddi4.o)
                0x0800a8b0                __exidx_end = .
                0x0800a8b0                . = ALIGN (0x4)

.rel.dyn        0x0800a8b0        0x0
 .rel.iplt      0x0800a8b0        0x0 e:/workspace/clion/gcc-arm-none-eabi-10.3-2021.10/bin/../lib/gcc/arm-none-eabi/10.3.1/thumb/v7-m/nofp/crtbegin.o

.preinit_array  0x0800a8b0        0x0
                0x0800a8b0                . = ALIGN (0x4)
                0x0800a8b0                PROVIDE (__preinit_array_start = .)
 *(.preinit_array*)
                0x0800a8b0                PROVIDE (__preinit_array_end = .)
                0x0800a8b0                . = ALIGN (0x4)

.init_array     0x0800a8b0        0x8
                0x0800a8b0                . = ALIGN (0x4)
                0x0800a8b0                PROVIDE (__init_array_start = .)
 *(SORT_BY_NAME(.init_array.*))
 .init_array.00000
                0x0800a8b0        0x4 e:/workspace/clion/gcc-arm-none-eabi-10.3-2021.10/bin/../lib/gcc/arm-none-eabi/10.3.1/../../../../arm-none-eabi/lib/thumb/v7-m/nofp\libg.a(lib_a-__call_atexit.o)
 *(.init_array*)
 .init_array    0x0800a8b4        0x4 e:/workspace/clion/gcc-arm-none-eabi-10.3-2021.10/bin/../lib/gcc/arm-none-eabi/10.3.1/thumb/v7-m/nofp/crtbegin.o
                0x0800a8b8                PROVIDE (__init_array_end = .)
                0x0800a8b8                . = ALIGN (0x4)

.fini_array     0x0800a8b8        0x4
                0x0800a8b8                . = ALIGN (0x4)
                0x0800a8b8                PROVIDE (__fini_array_start = .)
 *(SORT_BY_NAME(.fini_array.*))
 *(.fini_array*)
 .fini_array    0x0800a8b8        0x4 e:/workspace/clion/gcc-arm-none-eabi-10.3-2021.10/bin/../lib/gcc/arm-none-eabi/10.3.1/thumb/v7-m/nofp/crtbegin.o
                0x0800a8bc                PROVIDE (__fini_array_end = .)
                0x0800a8bc                . = ALIGN (0x4)
                0x0800a8bc                _sidata = LOADADDR (.data)

.data           0x20000000      0x9c8 load address 0x0800a8bc
                0x20000000                . = ALIGN (0x4)
                0x20000000                _sdata = .
 *(.data)
 *(.data*)
 .data.q        0x20000000       0x10 CMakeFiles/STM32_MPU6050.elf.dir/Core/Src/imu.c.obj
                0x20000000                q
 .data.SystemCoreClock
                0x20000010        0x4 CMakeFiles/STM32_MPU6050.elf.dir/Core/Src/system_stm32f1xx.c.obj
                0x20000010                SystemCoreClock
 .data.uwTickFreq
                0x20000014        0x1 CMakeFiles/STM32_MPU6050.elf.dir/Drivers/STM32F1xx_HAL_Driver/Src/stm32f1xx_hal.c.obj
                0x20000014                uwTickFreq
 *fill*         0x20000015        0x3 
 .data.uwTickPrio
                0x20000018        0x4 CMakeFiles/STM32_MPU6050.elf.dir/Drivers/STM32F1xx_HAL_Driver/Src/stm32f1xx_hal.c.obj
                0x20000018                uwTickPrio
 .data._impure_ptr
                0x2000001c        0x4 e:/workspace/clion/gcc-arm-none-eabi-10.3-2021.10/bin/../lib/gcc/arm-none-eabi/10.3.1/../../../../arm-none-eabi/lib/thumb/v7-m/nofp\libg.a(lib_a-impure.o)
                0x2000001c                _impure_ptr
 .data.impure_data
                0x20000020      0x428 e:/workspace/clion/gcc-arm-none-eabi-10.3-2021.10/bin/../lib/gcc/arm-none-eabi/10.3.1/../../../../arm-none-eabi/lib/thumb/v7-m/nofp\libg.a(lib_a-impure.o)
 .data.__atexit_recursive_mutex
                0x20000448        0x4 e:/workspace/clion/gcc-arm-none-eabi-10.3-2021.10/bin/../lib/gcc/arm-none-eabi/10.3.1/../../../../arm-none-eabi/lib/thumb/v7-m/nofp\libg.a(lib_a-__call_atexit.o)
                0x20000448                __atexit_recursive_mutex
 .data.__malloc_av_
                0x2000044c      0x408 e:/workspace/clion/gcc-arm-none-eabi-10.3-2021.10/bin/../lib/gcc/arm-none-eabi/10.3.1/../../../../arm-none-eabi/lib/thumb/v7-m/nofp\libg.a(lib_a-mallocr.o)
                0x2000044c                __malloc_av_
 .data.__malloc_sbrk_base
                0x20000854        0x4 e:/workspace/clion/gcc-arm-none-eabi-10.3-2021.10/bin/../lib/gcc/arm-none-eabi/10.3.1/../../../../arm-none-eabi/lib/thumb/v7-m/nofp\libg.a(lib_a-mallocr.o)
                0x20000854                __malloc_sbrk_base
 .data.__malloc_trim_threshold
                0x20000858        0x4 e:/workspace/clion/gcc-arm-none-eabi-10.3-2021.10/bin/../lib/gcc/arm-none-eabi/10.3.1/../../../../arm-none-eabi/lib/thumb/v7-m/nofp\libg.a(lib_a-mallocr.o)
                0x20000858                __malloc_trim_threshold
 .data.__global_locale
                0x2000085c      0x16c e:/workspace/clion/gcc-arm-none-eabi-10.3-2021.10/bin/../lib/gcc/arm-none-eabi/10.3.1/../../../../arm-none-eabi/lib/thumb/v7-m/nofp\libg.a(lib_a-locale.o)
                0x2000085c                __global_locale
 *(.RamFunc)
 *(.RamFunc*)
                0x200009c8                . = ALIGN (0x4)
                0x200009c8                _edata = .

.igot.plt       0x200009c8        0x0 load address 0x0800b284
 .igot.plt      0x200009c8        0x0 e:/workspace/clion/gcc-arm-none-eabi-10.3-2021.10/bin/../lib/gcc/arm-none-eabi/10.3.1/thumb/v7-m/nofp/crtbegin.o
                0x200009c8                . = ALIGN (0x4)

.bss            0x200009c8      0x188 load address 0x0800b284
                0x200009c8                _sbss = .
                0x200009c8                __bss_start__ = _sbss
 *(.bss)
 .bss           0x200009c8       0x1c e:/workspace/clion/gcc-arm-none-eabi-10.3-2021.10/bin/../lib/gcc/arm-none-eabi/10.3.1/thumb/v7-m/nofp/crtbegin.o
 *(.bss*)
 .bss.Ax        0x200009e4        0x2 CMakeFiles/STM32_MPU6050.elf.dir/Core/Src/imu.c.obj
                0x200009e4                Ax
 .bss.Ay        0x200009e6        0x2 CMakeFiles/STM32_MPU6050.elf.dir/Core/Src/imu.c.obj
                0x200009e6                Ay
 .bss.Az        0x200009e8        0x2 CMakeFiles/STM32_MPU6050.elf.dir/Core/Src/imu.c.obj
                0x200009e8                Az
 .bss.Gx        0x200009ea        0x2 CMakeFiles/STM32_MPU6050.elf.dir/Core/Src/imu.c.obj
                0x200009ea                Gx
 .bss.Gy        0x200009ec        0x2 CMakeFiles/STM32_MPU6050.elf.dir/Core/Src/imu.c.obj
                0x200009ec                Gy
 .bss.Gz        0x200009ee        0x2 CMakeFiles/STM32_MPU6050.elf.dir/Core/Src/imu.c.obj
                0x200009ee                Gz
 .bss.exInt     0x200009f0        0x4 CMakeFiles/STM32_MPU6050.elf.dir/Core/Src/imu.c.obj
                0x200009f0                exInt
 .bss.eyInt     0x200009f4        0x4 CMakeFiles/STM32_MPU6050.elf.dir/Core/Src/imu.c.obj
                0x200009f4                eyInt
 .bss.ezInt     0x200009f8        0x4 CMakeFiles/STM32_MPU6050.elf.dir/Core/Src/imu.c.obj
                0x200009f8                ezInt
 .bss.imu_Angle
                0x200009fc        0xc CMakeFiles/STM32_MPU6050.elf.dir/Core/Src/imu.c.obj
                0x200009fc                imu_Angle
 .bss.imu_data  0x20000a08       0x18 CMakeFiles/STM32_MPU6050.elf.dir/Core/Src/imu.c.obj
                0x20000a08                imu_data
 .bss.ID        0x20000a20        0x1 CMakeFiles/STM32_MPU6050.elf.dir/Core/Src/main.c.obj
                0x20000a20                ID
 *fill*         0x20000a21        0x3 
 .bss.gHuart    0x20000a24        0x4 CMakeFiles/STM32_MPU6050.elf.dir/Core/Src/retarget.c.obj
                0x20000a24                gHuart
 .bss.__sbrk_heap_end
                0x20000a28        0x4 CMakeFiles/STM32_MPU6050.elf.dir/Core/Src/sysmem.c.obj
 .bss.htim1     0x20000a2c       0x48 CMakeFiles/STM32_MPU6050.elf.dir/Core/Src/tim.c.obj
                0x20000a2c                htim1
 .bss.htim2     0x20000a74       0x48 CMakeFiles/STM32_MPU6050.elf.dir/Core/Src/tim.c.obj
                0x20000a74                htim2
 .bss.huart1    0x20000abc       0x48 CMakeFiles/STM32_MPU6050.elf.dir/Core/Src/usart.c.obj
                0x20000abc                huart1
 .bss.uwTick    0x20000b04        0x4 CMakeFiles/STM32_MPU6050.elf.dir/Drivers/STM32F1xx_HAL_Driver/Src/stm32f1xx_hal.c.obj
                0x20000b04                uwTick
 .bss.__lock___atexit_recursive_mutex
                0x20000b08        0x1 e:/workspace/clion/gcc-arm-none-eabi-10.3-2021.10/bin/../lib/gcc/arm-none-eabi/10.3.1/../../../../arm-none-eabi/lib/thumb/v7-m/nofp\libg.a(lib_a-lock.o)
                0x20000b08                __lock___atexit_recursive_mutex
 *fill*         0x20000b09        0x3 
 .bss.__lock___malloc_recursive_mutex
                0x20000b0c        0x1 e:/workspace/clion/gcc-arm-none-eabi-10.3-2021.10/bin/../lib/gcc/arm-none-eabi/10.3.1/../../../../arm-none-eabi/lib/thumb/v7-m/nofp\libg.a(lib_a-lock.o)
                0x20000b0c                __lock___malloc_recursive_mutex
 *fill*         0x20000b0d        0x3 
 .bss.__lock___sfp_recursive_mutex
                0x20000b10        0x1 e:/workspace/clion/gcc-arm-none-eabi-10.3-2021.10/bin/../lib/gcc/arm-none-eabi/10.3.1/../../../../arm-none-eabi/lib/thumb/v7-m/nofp\libg.a(lib_a-lock.o)
                0x20000b10                __lock___sfp_recursive_mutex
 *fill*         0x20000b11        0x3 
 .bss.__lock___sinit_recursive_mutex
                0x20000b14        0x1 e:/workspace/clion/gcc-arm-none-eabi-10.3-2021.10/bin/../lib/gcc/arm-none-eabi/10.3.1/../../../../arm-none-eabi/lib/thumb/v7-m/nofp\libg.a(lib_a-lock.o)
                0x20000b14                __lock___sinit_recursive_mutex
 *fill*         0x20000b15        0x3 
 .bss.__malloc_current_mallinfo
                0x20000b18       0x28 e:/workspace/clion/gcc-arm-none-eabi-10.3-2021.10/bin/../lib/gcc/arm-none-eabi/10.3.1/../../../../arm-none-eabi/lib/thumb/v7-m/nofp\libg.a(lib_a-mallocr.o)
                0x20000b18                __malloc_current_mallinfo
 .bss.__malloc_max_sbrked_mem
                0x20000b40        0x4 e:/workspace/clion/gcc-arm-none-eabi-10.3-2021.10/bin/../lib/gcc/arm-none-eabi/10.3.1/../../../../arm-none-eabi/lib/thumb/v7-m/nofp\libg.a(lib_a-mallocr.o)
                0x20000b40                __malloc_max_sbrked_mem
 .bss.__malloc_max_total_mem
                0x20000b44        0x4 e:/workspace/clion/gcc-arm-none-eabi-10.3-2021.10/bin/../lib/gcc/arm-none-eabi/10.3.1/../../../../arm-none-eabi/lib/thumb/v7-m/nofp\libg.a(lib_a-mallocr.o)
                0x20000b44                __malloc_max_total_mem
 .bss.__malloc_top_pad
                0x20000b48        0x4 e:/workspace/clion/gcc-arm-none-eabi-10.3-2021.10/bin/../lib/gcc/arm-none-eabi/10.3.1/../../../../arm-none-eabi/lib/thumb/v7-m/nofp\libg.a(lib_a-mallocr.o)
                0x20000b48                __malloc_top_pad
 .bss.errno     0x20000b4c        0x4 e:/workspace/clion/gcc-arm-none-eabi-10.3-2021.10/bin/../lib/gcc/arm-none-eabi/10.3.1/../../../../arm-none-eabi/lib/thumb/v7-m/nofp\libg.a(lib_a-reent.o)
                0x20000b4c                errno
 *(COMMON)
                0x20000b50                . = ALIGN (0x4)
                0x20000b50                _ebss = .
                0x20000b50                __bss_end__ = _ebss

._user_heap_stack
                0x20000b50      0x600 load address 0x0800b284
                0x20000b50                . = ALIGN (0x8)
                [!provide]                PROVIDE (end = .)
                0x20000b50                PROVIDE (_end = .)
                0x20000d50                . = (. + _Min_Heap_Size)
 *fill*         0x20000b50      0x200 
                0x20001150                . = (. + _Min_Stack_Size)
 *fill*         0x20000d50      0x400 
                0x20001150                . = ALIGN (0x8)

/DISCARD/
 libc.a(*)
 libm.a(*)
 libgcc.a(*)

.ARM.attributes
                0x00000000       0x29
 *(.ARM.attributes)
 .ARM.attributes
                0x00000000       0x1d e:/workspace/clion/gcc-arm-none-eabi-10.3-2021.10/bin/../lib/gcc/arm-none-eabi/10.3.1/thumb/v7-m/nofp/crti.o
 .ARM.attributes
                0x0000001d       0x2d e:/workspace/clion/gcc-arm-none-eabi-10.3-2021.10/bin/../lib/gcc/arm-none-eabi/10.3.1/thumb/v7-m/nofp/crtbegin.o
 .ARM.attributes
                0x0000004a       0x2d CMakeFiles/STM32_MPU6050.elf.dir/Core/Src/gpio.c.obj
 .ARM.attributes
                0x00000077       0x2d CMakeFiles/STM32_MPU6050.elf.dir/Core/Src/iic.c.obj
 .ARM.attributes
                0x000000a4       0x2d CMakeFiles/STM32_MPU6050.elf.dir/Core/Src/imu.c.obj
 .ARM.attributes
                0x000000d1       0x2d CMakeFiles/STM32_MPU6050.elf.dir/Core/Src/main.c.obj
 .ARM.attributes
                0x000000fe       0x2d CMakeFiles/STM32_MPU6050.elf.dir/Core/Src/mpu6050.c.obj
 .ARM.attributes
                0x0000012b       0x2d CMakeFiles/STM32_MPU6050.elf.dir/Core/Src/retarget.c.obj
 .ARM.attributes
                0x00000158       0x2d CMakeFiles/STM32_MPU6050.elf.dir/Core/Src/stm32f1xx_hal_msp.c.obj
 .ARM.attributes
                0x00000185       0x2d CMakeFiles/STM32_MPU6050.elf.dir/Core/Src/stm32f1xx_it.c.obj
 .ARM.attributes
                0x000001b2       0x2d CMakeFiles/STM32_MPU6050.elf.dir/Core/Src/syscalls.c.obj
 .ARM.attributes
                0x000001df       0x2d CMakeFiles/STM32_MPU6050.elf.dir/Core/Src/sysmem.c.obj
 .ARM.attributes
                0x0000020c       0x2d CMakeFiles/STM32_MPU6050.elf.dir/Core/Src/system_stm32f1xx.c.obj
 .ARM.attributes
                0x00000239       0x2d CMakeFiles/STM32_MPU6050.elf.dir/Core/Src/tim.c.obj
 .ARM.attributes
                0x00000266       0x2d CMakeFiles/STM32_MPU6050.elf.dir/Core/Src/usart.c.obj
 .ARM.attributes
                0x00000293       0x21 CMakeFiles/STM32_MPU6050.elf.dir/Core/Startup/startup_stm32f103c8tx.s.obj
 .ARM.attributes
                0x000002b4       0x2d CMakeFiles/STM32_MPU6050.elf.dir/Drivers/STM32F1xx_HAL_Driver/Src/stm32f1xx_hal.c.obj
 .ARM.attributes
                0x000002e1       0x2d CMakeFiles/STM32_MPU6050.elf.dir/Drivers/STM32F1xx_HAL_Driver/Src/stm32f1xx_hal_cortex.c.obj
 .ARM.attributes
                0x0000030e       0x2d CMakeFiles/STM32_MPU6050.elf.dir/Drivers/STM32F1xx_HAL_Driver/Src/stm32f1xx_hal_gpio.c.obj
 .ARM.attributes
                0x0000033b       0x2d CMakeFiles/STM32_MPU6050.elf.dir/Drivers/STM32F1xx_HAL_Driver/Src/stm32f1xx_hal_rcc.c.obj
 .ARM.attributes
                0x00000368       0x2d CMakeFiles/STM32_MPU6050.elf.dir/Drivers/STM32F1xx_HAL_Driver/Src/stm32f1xx_hal_tim.c.obj
 .ARM.attributes
                0x00000395       0x2d CMakeFiles/STM32_MPU6050.elf.dir/Drivers/STM32F1xx_HAL_Driver/Src/stm32f1xx_hal_tim_ex.c.obj
 .ARM.attributes
                0x000003c2       0x2d CMakeFiles/STM32_MPU6050.elf.dir/Drivers/STM32F1xx_HAL_Driver/Src/stm32f1xx_hal_uart.c.obj
 .ARM.attributes
                0x000003ef       0x1d e:/workspace/clion/gcc-arm-none-eabi-10.3-2021.10/bin/../lib/gcc/arm-none-eabi/10.3.1/thumb/v7-m/nofp\libgcc.a(_arm_addsubdf3.o)
 .ARM.attributes
                0x0000040c       0x1d e:/workspace/clion/gcc-arm-none-eabi-10.3-2021.10/bin/../lib/gcc/arm-none-eabi/10.3.1/thumb/v7-m/nofp\libgcc.a(_arm_muldivdf3.o)
 .ARM.attributes
                0x00000429       0x1d e:/workspace/clion/gcc-arm-none-eabi-10.3-2021.10/bin/../lib/gcc/arm-none-eabi/10.3.1/thumb/v7-m/nofp\libgcc.a(_arm_truncdfsf2.o)
 .ARM.attributes
                0x00000446       0x1d e:/workspace/clion/gcc-arm-none-eabi-10.3-2021.10/bin/../lib/gcc/arm-none-eabi/10.3.1/thumb/v7-m/nofp\libgcc.a(_arm_addsubsf3.o)
 .ARM.attributes
                0x00000463       0x1d e:/workspace/clion/gcc-arm-none-eabi-10.3-2021.10/bin/../lib/gcc/arm-none-eabi/10.3.1/thumb/v7-m/nofp\libgcc.a(_arm_muldivsf3.o)
 .ARM.attributes
                0x00000480       0x1d e:/workspace/clion/gcc-arm-none-eabi-10.3-2021.10/bin/../lib/gcc/arm-none-eabi/10.3.1/thumb/v7-m/nofp\libgcc.a(_arm_cmpsf2.o)
 .ARM.attributes
                0x0000049d       0x2d e:/workspace/clion/gcc-arm-none-eabi-10.3-2021.10/bin/../lib/gcc/arm-none-eabi/10.3.1/../../../../arm-none-eabi/lib/thumb/v7-m/nofp\libg.a(lib_a-errno.o)
 .ARM.attributes
                0x000004ca       0x2d e:/workspace/clion/gcc-arm-none-eabi-10.3-2021.10/bin/../lib/gcc/arm-none-eabi/10.3.1/../../../../arm-none-eabi/lib/thumb/v7-m/nofp\libg.a(lib_a-impure.o)
 .ARM.attributes
                0x000004f7       0x2d e:/workspace/clion/gcc-arm-none-eabi-10.3-2021.10/bin/../lib/gcc/arm-none-eabi/10.3.1/../../../../arm-none-eabi/lib/thumb/v7-m/nofp\libg.a(lib_a-init.o)
 .ARM.attributes
                0x00000524       0x2d e:/workspace/clion/gcc-arm-none-eabi-10.3-2021.10/bin/../lib/gcc/arm-none-eabi/10.3.1/../../../../arm-none-eabi/lib/thumb/v7-m/nofp\libg.a(lib_a-memset.o)
 .ARM.attributes
                0x00000551       0x2d e:/workspace/clion/gcc-arm-none-eabi-10.3-2021.10/bin/../lib/gcc/arm-none-eabi/10.3.1/../../../../arm-none-eabi/lib/thumb/v7-m/nofp\libg.a(lib_a-printf.o)
 .ARM.attributes
                0x0000057e       0x2d e:/workspace/clion/gcc-arm-none-eabi-10.3-2021.10/bin/../lib/gcc/arm-none-eabi/10.3.1/../../../../arm-none-eabi/lib/thumb/v7-m/nofp\libg.a(lib_a-puts.o)
 .ARM.attributes
                0x000005ab       0x2d e:/workspace/clion/gcc-arm-none-eabi-10.3-2021.10/bin/../lib/gcc/arm-none-eabi/10.3.1/../../../../arm-none-eabi/lib/thumb/v7-m/nofp\libg.a(lib_a-setvbuf.o)
 .ARM.attributes
                0x000005d8       0x2d e:/workspace/clion/gcc-arm-none-eabi-10.3-2021.10/bin/../lib/gcc/arm-none-eabi/10.3.1/../../../../arm-none-eabi/lib/thumb/v7-m/nofp\libg.a(lib_a-strlen-stub.o)
 .ARM.attributes
                0x00000605       0x2d e:/workspace/clion/gcc-arm-none-eabi-10.3-2021.10/bin/../lib/gcc/arm-none-eabi/10.3.1/../../../../arm-none-eabi/lib/thumb/v7-m/nofp\libg.a(lib_a-vfprintf.o)
 .ARM.attributes
                0x00000632       0x2d e:/workspace/clion/gcc-arm-none-eabi-10.3-2021.10/bin/../lib/gcc/arm-none-eabi/10.3.1/../../../../arm-none-eabi/lib/thumb/v7-m/nofp\libg.a(lib_a-wsetup.o)
 .ARM.attributes
                0x0000065f       0x2d e:/workspace/clion/gcc-arm-none-eabi-10.3-2021.10/bin/../lib/gcc/arm-none-eabi/10.3.1/../../../../arm-none-eabi/lib/thumb/v7-m/nofp\libg.a(lib_a-__call_atexit.o)
 .ARM.attributes
                0x0000068c       0x2d e:/workspace/clion/gcc-arm-none-eabi-10.3-2021.10/bin/../lib/gcc/arm-none-eabi/10.3.1/../../../../arm-none-eabi/lib/thumb/v7-m/nofp\libg.a(lib_a-atexit.o)
 .ARM.attributes
                0x000006b9       0x2d e:/workspace/clion/gcc-arm-none-eabi-10.3-2021.10/bin/../lib/gcc/arm-none-eabi/10.3.1/../../../../arm-none-eabi/lib/thumb/v7-m/nofp\libg.a(lib_a-dtoa.o)
 .ARM.attributes
                0x000006e6       0x2d e:/workspace/clion/gcc-arm-none-eabi-10.3-2021.10/bin/../lib/gcc/arm-none-eabi/10.3.1/../../../../arm-none-eabi/lib/thumb/v7-m/nofp\libg.a(lib_a-fflush.o)
 .ARM.attributes
                0x00000713       0x2d e:/workspace/clion/gcc-arm-none-eabi-10.3-2021.10/bin/../lib/gcc/arm-none-eabi/10.3.1/../../../../arm-none-eabi/lib/thumb/v7-m/nofp\libg.a(lib_a-findfp.o)
 .ARM.attributes
                0x00000740       0x2d e:/workspace/clion/gcc-arm-none-eabi-10.3-2021.10/bin/../lib/gcc/arm-none-eabi/10.3.1/../../../../arm-none-eabi/lib/thumb/v7-m/nofp\libg.a(lib_a-fini.o)
 .ARM.attributes
                0x0000076d       0x2d e:/workspace/clion/gcc-arm-none-eabi-10.3-2021.10/bin/../lib/gcc/arm-none-eabi/10.3.1/../../../../arm-none-eabi/lib/thumb/v7-m/nofp\libg.a(lib_a-freer.o)
 .ARM.attributes
                0x0000079a       0x2d e:/workspace/clion/gcc-arm-none-eabi-10.3-2021.10/bin/../lib/gcc/arm-none-eabi/10.3.1/../../../../arm-none-eabi/lib/thumb/v7-m/nofp\libg.a(lib_a-fvwrite.o)
 .ARM.attributes
                0x000007c7       0x2d e:/workspace/clion/gcc-arm-none-eabi-10.3-2021.10/bin/../lib/gcc/arm-none-eabi/10.3.1/../../../../arm-none-eabi/lib/thumb/v7-m/nofp\libg.a(lib_a-fwalk.o)
 .ARM.attributes
                0x000007f4       0x2d e:/workspace/clion/gcc-arm-none-eabi-10.3-2021.10/bin/../lib/gcc/arm-none-eabi/10.3.1/../../../../arm-none-eabi/lib/thumb/v7-m/nofp\libg.a(lib_a-localeconv.o)
 .ARM.attributes
                0x00000821       0x2d e:/workspace/clion/gcc-arm-none-eabi-10.3-2021.10/bin/../lib/gcc/arm-none-eabi/10.3.1/../../../../arm-none-eabi/lib/thumb/v7-m/nofp\libg.a(lib_a-lock.o)
 .ARM.attributes
                0x0000084e       0x2d e:/workspace/clion/gcc-arm-none-eabi-10.3-2021.10/bin/../lib/gcc/arm-none-eabi/10.3.1/../../../../arm-none-eabi/lib/thumb/v7-m/nofp\libg.a(lib_a-makebuf.o)
 .ARM.attributes
                0x0000087b       0x2d e:/workspace/clion/gcc-arm-none-eabi-10.3-2021.10/bin/../lib/gcc/arm-none-eabi/10.3.1/../../../../arm-none-eabi/lib/thumb/v7-m/nofp\libg.a(lib_a-malloc.o)
 .ARM.attributes
                0x000008a8       0x2d e:/workspace/clion/gcc-arm-none-eabi-10.3-2021.10/bin/../lib/gcc/arm-none-eabi/10.3.1/../../../../arm-none-eabi/lib/thumb/v7-m/nofp\libg.a(lib_a-mallocr.o)
 .ARM.attributes
                0x000008d5       0x2d e:/workspace/clion/gcc-arm-none-eabi-10.3-2021.10/bin/../lib/gcc/arm-none-eabi/10.3.1/../../../../arm-none-eabi/lib/thumb/v7-m/nofp\libg.a(lib_a-memchr-stub.o)
 .ARM.attributes
                0x00000902       0x1b e:/workspace/clion/gcc-arm-none-eabi-10.3-2021.10/bin/../lib/gcc/arm-none-eabi/10.3.1/../../../../arm-none-eabi/lib/thumb/v7-m/nofp\libg.a(lib_a-memcpy.o)
 .ARM.attributes
                0x0000091d       0x2d e:/workspace/clion/gcc-arm-none-eabi-10.3-2021.10/bin/../lib/gcc/arm-none-eabi/10.3.1/../../../../arm-none-eabi/lib/thumb/v7-m/nofp\libg.a(lib_a-memmove.o)
 .ARM.attributes
                0x0000094a       0x2d e:/workspace/clion/gcc-arm-none-eabi-10.3-2021.10/bin/../lib/gcc/arm-none-eabi/10.3.1/../../../../arm-none-eabi/lib/thumb/v7-m/nofp\libg.a(lib_a-mlock.o)
 .ARM.attributes
                0x00000977       0x2d e:/workspace/clion/gcc-arm-none-eabi-10.3-2021.10/bin/../lib/gcc/arm-none-eabi/10.3.1/../../../../arm-none-eabi/lib/thumb/v7-m/nofp\libg.a(lib_a-mprec.o)
 .ARM.attributes
                0x000009a4       0x2d e:/workspace/clion/gcc-arm-none-eabi-10.3-2021.10/bin/../lib/gcc/arm-none-eabi/10.3.1/../../../../arm-none-eabi/lib/thumb/v7-m/nofp\libg.a(lib_a-reallocr.o)
 .ARM.attributes
                0x000009d1       0x2d e:/workspace/clion/gcc-arm-none-eabi-10.3-2021.10/bin/../lib/gcc/arm-none-eabi/10.3.1/../../../../arm-none-eabi/lib/thumb/v7-m/nofp\libg.a(lib_a-s_frexp.o)
 .ARM.attributes
                0x000009fe       0x2d e:/workspace/clion/gcc-arm-none-eabi-10.3-2021.10/bin/../lib/gcc/arm-none-eabi/10.3.1/../../../../arm-none-eabi/lib/thumb/v7-m/nofp\libg.a(lib_a-sbrkr.o)
 .ARM.attributes
                0x00000a2b       0x2d e:/workspace/clion/gcc-arm-none-eabi-10.3-2021.10/bin/../lib/gcc/arm-none-eabi/10.3.1/../../../../arm-none-eabi/lib/thumb/v7-m/nofp\libg.a(lib_a-stdio.o)
 .ARM.attributes
                0x00000a58       0x2d e:/workspace/clion/gcc-arm-none-eabi-10.3-2021.10/bin/../lib/gcc/arm-none-eabi/10.3.1/../../../../arm-none-eabi/lib/thumb/v7-m/nofp\libg.a(lib_a-strncpy.o)
 .ARM.attributes
                0x00000a85       0x2d e:/workspace/clion/gcc-arm-none-eabi-10.3-2021.10/bin/../lib/gcc/arm-none-eabi/10.3.1/../../../../arm-none-eabi/lib/thumb/v7-m/nofp\libg.a(lib_a-vfiprintf.o)
 .ARM.attributes
                0x00000ab2       0x2d e:/workspace/clion/gcc-arm-none-eabi-10.3-2021.10/bin/../lib/gcc/arm-none-eabi/10.3.1/../../../../arm-none-eabi/lib/thumb/v7-m/nofp\libg.a(lib_a-writer.o)
 .ARM.attributes
                0x00000adf       0x2d e:/workspace/clion/gcc-arm-none-eabi-10.3-2021.10/bin/../lib/gcc/arm-none-eabi/10.3.1/../../../../arm-none-eabi/lib/thumb/v7-m/nofp\libg.a(lib_a-__atexit.o)
 .ARM.attributes
                0x00000b0c       0x2d e:/workspace/clion/gcc-arm-none-eabi-10.3-2021.10/bin/../lib/gcc/arm-none-eabi/10.3.1/../../../../arm-none-eabi/lib/thumb/v7-m/nofp\libg.a(lib_a-assert.o)
 .ARM.attributes
                0x00000b39       0x2d e:/workspace/clion/gcc-arm-none-eabi-10.3-2021.10/bin/../lib/gcc/arm-none-eabi/10.3.1/../../../../arm-none-eabi/lib/thumb/v7-m/nofp\libg.a(lib_a-callocr.o)
 .ARM.attributes
                0x00000b66       0x2d e:/workspace/clion/gcc-arm-none-eabi-10.3-2021.10/bin/../lib/gcc/arm-none-eabi/10.3.1/../../../../arm-none-eabi/lib/thumb/v7-m/nofp\libg.a(lib_a-closer.o)
 .ARM.attributes
                0x00000b93       0x2d e:/workspace/clion/gcc-arm-none-eabi-10.3-2021.10/bin/../lib/gcc/arm-none-eabi/10.3.1/../../../../arm-none-eabi/lib/thumb/v7-m/nofp\libg.a(lib_a-fclose.o)
 .ARM.attributes
                0x00000bc0       0x2d e:/workspace/clion/gcc-arm-none-eabi-10.3-2021.10/bin/../lib/gcc/arm-none-eabi/10.3.1/../../../../arm-none-eabi/lib/thumb/v7-m/nofp\libg.a(lib_a-fiprintf.o)
 .ARM.attributes
                0x00000bed       0x2d e:/workspace/clion/gcc-arm-none-eabi-10.3-2021.10/bin/../lib/gcc/arm-none-eabi/10.3.1/../../../../arm-none-eabi/lib/thumb/v7-m/nofp\libg.a(lib_a-fputwc.o)
 .ARM.attributes
                0x00000c1a       0x2d e:/workspace/clion/gcc-arm-none-eabi-10.3-2021.10/bin/../lib/gcc/arm-none-eabi/10.3.1/../../../../arm-none-eabi/lib/thumb/v7-m/nofp\libg.a(lib_a-fstatr.o)
 .ARM.attributes
                0x00000c47       0x2d e:/workspace/clion/gcc-arm-none-eabi-10.3-2021.10/bin/../lib/gcc/arm-none-eabi/10.3.1/../../../../arm-none-eabi/lib/thumb/v7-m/nofp\libg.a(lib_a-isattyr.o)
 .ARM.attributes
                0x00000c74       0x2d e:/workspace/clion/gcc-arm-none-eabi-10.3-2021.10/bin/../lib/gcc/arm-none-eabi/10.3.1/../../../../arm-none-eabi/lib/thumb/v7-m/nofp\libg.a(lib_a-locale.o)
 .ARM.attributes
                0x00000ca1       0x2d e:/workspace/clion/gcc-arm-none-eabi-10.3-2021.10/bin/../lib/gcc/arm-none-eabi/10.3.1/../../../../arm-none-eabi/lib/thumb/v7-m/nofp\libg.a(lib_a-lseekr.o)
 .ARM.attributes
                0x00000cce       0x2d e:/workspace/clion/gcc-arm-none-eabi-10.3-2021.10/bin/../lib/gcc/arm-none-eabi/10.3.1/../../../../arm-none-eabi/lib/thumb/v7-m/nofp\libg.a(lib_a-mbtowc_r.o)
 .ARM.attributes
                0x00000cfb       0x2d e:/workspace/clion/gcc-arm-none-eabi-10.3-2021.10/bin/../lib/gcc/arm-none-eabi/10.3.1/../../../../arm-none-eabi/lib/thumb/v7-m/nofp\libg.a(lib_a-readr.o)
 .ARM.attributes
                0x00000d28       0x2d e:/workspace/clion/gcc-arm-none-eabi-10.3-2021.10/bin/../lib/gcc/arm-none-eabi/10.3.1/../../../../arm-none-eabi/lib/thumb/v7-m/nofp\libg.a(lib_a-reent.o)
 .ARM.attributes
                0x00000d55       0x2d e:/workspace/clion/gcc-arm-none-eabi-10.3-2021.10/bin/../lib/gcc/arm-none-eabi/10.3.1/../../../../arm-none-eabi/lib/thumb/v7-m/nofp\libg.a(lib_a-wbuf.o)
 .ARM.attributes
                0x00000d82       0x2d e:/workspace/clion/gcc-arm-none-eabi-10.3-2021.10/bin/../lib/gcc/arm-none-eabi/10.3.1/../../../../arm-none-eabi/lib/thumb/v7-m/nofp\libg.a(lib_a-wcrtomb.o)
 .ARM.attributes
                0x00000daf       0x2d e:/workspace/clion/gcc-arm-none-eabi-10.3-2021.10/bin/../lib/gcc/arm-none-eabi/10.3.1/../../../../arm-none-eabi/lib/thumb/v7-m/nofp\libg.a(lib_a-wctomb_r.o)
 .ARM.attributes
                0x00000ddc       0x2d e:/workspace/clion/gcc-arm-none-eabi-10.3-2021.10/bin/../lib/gcc/arm-none-eabi/10.3.1/../../../../arm-none-eabi/lib/thumb/v7-m/nofp\libg.a(lib_a-abort.o)
 .ARM.attributes
                0x00000e09       0x2d e:/workspace/clion/gcc-arm-none-eabi-10.3-2021.10/bin/../lib/gcc/arm-none-eabi/10.3.1/../../../../arm-none-eabi/lib/thumb/v7-m/nofp\libg.a(lib_a-ctype_.o)
 .ARM.attributes
                0x00000e36       0x2d e:/workspace/clion/gcc-arm-none-eabi-10.3-2021.10/bin/../lib/gcc/arm-none-eabi/10.3.1/../../../../arm-none-eabi/lib/thumb/v7-m/nofp\libg.a(lib_a-signal.o)
 .ARM.attributes
                0x00000e63       0x2d e:/workspace/clion/gcc-arm-none-eabi-10.3-2021.10/bin/../lib/gcc/arm-none-eabi/10.3.1/../../../../arm-none-eabi/lib/thumb/v7-m/nofp\libg.a(lib_a-signalr.o)
 .ARM.attributes
                0x00000e90       0x1d e:/workspace/clion/gcc-arm-none-eabi-10.3-2021.10/bin/../lib/gcc/arm-none-eabi/10.3.1/thumb/v7-m/nofp\libgcc.a(_arm_cmpdf2.o)
 .ARM.attributes
                0x00000ead       0x1d e:/workspace/clion/gcc-arm-none-eabi-10.3-2021.10/bin/../lib/gcc/arm-none-eabi/10.3.1/thumb/v7-m/nofp\libgcc.a(_arm_unorddf2.o)
 .ARM.attributes
                0x00000eca       0x1d e:/workspace/clion/gcc-arm-none-eabi-10.3-2021.10/bin/../lib/gcc/arm-none-eabi/10.3.1/thumb/v7-m/nofp\libgcc.a(_arm_fixdfsi.o)
 .ARM.attributes
                0x00000ee7       0x1d e:/workspace/clion/gcc-arm-none-eabi-10.3-2021.10/bin/../lib/gcc/arm-none-eabi/10.3.1/thumb/v7-m/nofp\libgcc.a(_aeabi_uldivmod.o)
 .ARM.attributes
                0x00000f04       0x2d e:/workspace/clion/gcc-arm-none-eabi-10.3-2021.10/bin/../lib/gcc/arm-none-eabi/10.3.1/thumb/v7-m/nofp\libgcc.a(_udivmoddi4.o)
 .ARM.attributes
                0x00000f31       0x1d e:/workspace/clion/gcc-arm-none-eabi-10.3-2021.10/bin/../lib/gcc/arm-none-eabi/10.3.1/thumb/v7-m/nofp\libgcc.a(_dvmd_tls.o)
 .ARM.attributes
                0x00000f4e       0x1d e:/workspace/clion/gcc-arm-none-eabi-10.3-2021.10/bin/../lib/gcc/arm-none-eabi/10.3.1/thumb/v7-m/nofp/crtn.o
OUTPUT(STM32_MPU6050.elf elf32-littlearm)
LOAD linker stubs
LOAD e:/workspace/clion/gcc-arm-none-eabi-10.3-2021.10/bin/../lib/gcc/arm-none-eabi/10.3.1/../../../../arm-none-eabi/lib/thumb/v7-m/nofp\libc.a
LOAD e:/workspace/clion/gcc-arm-none-eabi-10.3-2021.10/bin/../lib/gcc/arm-none-eabi/10.3.1/../../../../arm-none-eabi/lib/thumb/v7-m/nofp\libm.a
LOAD e:/workspace/clion/gcc-arm-none-eabi-10.3-2021.10/bin/../lib/gcc/arm-none-eabi/10.3.1/thumb/v7-m/nofp\libgcc.a

.debug_info     0x00000000    0x124b9
 .debug_info    0x00000000      0x34c CMakeFiles/STM32_MPU6050.elf.dir/Core/Src/gpio.c.obj
 .debug_info    0x0000034c      0x927 CMakeFiles/STM32_MPU6050.elf.dir/Core/Src/iic.c.obj
 .debug_info    0x00000c73      0xa63 CMakeFiles/STM32_MPU6050.elf.dir/Core/Src/imu.c.obj
 .debug_info    0x000016d6      0xd58 CMakeFiles/STM32_MPU6050.elf.dir/Core/Src/main.c.obj
 .debug_info    0x0000242e      0x67a CMakeFiles/STM32_MPU6050.elf.dir/Core/Src/mpu6050.c.obj
 .debug_info    0x00002aa8     0x12d5 CMakeFiles/STM32_MPU6050.elf.dir/Core/Src/retarget.c.obj
 .debug_info    0x00003d7d      0x211 CMakeFiles/STM32_MPU6050.elf.dir/Core/Src/stm32f1xx_hal_msp.c.obj
 .debug_info    0x00003f8e      0x6ff CMakeFiles/STM32_MPU6050.elf.dir/Core/Src/stm32f1xx_it.c.obj
 .debug_info    0x0000468d      0x6ca CMakeFiles/STM32_MPU6050.elf.dir/Core/Src/syscalls.c.obj
 .debug_info    0x00004d57      0x174 CMakeFiles/STM32_MPU6050.elf.dir/Core/Src/sysmem.c.obj
 .debug_info    0x00004ecb      0x248 CMakeFiles/STM32_MPU6050.elf.dir/Core/Src/system_stm32f1xx.c.obj
 .debug_info    0x00005113      0xb34 CMakeFiles/STM32_MPU6050.elf.dir/Core/Src/tim.c.obj
 .debug_info    0x00005c47      0x855 CMakeFiles/STM32_MPU6050.elf.dir/Core/Src/usart.c.obj
 .debug_info    0x0000649c       0x22 CMakeFiles/STM32_MPU6050.elf.dir/Core/Startup/startup_stm32f103c8tx.s.obj
 .debug_info    0x000064be      0x7a8 CMakeFiles/STM32_MPU6050.elf.dir/Drivers/STM32F1xx_HAL_Driver/Src/stm32f1xx_hal.c.obj
 .debug_info    0x00006c66      0xd8a CMakeFiles/STM32_MPU6050.elf.dir/Drivers/STM32F1xx_HAL_Driver/Src/stm32f1xx_hal_cortex.c.obj
 .debug_info    0x000079f0      0x66f CMakeFiles/STM32_MPU6050.elf.dir/Drivers/STM32F1xx_HAL_Driver/Src/stm32f1xx_hal_gpio.c.obj
 .debug_info    0x0000805f      0xa3b CMakeFiles/STM32_MPU6050.elf.dir/Drivers/STM32F1xx_HAL_Driver/Src/stm32f1xx_hal_rcc.c.obj
 .debug_info    0x00008a9a     0x3d52 CMakeFiles/STM32_MPU6050.elf.dir/Drivers/STM32F1xx_HAL_Driver/Src/stm32f1xx_hal_tim.c.obj
 .debug_info    0x0000c7ec     0x1abb CMakeFiles/STM32_MPU6050.elf.dir/Drivers/STM32F1xx_HAL_Driver/Src/stm32f1xx_hal_tim_ex.c.obj