Archive member included to satisfy reference by file (symbol)

e:/workspace/clion/gcc-arm-none-eabi-10.3-2021.10/bin/../lib/gcc/arm-none-eabi/10.3.1/../../../../arm-none-eabi/lib/thumb/v7-m/nofp\libg.a(lib_a-errno.o)
                              CMakeFiles/STM32_MPU6050.elf.dir/Core/Src/retarget.c.obj (__errno)
e:/workspace/clion/gcc-arm-none-eabi-10.3-2021.10/bin/../lib/gcc/arm-none-eabi/10.3.1/../../../../arm-none-eabi/lib/thumb/v7-m/nofp\libg.a(lib_a-exit.o)
                              e:/workspace/clion/gcc-arm-none-eabi-10.3-2021.10/bin/../lib/gcc/arm-none-eabi/10.3.1/../../../../arm-none-eabi/lib/thumb/v7-m/nofp/crt0.o (exit)
e:/workspace/clion/gcc-arm-none-eabi-10.3-2021.10/bin/../lib/gcc/arm-none-eabi/10.3.1/../../../../arm-none-eabi/lib/thumb/v7-m/nofp\libg.a(lib_a-impure.o)
                              e:/workspace/clion/gcc-arm-none-eabi-10.3-2021.10/bin/../lib/gcc/arm-none-eabi/10.3.1/../../../../arm-none-eabi/lib/thumb/v7-m/nofp\libg.a(lib_a-exit.o) (_global_impure_ptr)
e:/workspace/clion/gcc-arm-none-eabi-10.3-2021.10/bin/../lib/gcc/arm-none-eabi/10.3.1/../../../../arm-none-eabi/lib/thumb/v7-m/nofp\libg.a(lib_a-init.o)
                              e:/workspace/clion/gcc-arm-none-eabi-10.3-2021.10/bin/../lib/gcc/arm-none-eabi/10.3.1/../../../../arm-none-eabi/lib/thumb/v7-m/nofp/crt0.o (__libc_init_array)
e:/workspace/clion/gcc-arm-none-eabi-10.3-2021.10/bin/../lib/gcc/arm-none-eabi/10.3.1/../../../../arm-none-eabi/lib/thumb/v7-m/nofp\libg.a(lib_a-memset.o)
                              e:/workspace/clion/gcc-arm-none-eabi-10.3-2021.10/bin/../lib/gcc/arm-none-eabi/10.3.1/../../../../arm-none-eabi/lib/thumb/v7-m/nofp/crt0.o (memset)
e:/workspace/clion/gcc-arm-none-eabi-10.3-2021.10/bin/../lib/gcc/arm-none-eabi/10.3.1/../../../../arm-none-eabi/lib/thumb/v7-m/nofp\libg.a(lib_a-printf.o)
                              CMakeFiles/STM32_MPU6050.elf.dir/Core/Src/main.c.obj (printf)
e:/workspace/clion/gcc-arm-none-eabi-10.3-2021.10/bin/../lib/gcc/arm-none-eabi/10.3.1/../../../../arm-none-eabi/lib/thumb/v7-m/nofp\libg.a(lib_a-puts.o)
                              CMakeFiles/STM32_MPU6050.elf.dir/Core/Src/main.c.obj (puts)
e:/workspace/clion/gcc-arm-none-eabi-10.3-2021.10/bin/../lib/gcc/arm-none-eabi/10.3.1/../../../../arm-none-eabi/lib/thumb/v7-m/nofp\libg.a(lib_a-setvbuf.o)
                              CMakeFiles/STM32_MPU6050.elf.dir/Core/Src/retarget.c.obj (setvbuf)
e:/workspace/clion/gcc-arm-none-eabi-10.3-2021.10/bin/../lib/gcc/arm-none-eabi/10.3.1/../../../../arm-none-eabi/lib/thumb/v7-m/nofp\libg.a(lib_a-strlen-stub.o)
                              e:/workspace/clion/gcc-arm-none-eabi-10.3-2021.10/bin/../lib/gcc/arm-none-eabi/10.3.1/../../../../arm-none-eabi/lib/thumb/v7-m/nofp\libg.a(lib_a-puts.o) (strlen)
e:/workspace/clion/gcc-arm-none-eabi-10.3-2021.10/bin/../lib/gcc/arm-none-eabi/10.3.1/../../../../arm-none-eabi/lib/thumb/v7-m/nofp\libg.a(lib_a-vfprintf.o)
                              e:/workspace/clion/gcc-arm-none-eabi-10.3-2021.10/bin/../lib/gcc/arm-none-eabi/10.3.1/../../../../arm-none-eabi/lib/thumb/v7-m/nofp\libg.a(lib_a-printf.o) (_vfprintf_r)
e:/workspace/clion/gcc-arm-none-eabi-10.3-2021.10/bin/../lib/gcc/arm-none-eabi/10.3.1/../../../../arm-none-eabi/lib/thumb/v7-m/nofp\libg.a(lib_a-wsetup.o)
                              e:/workspace/clion/gcc-arm-none-eabi-10.3-2021.10/bin/../lib/gcc/arm-none-eabi/10.3.1/../../../../arm-none-eabi/lib/thumb/v7-m/nofp\libg.a(lib_a-vfprintf.o) (__swsetup_r)
e:/workspace/clion/gcc-arm-none-eabi-10.3-2021.10/bin/../lib/gcc/arm-none-eabi/10.3.1/../../../../arm-none-eabi/lib/thumb/v7-m/nofp\libg.a(lib_a-__call_atexit.o)
                              e:/workspace/clion/gcc-arm-none-eabi-10.3-2021.10/bin/../lib/gcc/arm-none-eabi/10.3.1/../../../../arm-none-eabi/lib/thumb/v7-m/nofp\libg.a(lib_a-exit.o) (__call_exitprocs)
e:/workspace/clion/gcc-arm-none-eabi-10.3-2021.10/bin/../lib/gcc/arm-none-eabi/10.3.1/../../../../arm-none-eabi/lib/thumb/v7-m/nofp\libg.a(lib_a-atexit.o)
                              e:/workspace/clion/gcc-arm-none-eabi-10.3-2021.10/bin/../lib/gcc/arm-none-eabi/10.3.1/../../../../arm-none-eabi/lib/thumb/v7-m/nofp\libg.a(lib_a-__call_atexit.o) (atexit)
e:/workspace/clion/gcc-arm-none-eabi-10.3-2021.10/bin/../lib/gcc/arm-none-eabi/10.3.1/../../../../arm-none-eabi/lib/thumb/v7-m/nofp\libg.a(lib_a-dtoa.o)
                              e:/workspace/clion/gcc-arm-none-eabi-10.3-2021.10/bin/../lib/gcc/arm-none-eabi/10.3.1/../../../../arm-none-eabi/lib/thumb/v7-m/nofp\libg.a(lib_a-vfprintf.o) (_dtoa_r)
e:/workspace/clion/gcc-arm-none-eabi-10.3-2021.10/bin/../lib/gcc/arm-none-eabi/10.3.1/../../../../arm-none-eabi/lib/thumb/v7-m/nofp\libg.a(lib_a-fflush.o)
                              e:/workspace/clion/gcc-arm-none-eabi-10.3-2021.10/bin/../lib/gcc/arm-none-eabi/10.3.1/../../../../arm-none-eabi/lib/thumb/v7-m/nofp\libg.a(lib_a-setvbuf.o) (_fflush_r)
[...]
Memory Configuration

Name             Origin             Length             Attributes
RAM              0x20000000         0x00005000         xrw
FLASH            0x08000000         0x00010000         xr
*default*        0x00000000         0xffffffff

Linker script and memory map

LOAD e:/workspace/clion/gcc-arm-none-eabi-10.3-2021.10/bin/../lib/gcc/arm-none-eabi/10.3.1/thumb/v7-m/nofp/crti.o
LOAD e:/workspace/clion/gcc-arm-none-eabi-10.3-2021.10/bin/../lib/gcc/arm-none-eabi/10.3.1/thumb/v7-m/nofp/crtbegin.o
LOAD e:/workspace/clion/gcc-arm-none-eabi-10.3-2021.10/bin/../lib/gcc/arm-none-eabi/10.3.1/../../../../arm-none-eabi/lib/thumb/v7-m/nofp/crt0.o
LOAD CMakeFiles/STM32_MPU6050.elf.dir/Core/Src/gpio.c.obj
LOAD CMakeFiles/STM32_MPU6050.elf.dir/Core/Src/main.c.obj
LOAD CMakeFiles/STM32_MPU6050.elf.dir/Core/Src/retarget.c.obj
LOAD CMakeFiles/STM32_MPU6050.elf.dir/Core/Src/stm32f1xx_hal_msp.c.obj
LOAD CMakeFiles/STM32_MPU6050.elf.dir/Core/Src/stm32f1xx_it.c.obj
LOAD CMakeFiles/STM32_MPU6050.elf.dir/Core/Src/syscalls.c.obj
LOAD CMakeFiles/STM32_MPU6050.elf.dir/Core/Src/sysmem.c.obj
LOAD CMakeFiles/STM32_MPU6050.elf.dir/Core/Src/system_stm32f1xx.c.obj
LOAD CMakeFiles/STM32_MPU6050.elf.dir/Core/Src/tim.c.obj
LOAD CMakeFiles/STM32_MPU6050.elf.dir/Core/Src/usart.c.obj
LOAD CMakeFiles/STM32_MPU6050.elf.dir/Core/Startup/startup_stm32f103c8tx.s.obj
LOAD CMakeFiles/STM32_MPU6050.elf.dir/Drivers/STM32F1xx_HAL_Driver/Src/stm32f1xx_hal.c.obj
LOAD CMakeFiles/STM32_MPU6050.elf.dir/Drivers/STM32F1xx_HAL_Driver/Src/stm32f1xx_hal_cortex.c.obj
LOAD CMakeFiles/STM32_MPU6050.elf.dir/Drivers/STM32F1xx_HAL_Driver/Src/stm32f1xx_hal_dma.c.obj
LOAD CMakeFiles/STM32_MPU6050.elf.dir/Drivers/STM32F1xx_HAL_Driver/Src/stm32f1xx_hal_exti.c.obj
LOAD CMakeFiles/STM32_MPU6050.elf.dir/Drivers/STM32F1xx_HAL_Driver/Src/stm32f1xx_hal_flash.c.obj
LOAD CMakeFiles/STM32_MPU6050.elf.dir/Drivers/STM32F1xx_HAL_Driver/Src/stm32f1xx_hal_flash_ex.c.obj
LOAD CMakeFiles/STM32_MPU6050.elf.dir/Drivers/STM32F1xx_HAL_Driver/Src/stm32f1xx_hal_gpio.c.obj
LOAD CMakeFiles/STM32_MPU6050.elf.dir/Drivers/STM32F1xx_HAL_Driver/Src/stm32f1xx_hal_gpio_ex.c.obj
LOAD CMakeFiles/STM32_MPU6050.elf.dir/Drivers/STM32F1xx_HAL_Driver/Src/stm32f1xx_hal_pwr.c.obj
LOAD CMakeFiles/STM32_MPU6050.elf.dir/Drivers/STM32F1xx_HAL_Driver/Src/stm32f1xx_hal_rcc.c.obj
LOAD CMakeFiles/STM32_MPU6050.elf.dir/Drivers/STM32F1xx_HAL_Driver/Src/stm32f1xx_hal_rcc_ex.c.obj
LOAD CMakeFiles/STM32_MPU6050.elf.dir/Drivers/STM32F1xx_HAL_Driver/Src/stm32f1xx_hal_tim.c.obj
LOAD CMakeFiles/STM32_MPU6050.elf.dir/Drivers/STM32F1xx_HAL_Driver/Src/stm32f1xx_hal_tim_ex.c.obj
LOAD CMakeFiles/STM32_MPU6050.elf.dir/Drivers/STM32F1xx_HAL_Driver/Src/stm32f1xx_hal_uart.c.obj
START GROUP
LOAD e:/workspace/clion/gcc-arm-none-eabi-10.3-2021.10/bin/../lib/gcc/arm-none-eabi/10.3.1/thumb/v7-m/nofp\libgcc.a
LOAD e:/workspace/clion/gcc-arm-none-eabi-10.3-2021.10/bin/../lib/gcc/arm-none-eabi/10.3.1/../../../../arm-none-eabi/lib/thumb/v7-m/nofp\libg.a
LOAD e:/workspace/clion/gcc-arm-none-eabi-10.3-2021.10/bin/../lib/gcc/arm-none-eabi/10.3.1/../../../../arm-none-eabi/lib/thumb/v7-m/nofp\libc.a
END GROUP
LOAD e:/workspace/clion/gcc-arm-none-eabi-10.3-2021.10/bin/../lib/gcc/arm-none-eabi/10.3.1/thumb/v7-m/nofp/crtend.o
LOAD e:/workspace/clion/gcc-arm-none-eabi-10.3-2021.10/bin/../lib/gcc/arm-none-eabi/10.3.1/thumb/v7-m/nofp/crtn.o
                0x20005000                _estack = (ORIGIN (RAM) + LENGTH (RAM))
                0x00000200                _Min_Heap_Size = 0x200
                0x00000400                _Min_Stack_Size = 0x400

.isr_vector     0x08000000      0x10c
                0x08000000                . = ALIGN (0x4)
 *(.isr_vector)
 .isr_vector    0x08000000      0x10c CMakeFiles/STM32_MPU6050.elf.dir/Core/Startup/startup_stm32f103c8tx.s.obj
                0x08000000                g_pfnVectors
                0x0800010c                . = ALIGN (0x4)

.text           0x08000110     0x8800
                0x08000110                . = ALIGN (0x4)
 *(.text)
 .text          0x08000110       0x40 e:/workspace/clion/gcc-arm-none-eabi-10.3-2021.10/bin/../lib/gcc/arm-none-eabi/10.3.1/thumb/v7-m/nofp/crtbegin.o
 .text          0x08000150       0xec e:/workspace/clion/gcc-arm-none-eabi-10.3-2021.10/bin/../lib/gcc/arm-none-eabi/10.3.1/../../../../arm-none-eabi/lib/thumb/v7-m/nofp\libg.a(lib_a-memcpy.o)
                0x08000150                memcpy
 .text          0x0800023c      0x378 e:/workspace/clion/gcc-arm-none-eabi-10.3-2021.10/bin/../lib/gcc/arm-none-eabi/10.3.1/thumb/v7-m/nofp\libgcc.a(_arm_addsubdf3.o)
                0x0800023c                __aeabi_drsub
                0x08000244                __aeabi_dsub
                0x08000244                __subdf3
                0x08000248                __aeabi_dadd
                0x08000248                __adddf3
                0x080004c0                __floatunsidf
                0x080004c0                __aeabi_ui2d
                0x080004e0                __floatsidf
                0x080004e0                __aeabi_i2d
                0x08000504                __aeabi_f2d
                0x08000504                __extendsfdf2
                0x08000548                __floatundidf
                0x08000548                __aeabi_ul2d
                0x08000558                __floatdidf
                0x08000558                __aeabi_l2d
 .text          0x080005b4      0x424 e:/workspace/clion/gcc-arm-none-eabi-10.3-2021.10/bin/../lib/gcc/arm-none-eabi/10.3.1/thumb/v7-m/nofp\libgcc.a(_arm_muldivdf3.o)
                0x080005b4                __aeabi_dmul
                0x080005b4                __muldf3
                0x08000808                __divdf3
                0x08000808                __aeabi_ddiv
 .text          0x080009d8      0x110 e:/workspace/clion/gcc-arm-none-eabi-10.3-2021.10/bin/../lib/gcc/arm-none-eabi/10.3.1/thumb/v7-m/nofp\libgcc.a(_arm_cmpdf2.o)
                0x080009d8                __gtdf2
                0x080009d8                __gedf2
                0x080009e0                __ltdf2
                0x080009e0                __ledf2
                0x080009e8                __nedf2
                0x080009e8                __eqdf2
                0x080009e8                __cmpdf2
                0x08000a64                __aeabi_cdrcmple
                0x08000a74                __aeabi_cdcmpeq
                0x08000a74                __aeabi_cdcmple
                0x08000a84                __aeabi_dcmpeq
                0x08000a98                __aeabi_dcmplt
                0x08000aac                __aeabi_dcmple
                0x08000ac0                __aeabi_dcmpge
                0x08000ad4                __aeabi_dcmpgt
 .text          0x08000ae8       0x2c e:/workspace/clion/gcc-arm-none-eabi-10.3-2021.10/bin/../lib/gcc/arm-none-eabi/10.3.1/thumb/v7-m/nofp\libgcc.a(_arm_unorddf2.o)
                0x08000ae8                __unorddf2
                0x08000ae8                __aeabi_dcmpun
 .text          0x08000b14       0x50 e:/workspace/clion/gcc-arm-none-eabi-10.3-2021.10/bin/../lib/gcc/arm-none-eabi/10.3.1/thumb/v7-m/nofp\libgcc.a(_arm_fixdfsi.o)
                0x08000b14                __aeabi_d2iz
                0x08000b14                __fixdfsi
 .text          0x08000b64       0x30 e:/workspace/clion/gcc-arm-none-eabi-10.3-2021.10/bin/../lib/gcc/arm-none-eabi/10.3.1/thumb/v7-m/nofp\libgcc.a(_aeabi_uldivmod.o)
                0x08000b64                __aeabi_uldivmod
 .text          0x08000b94      0x2d4 e:/workspace/clion/gcc-arm-none-eabi-10.3-2021.10/bin/../lib/gcc/arm-none-eabi/10.3.1/thumb/v7-m/nofp\libgcc.a(_udivmoddi4.o)
                0x08000b94                __udivmoddi4
 .text          0x08000e68        0x4 e:/workspace/clion/gcc-arm-none-eabi-10.3-2021.10/bin/../lib/gcc/arm-none-eabi/10.3.1/thumb/v7-m/nofp\libgcc.a(_dvmd_tls.o)
                0x08000e68                __aeabi_idiv0
                0x08000e68                __aeabi_ldiv0
 *(.text*)
 .text.MX_GPIO_Init
                0x08000e6c       0xb4 CMakeFiles/STM32_MPU6050.elf.dir/Core/Src/gpio.c.obj
                0x08000e6c                MX_GPIO_Init
 .text.Delay_uS
                0x08000f20       0x30 CMakeFiles/STM32_MPU6050.elf.dir/Core/Src/main.c.obj
                0x08000f20                Delay_uS
 .text.IIC_Start
                0x08000f50       0x38 CMakeFiles/STM32_MPU6050.elf.dir/Core/Src/main.c.obj
                0x08000f50                IIC_Start
 .text.IIC_Stop
                0x08000f88       0x2c CMakeFiles/STM32_MPU6050.elf.dir/Core/Src/main.c.obj
                0x08000f88                IIC_Stop
 .text.Wait_ack
                0x08000fb4       0x44 CMakeFiles/STM32_MPU6050.elf.dir/Core/Src/main.c.obj
                0x08000fb4                Wait_ack
 .text.IIC_Sendbyte
                0x08000ff8       0x40 CMakeFiles/STM32_MPU6050.elf.dir/Core/Src/main.c.obj
                0x08000ff8                IIC_Sendbyte
 .text.IIC_Readbyte
                0x08001038       0x54 CMakeFiles/STM32_MPU6050.elf.dir/Core/Src/main.c.obj
                0x08001038                IIC_Readbyte
 .text.IIC_Nsendack
                0x0800108c       0x28 CMakeFiles/STM32_MPU6050.elf.dir/Core/Src/main.c.obj
                0x0800108c                IIC_Nsendack
 .text.MPU6050_WriteReg
                0x080010b4       0x60 CMakeFiles/STM32_MPU6050.elf.dir/Core/Src/main.c.obj
                0x080010b4                MPU6050_WriteReg
 .text.MPU6050_ReadReg
                0x08001114       0x64 CMakeFiles/STM32_MPU6050.elf.dir/Core/Src/main.c.obj
                0x08001114                MPU6050_ReadReg
 .text.MPU6050_Init
                0x08001178       0x34 CMakeFiles/STM32_MPU6050.elf.dir/Core/Src/main.c.obj
                0x08001178                MPU6050_Init
 .text.MPU6050_GetID
                0x080011ac        0xa CMakeFiles/STM32_MPU6050.elf.dir/Core/Src/main.c.obj
                0x080011ac                MPU6050_GetID
 *fill*         0x080011b6        0x2 
 .text.addr_search
                0x080011b8       0x48 CMakeFiles/STM32_MPU6050.elf.dir/Core/Src/main.c.obj
                0x080011b8                addr_search
 .text.Error_Handler
                0x08001200        0x4 CMakeFiles/STM32_MPU6050.elf.dir/Core/Src/main.c.obj
                0x08001200                Error_Handler
 .text.SystemClock_Config
                0x08001204       0x64 CMakeFiles/STM32_MPU6050.elf.dir/Core/Src/main.c.obj
                0x08001204                SystemClock_Config
 .text.main     0x08001268       0x44 CMakeFiles/STM32_MPU6050.elf.dir/Core/Src/main.c.obj
                0x08001268                main
 .text.RetargetInit
                0x080012ac       0x20 CMakeFiles/STM32_MPU6050.elf.dir/Core/Src/retarget.c.obj
                0x080012ac                RetargetInit
 .text._isatty  0x080012cc       0x16 CMakeFiles/STM32_MPU6050.elf.dir/Core/Src/retarget.c.obj
                0x080012cc                _isatty
 *fill*         0x080012e2        0x2 
 .text._write   0x080012e4       0x34 CMakeFiles/STM32_MPU6050.elf.dir/Core/Src/retarget.c.obj
                0x080012e4                _write
 .text._close   0x08001318       0x18 CMakeFiles/STM32_MPU6050.elf.dir/Core/Src/retarget.c.obj
                0x08001318                _close
 .text._lseek   0x08001330       0x10 CMakeFiles/STM32_MPU6050.elf.dir/Core/Src/retarget.c.obj
                0x08001330                _lseek
 .text._read    0x08001340       0x30 CMakeFiles/STM32_MPU6050.elf.dir/Core/Src/retarget.c.obj
                0x08001340                _read
 .text._fstat   0x08001370       0x1a CMakeFiles/STM32_MPU6050.elf.dir/Core/Src/retarget.c.obj
                0x08001370                _fstat
 *fill*         0x0800138a        0x2 
 .text.HAL_MspInit
                0x0800138c       0x44 CMakeFiles/STM32_MPU6050.elf.dir/Core/Src/stm32f1xx_hal_msp.c.obj
                0x0800138c                HAL_MspInit
 .text.NMI_Handler
                0x080013d0        0x2 CMakeFiles/STM32_MPU6050.elf.dir/Core/Src/stm32f1xx_it.c.obj
                0x080013d0                NMI_Handler
 .text.HardFault_Handler
                0x080013d2        0x2 CMakeFiles/STM32_MPU6050.elf.dir/Core/Src/stm32f1xx_it.c.obj
                0x080013d2                HardFault_Handler
 .text.MemManage_Handler
                0x080013d4        0x2 CMakeFiles/STM32_MPU6050.elf.dir/Core/Src/stm32f1xx_it.c.obj
                0x080013d4                MemManage_Handler
 .text.BusFault_Handler
                0x080013d6        0x2 CMakeFiles/STM32_MPU6050.elf.dir/Core/Src/stm32f1xx_it.c.obj
                0x080013d6                BusFault_Handler
 .text.UsageFault_Handler
                0x080013d8        0x2 CMakeFiles/STM32_MPU6050.elf.dir/Core/Src/stm32f1xx_it.c.obj
                0x080013d8                UsageFault_Handler
 .text.SVC_Handler
                0x080013da        0x2 CMakeFiles/STM32_MPU6050.elf.dir/Core/Src/stm32f1xx_it.c.obj
                0x080013da                SVC_Handler
 .text.DebugMon_Handler
                0x080013dc        0x2 CMakeFiles/STM32_MPU6050.elf.dir/Core/Src/stm32f1xx_it.c.obj
                0x080013dc                DebugMon_Handler
 .text.PendSV_Handler
                0x080013de        0x2 CMakeFiles/STM32_MPU6050.elf.dir/Core/Src/stm32f1xx_it.c.obj
                0x080013de                PendSV_Handler
 .text.SysTick_Handler
                0x080013e0        0x8 CMakeFiles/STM32_MPU6050.elf.dir/Core/Src/stm32f1xx_it.c.obj
                0x080013e0                SysTick_Handler
 .text._getpid  0x080013e8        0x4 CMakeFiles/STM32_MPU6050.elf.dir/Core/Src/syscalls.c.obj
                0x080013e8                _getpid
 .text._kill    0x080013ec       0x10 CMakeFiles/STM32_MPU6050.elf.dir/Core/Src/syscalls.c.obj
                0x080013ec                _kill
 .text._exit    0x080013fc        0xc CMakeFiles/STM32_MPU6050.elf.dir/Core/Src/syscalls.c.obj
                0x080013fc                _exit
 .text._sbrk    0x08001408       0x48 CMakeFiles/STM32_MPU6050.elf.dir/Core/Src/sysmem.c.obj
                0x08001408                _sbrk
 .text.SystemInit
                0x08001450        0x2 CMakeFiles/STM32_MPU6050.elf.dir/Core/Src/system_stm32f1xx.c.obj
                0x08001450                SystemInit
 *fill*         0x08001452        0x2 
 .text.MX_TIM1_Init
                0x08001454       0x6c CMakeFiles/STM32_MPU6050.elf.dir/Core/Src/tim.c.obj
                0x08001454                MX_TIM1_Init
 .text.HAL_TIM_Base_MspInit
                0x080014c0       0x2c CMakeFiles/STM32_MPU6050.elf.dir/Core/Src/tim.c.obj
                0x080014c0                HAL_TIM_Base_MspInit
 .text.MX_USART1_UART_Init
                0x080014ec       0x34 CMakeFiles/STM32_MPU6050.elf.dir/Core/Src/usart.c.obj
                0x080014ec                MX_USART1_UART_Init
 .text.HAL_UART_MspInit
                0x08001520       0x78 CMakeFiles/STM32_MPU6050.elf.dir/Core/Src/usart.c.obj
                0x08001520                HAL_UART_MspInit
 .text.Reset_Handler
                0x08001598       0x48 CMakeFiles/STM32_MPU6050.elf.dir/Core/Startup/startup_stm32f103c8tx.s.obj
                0x08001598                Reset_Handler
 .text.Default_Handler
                0x080015e0        0x2 CMakeFiles/STM32_MPU6050.elf.dir/Core/Startup/startup_stm32f103c8tx.s.obj
                0x080015e0                RTC_Alarm_IRQHandler
                0x080015e0                EXTI2_IRQHandler
                0x080015e0                TIM1_CC_IRQHandler
                0x080015e0                PVD_IRQHandler
                0x080015e0                EXTI3_IRQHandler
                0x080015e0                EXTI0_IRQHandler
                0x080015e0                I2C2_EV_IRQHandler
                0x080015e0                ADC1_2_IRQHandler
                0x080015e0                SPI1_IRQHandler
                0x080015e0                TAMPER_IRQHandler
                0x080015e0                DMA1_Channel4_IRQHandler
                0x080015e0                USART3_IRQHandler
                0x080015e0                RTC_IRQHandler
                0x080015e0                DMA1_Channel7_IRQHandler
                0x080015e0                CAN1_RX1_IRQHandler
                0x080015e0                TIM4_IRQHandler
                0x080015e0                I2C1_EV_IRQHandler
                0x080015e0                DMA1_Channel6_IRQHandler
                0x080015e0                TIM3_IRQHandler
                0x080015e0                RCC_IRQHandler
                0x080015e0                TIM1_TRG_COM_IRQHandler
                0x080015e0                DMA1_Channel1_IRQHandler
                0x080015e0                Default_Handler
                0x080015e0                EXTI15_10_IRQHandler
                0x080015e0                EXTI9_5_IRQHandler
                0x080015e0                SPI2_IRQHandler
                0x080015e0                DMA1_Channel5_IRQHandler
                0x080015e0                EXTI4_IRQHandler
                0x080015e0                USB_LP_CAN1_RX0_IRQHandler
                0x080015e0                USB_HP_CAN1_TX_IRQHandler
                0x080015e0                DMA1_Channel3_IRQHandler
                0x080015e0                TIM1_UP_IRQHandler
                0x080015e0                WWDG_IRQHandler
                0x080015e0                TIM2_IRQHandler
                0x080015e0                TIM1_BRK_IRQHandler
                0x080015e0                EXTI1_IRQHandler
                0x080015e0                USART2_IRQHandler
                0x080015e0                I2C2_ER_IRQHandler
                0x080015e0                DMA1_Channel2_IRQHandler
                0x080015e0                CAN1_SCE_IRQHandler
                0x080015e0                FLASH_IRQHandler
                0x080015e0                USART1_IRQHandler
                0x080015e0                I2C1_ER_IRQHandler
                0x080015e0                USBWakeUp_IRQHandler
 *fill*         0x080015e2        0x2 
 .text.HAL_InitTick
                0x080015e4       0x4c CMakeFiles/STM32_MPU6050.elf.dir/Drivers/STM32F1xx_HAL_Driver/Src/stm32f1xx_hal.c.obj
                0x080015e4                HAL_InitTick
 .text.HAL_Init
                0x08001630       0x24 CMakeFiles/STM32_MPU6050.elf.dir/Drivers/STM32F1xx_HAL_Driver/Src/stm32f1xx_hal.c.obj
                0x08001630                HAL_Init
 .text.HAL_IncTick
                0x08001654       0x18 CMakeFiles/STM32_MPU6050.elf.dir/Drivers/STM32F1xx_HAL_Driver/Src/stm32f1xx_hal.c.obj
                0x08001654                HAL_IncTick
 .text.HAL_GetTick
                0x0800166c        0xc CMakeFiles/STM32_MPU6050.elf.dir/Drivers/STM32F1xx_HAL_Driver/Src/stm32f1xx_hal.c.obj
                0x0800166c                HAL_GetTick
 .text.HAL_NVIC_SetPriorityGrouping
                0x08001678       0x24 CMakeFiles/STM32_MPU6050.elf.dir/Drivers/STM32F1xx_HAL_Driver/Src/stm32f1xx_hal_cortex.c.obj
                0x08001678                HAL_NVIC_SetPriorityGrouping
 .text.HAL_NVIC_SetPriority
                0x0800169c       0x70 CMakeFiles/STM32_MPU6050.elf.dir/Drivers/STM32F1xx_HAL_Driver/Src/stm32f1xx_hal_cortex.c.obj
                0x0800169c                HAL_NVIC_SetPriority
 .text.HAL_SYSTICK_Config
                0x0800170c       0x28 CMakeFiles/STM32_MPU6050.elf.dir/Drivers/STM32F1xx_HAL_Driver/Src/stm32f1xx_hal_cortex.c.obj
                0x0800170c                HAL_SYSTICK_Config
 .text.HAL_GPIO_Init
                0x08001734      0x224 CMakeFiles/STM32_MPU6050.elf.dir/Drivers/STM32F1xx_HAL_Driver/Src/stm32f1xx_hal_gpio.c.obj
                0x08001734                HAL_GPIO_Init
 .text.HAL_GPIO_WritePin
                0x08001958        0xc CMakeFiles/STM32_MPU6050.elf.dir/Drivers/STM32F1xx_HAL_Driver/Src/stm32f1xx_hal_gpio.c.obj
                0x08001958                HAL_GPIO_WritePin
 .text.RCC_Delay
                0x08001964       0x2c CMakeFiles/STM32_MPU6050.elf.dir/Drivers/STM32F1xx_HAL_Driver/Src/stm32f1xx_hal_rcc.c.obj
 .text.HAL_RCC_OscConfig
                0x08001990      0x410 CMakeFiles/STM32_MPU6050.elf.dir/Drivers/STM32F1xx_HAL_Driver/Src/stm32f1xx_hal_rcc.c.obj
                0x08001990                HAL_RCC_OscConfig
 .text.HAL_RCC_GetSysClockFreq
                0x08001da0       0x54 CMakeFiles/STM32_MPU6050.elf.dir/Drivers/STM32F1xx_HAL_Driver/Src/stm32f1xx_hal_rcc.c.obj
                0x08001da0                HAL_RCC_GetSysClockFreq
 .text.HAL_RCC_ClockConfig
                0x08001df4      0x16c CMakeFiles/STM32_MPU6050.elf.dir/Drivers/STM32F1xx_HAL_Driver/Src/stm32f1xx_hal_rcc.c.obj
                0x08001df4                HAL_RCC_ClockConfig
 .text.HAL_RCC_GetHCLKFreq
                0x08001f60        0xc CMakeFiles/STM32_MPU6050.elf.dir/Drivers/STM32F1xx_HAL_Driver/Src/stm32f1xx_hal_rcc.c.obj
                0x08001f60                HAL_RCC_GetHCLKFreq
 .text.HAL_RCC_GetPCLK1Freq
                0x08001f6c       0x20 CMakeFiles/STM32_MPU6050.elf.dir/Drivers/STM32F1xx_HAL_Driver/Src/stm32f1xx_hal_rcc.c.obj
                0x08001f6c                HAL_RCC_GetPCLK1Freq
 .text.HAL_RCC_GetPCLK2Freq
                0x08001f8c       0x20 CMakeFiles/STM32_MPU6050.elf.dir/Drivers/STM32F1xx_HAL_Driver/Src/stm32f1xx_hal_rcc.c.obj
                0x08001f8c                HAL_RCC_GetPCLK2Freq
 .text.TIM_TI1_ConfigInputStage
                0x08001fac       0x24 CMakeFiles/STM32_MPU6050.elf.dir/Drivers/STM32F1xx_HAL_Driver/Src/stm32f1xx_hal_tim.c.obj
 .text.TIM_TI2_ConfigInputStage
                0x08001fd0       0x26 CMakeFiles/STM32_MPU6050.elf.dir/Drivers/STM32F1xx_HAL_Driver/Src/stm32f1xx_hal_tim.c.obj
 .text.TIM_ITRx_SetConfig
                0x08001ff6       0x10 CMakeFiles/STM32_MPU6050.elf.dir/Drivers/STM32F1xx_HAL_Driver/Src/stm32f1xx_hal_tim.c.obj
 *fill*         0x08002006        0x2 
 .text.HAL_TIM_Base_Start
                0x08002008       0x5c CMakeFiles/STM32_MPU6050.elf.dir/Drivers/STM32F1xx_HAL_Driver/Src/stm32f1xx_hal_tim.c.obj
                0x08002008                HAL_TIM_Base_Start
 .text.HAL_TIM_Base_Stop
                0x08002064       0x28 CMakeFiles/STM32_MPU6050.elf.dir/Drivers/STM32F1xx_HAL_Driver/Src/stm32f1xx_hal_tim.c.obj
                0x08002064                HAL_TIM_Base_Stop
 .text.TIM_Base_SetConfig
                0x0800208c       0x74 CMakeFiles/STM32_MPU6050.elf.dir/Drivers/STM32F1xx_HAL_Driver/Src/stm32f1xx_hal_tim.c.obj
                0x0800208c                TIM_Base_SetConfig
 .text.HAL_TIM_Base_Init
                0x08002100       0x58 CMakeFiles/STM32_MPU6050.elf.dir/Drivers/STM32F1xx_HAL_Driver/Src/stm32f1xx_hal_tim.c.obj
                0x08002100                HAL_TIM_Base_Init
 .text.TIM_ETR_SetConfig
                0x08002158       0x18 CMakeFiles/STM32_MPU6050.elf.dir/Drivers/STM32F1xx_HAL_Driver/Src/stm32f1xx_hal_tim.c.obj
                0x08002158                TIM_ETR_SetConfig
 .text.HAL_TIM_ConfigClockSource
                0x08002170       0xfe CMakeFiles/STM32_MPU6050.elf.dir/Drivers/STM32F1xx_HAL_Driver/Src/stm32f1xx_hal_tim.c.obj
                0x08002170                HAL_TIM_ConfigClockSource
 *fill*         0x0800226e        0x2 
 .text.HAL_TIMEx_MasterConfigSynchronization
                0x08002270       0x6c CMakeFiles/STM32_MPU6050.elf.dir/Drivers/STM32F1xx_HAL_Driver/Src/stm32f1xx_hal_tim_ex.c.obj
                0x08002270                HAL_TIMEx_MasterConfigSynchronization
 .text.UART_SetConfig
                0x080022dc       0x94 CMakeFiles/STM32_MPU6050.elf.dir/Drivers/STM32F1xx_HAL_Driver/Src/stm32f1xx_hal_uart.c.obj
 .text.UART_WaitOnFlagUntilTimeout
                0x08002370       0x88 CMakeFiles/STM32_MPU6050.elf.dir/Drivers/STM32F1xx_HAL_Driver/Src/stm32f1xx_hal_uart.c.obj
 .text.HAL_UART_Init
                0x080023f8       0x60 CMakeFiles/STM32_MPU6050.elf.dir/Drivers/STM32F1xx_HAL_Driver/Src/stm32f1xx_hal_uart.c.obj
                0x080023f8                HAL_UART_Init
 .text.HAL_UART_Transmit
                0x08002458       0xbe CMakeFiles/STM32_MPU6050.elf.dir/Drivers/STM32F1xx_HAL_Driver/Src/stm32f1xx_hal_uart.c.obj
                0x08002458                HAL_UART_Transmit
 .text.HAL_UART_Receive
                0x08002516       0xca CMakeFiles/STM32_MPU6050.elf.dir/Drivers/STM32F1xx_HAL_Driver/Src/stm32f1xx_hal_uart.c.obj
                0x08002516                HAL_UART_Receive
 .text.__errno  0x080025e0        0xc e:/workspace/clion/gcc-arm-none-eabi-10.3-2021.10/bin/../lib/gcc/arm-none-eabi/10.3.1/../../../../arm-none-eabi/lib/thumb/v7-m/nofp\libg.a(lib_a-errno.o)
                0x080025e0                __errno
 .text.__libc_init_array
                0x080025ec       0x48 e:/workspace/clion/gcc-arm-none-eabi-10.3-2021.10/bin/../lib/gcc/arm-none-eabi/10.3.1/../../../../arm-none-eabi/lib/thumb/v7-m/nofp\libg.a(lib_a-init.o)
                0x080025ec                __libc_init_array
 .text.memset   0x08002634       0xa4 e:/workspace/clion/gcc-arm-none-eabi-10.3-2021.10/bin/../lib/gcc/arm-none-eabi/10.3.1/../../../../arm-none-eabi/lib/thumb/v7-m/nofp\libg.a(lib_a-memset.o)
                0x08002634                memset
 .text.printf   0x080026d8       0x28 e:/workspace/clion/gcc-arm-none-eabi-10.3-2021.10/bin/../lib/gcc/arm-none-eabi/10.3.1/../../../../arm-none-eabi/lib/thumb/v7-m/nofp\libg.a(lib_a-printf.o)
                0x080026d8                printf
 .text._puts_r  0x08002700       0x9c e:/workspace/clion/gcc-arm-none-eabi-10.3-2021.10/bin/../lib/gcc/arm-none-eabi/10.3.1/../../../../arm-none-eabi/lib/thumb/v7-m/nofp\libg.a(lib_a-puts.o)
                0x08002700                _puts_r
 .text.puts     0x0800279c       0x10 e:/workspace/clion/gcc-arm-none-eabi-10.3-2021.10/bin/../lib/gcc/arm-none-eabi/10.3.1/../../../../arm-none-eabi/lib/thumb/v7-m/nofp\libg.a(lib_a-puts.o)
                0x0800279c                puts
 .text.setvbuf  0x080027ac      0x1b0 e:/workspace/clion/gcc-arm-none-eabi-10.3-2021.10/bin/../lib/gcc/arm-none-eabi/10.3.1/../../../../arm-none-eabi/lib/thumb/v7-m/nofp\libg.a(lib_a-setvbuf.o)
                0x080027ac                setvbuf
 .text.strlen   0x0800295c       0x5c e:/workspace/clion/gcc-arm-none-eabi-10.3-2021.10/bin/../lib/gcc/arm-none-eabi/10.3.1/../../../../arm-none-eabi/lib/thumb/v7-m/nofp\libg.a(lib_a-strlen-stub.o)
                0x0800295c                strlen
 .text._vfprintf_r
                0x080029b8     0x1b58 e:/workspace/clion/gcc-arm-none-eabi-10.3-2021.10/bin/../lib/gcc/arm-none-eabi/10.3.1/../../../../arm-none-eabi/lib/thumb/v7-m/nofp\libg.a(lib_a-vfprintf.o)
                0x080029b8                _vfprintf_r
 .text.__sbprintf
                0x08004510       0x84 e:/workspace/clion/gcc-arm-none-eabi-10.3-2021.10/bin/../lib/gcc/arm-none-eabi/10.3.1/../../../../arm-none-eabi/lib/thumb/v7-m/nofp\libg.a(lib_a-vfprintf.o)
 .text.__swsetup_r
                0x08004594       0xd4 e:/workspace/clion/gcc-arm-none-eabi-10.3-2021.10/bin/../lib/gcc/arm-none-eabi/10.3.1/../../../../arm-none-eabi/lib/thumb/v7-m/nofp\libg.a(lib_a-wsetup.o)
                0x08004594                __swsetup_r
 .text.startup.register_fini
                0x08004668       0x14 e:/workspace/clion/gcc-arm-none-eabi-10.3-2021.10/bin/../lib/gcc/arm-none-eabi/10.3.1/../../../../arm-none-eabi/lib/thumb/v7-m/nofp\libg.a(lib_a-__call_atexit.o)
 .text.atexit   0x0800467c        0xc e:/workspace/clion/gcc-arm-none-eabi-10.3-2021.10/bin/../lib/gcc/arm-none-eabi/10.3.1/../../../../arm-none-eabi/lib/thumb/v7-m/nofp\libg.a(lib_a-atexit.o)
                0x0800467c                atexit
 .text.quorem   0x08004688      0x12c e:/workspace/clion/gcc-arm-none-eabi-10.3-2021.10/bin/../lib/gcc/arm-none-eabi/10.3.1/../../../../arm-none-eabi/lib/thumb/v7-m/nofp\libg.a(lib_a-dtoa.o)
 *fill*         0x080047b4        0x4 
 .text._dtoa_r  0x080047b8      0xecc e:/workspace/clion/gcc-arm-none-eabi-10.3-2021.10/bin/../lib/gcc/arm-none-eabi/10.3.1/../../../../arm-none-eabi/lib/thumb/v7-m/nofp\libg.a(lib_a-dtoa.o)
                0x080047b8                _dtoa_r
 .text.__sflush_r
                0x08005684      0x124 e:/workspace/clion/gcc-arm-none-eabi-10.3-2021.10/bin/../lib/gcc/arm-none-eabi/10.3.1/../../../../arm-none-eabi/lib/thumb/v7-m/nofp\libg.a(lib_a-fflush.o)
                0x08005684                __sflush_r
 .text._fflush_r
                0x080057a8       0x5c e:/workspace/clion/gcc-arm-none-eabi-10.3-2021.10/bin/../lib/gcc/arm-none-eabi/10.3.1/../../../../arm-none-eabi/lib/thumb/v7-m/nofp\libg.a(lib_a-fflush.o)
                0x080057a8                _fflush_r
 .text._cleanup_r
                0x08005804        0xc e:/workspace/clion/gcc-arm-none-eabi-10.3-2021.10/bin/../lib/gcc/arm-none-eabi/10.3.1/../../../../arm-none-eabi/lib/thumb/v7-m/nofp\libg.a(lib_a-findfp.o)
                0x08005804                _cleanup_r
 .text.__sinit  0x08005810      0x10c e:/workspace/clion/gcc-arm-none-eabi-10.3-2021.10/bin/../lib/gcc/arm-none-eabi/10.3.1/../../../../arm-none-eabi/lib/thumb/v7-m/nofp\libg.a(lib_a-findfp.o)
                0x08005810                __sinit
 .text.__sfp_lock_acquire
                0x0800591c        0xc e:/workspace/clion/gcc-arm-none-eabi-10.3-2021.10/bin/../lib/gcc/arm-none-eabi/10.3.1/../../../../arm-none-eabi/lib/thumb/v7-m/nofp\libg.a(lib_a-findfp.o)
                0x0800591c                __sfp_lock_acquire
 .text.__sfp_lock_release
                0x08005928        0xc e:/workspace/clion/gcc-arm-none-eabi-10.3-2021.10/bin/../lib/gcc/arm-none-eabi/10.3.1/../../../../arm-none-eabi/lib/thumb/v7-m/nofp\libg.a(lib_a-findfp.o)
                0x08005928                __sfp_lock_release
 .text.__libc_fini_array
                0x08005934       0x2c e:/workspace/clion/gcc-arm-none-eabi-10.3-2021.10/bin/../lib/gcc/arm-none-eabi/10.3.1/../../../../arm-none-eabi/lib/thumb/v7-m/nofp\libg.a(lib_a-fini.o)
                0x08005934                __libc_fini_array
 .text._malloc_trim_r
                0x08005960       0xa0 e:/workspace/clion/gcc-arm-none-eabi-10.3-2021.10/bin/../lib/gcc/arm-none-eabi/10.3.1/../../../../arm-none-eabi/lib/thumb/v7-m/nofp\libg.a(lib_a-freer.o)
                0x08005960                _malloc_trim_r
 .text._free_r  0x08005a00      0x200 e:/workspace/clion/gcc-arm-none-eabi-10.3-2021.10/bin/../lib/gcc/arm-none-eabi/10.3.1/../../../../arm-none-eabi/lib/thumb/v7-m/nofp\libg.a(lib_a-freer.o)
                0x08005a00                _free_r
 .text.__sfvwrite_r
                0x08005c00      0x2f0 e:/workspace/clion/gcc-arm-none-eabi-10.3-2021.10/bin/../lib/gcc/arm-none-eabi/10.3.1/../../../../arm-none-eabi/lib/thumb/v7-m/nofp\libg.a(lib_a-fvwrite.o)
                0x08005c00                __sfvwrite_r
 .text._fwalk_reent
                0x08005ef0       0x48 e:/workspace/clion/gcc-arm-none-eabi-10.3-2021.10/bin/../lib/gcc/arm-none-eabi/10.3.1/../../../../arm-none-eabi/lib/thumb/v7-m/nofp\libg.a(lib_a-fwalk.o)
                0x08005ef0                _fwalk_reent
 .text._localeconv_r
                0x08005f38        0x8 e:/workspace/clion/gcc-arm-none-eabi-10.3-2021.10/bin/../lib/gcc/arm-none-eabi/10.3.1/../../../../arm-none-eabi/lib/thumb/v7-m/nofp\libg.a(lib_a-localeconv.o)
                0x08005f38                _localeconv_r
 .text.__retarget_lock_init_recursive
                0x08005f40        0x4 e:/workspace/clion/gcc-arm-none-eabi-10.3-2021.10/bin/../lib/gcc/arm-none-eabi/10.3.1/../../../../arm-none-eabi/lib/thumb/v7-m/nofp\libg.a(lib_a-lock.o)
                0x08005f40                __retarget_lock_init_recursive
 .text.__retarget_lock_close_recursive
                0x08005f44        0x4 e:/workspace/clion/gcc-arm-none-eabi-10.3-2021.10/bin/../lib/gcc/arm-none-eabi/10.3.1/../../../../arm-none-eabi/lib/thumb/v7-m/nofp\libg.a(lib_a-lock.o)
                0x08005f44                __retarget_lock_close_recursive
 .text.__retarget_lock_acquire_recursive
                0x08005f48        0x4 e:/workspace/clion/gcc-arm-none-eabi-10.3-2021.10/bin/../lib/gcc/arm-none-eabi/10.3.1/../../../../arm-none-eabi/lib/thumb/v7-m/nofp\libg.a(lib_a-lock.o)
                0x08005f48                __retarget_lock_acquire_recursive
 .text.__retarget_lock_release_recursive
                0x08005f4c        0x4 e:/workspace/clion/gcc-arm-none-eabi-10.3-2021.10/bin/../lib/gcc/arm-none-eabi/10.3.1/../../../../arm-none-eabi/lib/thumb/v7-m/nofp\libg.a(lib_a-lock.o)
                0x08005f4c                __retarget_lock_release_recursive
 .text.__smakebuf_r
                0x08005f50       0xe0 e:/workspace/clion/gcc-arm-none-eabi-10.3-2021.10/bin/../lib/gcc/arm-none-eabi/10.3.1/../../../../arm-none-eabi/lib/thumb/v7-m/nofp\libg.a(lib_a-makebuf.o)
                0x08005f50                __smakebuf_r
 .text.__swhatbuf_r
                0x08006030       0x60 e:/workspace/clion/gcc-arm-none-eabi-10.3-2021.10/bin/../lib/gcc/arm-none-eabi/10.3.1/../../../../arm-none-eabi/lib/thumb/v7-m/nofp\libg.a(lib_a-makebuf.o)
                0x08006030                __swhatbuf_r
 .text.malloc   0x08006090       0x10 e:/workspace/clion/gcc-arm-none-eabi-10.3-2021.10/bin/../lib/gcc/arm-none-eabi/10.3.1/../../../../arm-none-eabi/lib/thumb/v7-m/nofp\libg.a(lib_a-malloc.o)
                0x08006090                malloc
 .text._malloc_r
                0x080060a0      0x558 e:/workspace/clion/gcc-arm-none-eabi-10.3-2021.10/bin/../lib/gcc/arm-none-eabi/10.3.1/../../../../arm-none-eabi/lib/thumb/v7-m/nofp\libg.a(lib_a-mallocr.o)
                0x080060a0                _malloc_r
 .text.memchr   0x080065f8       0x90 e:/workspace/clion/gcc-arm-none-eabi-10.3-2021.10/bin/../lib/gcc/arm-none-eabi/10.3.1/../../../../arm-none-eabi/lib/thumb/v7-m/nofp\libg.a(lib_a-memchr-stub.o)
                0x080065f8                memchr
 .text.memmove  0x08006688       0xf8 e:/workspace/clion/gcc-arm-none-eabi-10.3-2021.10/bin/../lib/gcc/arm-none-eabi/10.3.1/../../../../arm-none-eabi/lib/thumb/v7-m/nofp\libg.a(lib_a-memmove.o)
                0x08006688                memmove
 .text.__malloc_lock
                0x08006780        0xc e:/workspace/clion/gcc-arm-none-eabi-10.3-2021.10/bin/../lib/gcc/arm-none-eabi/10.3.1/../../../../arm-none-eabi/lib/thumb/v7-m/nofp\libg.a(lib_a-mlock.o)
                0x08006780                __malloc_lock
 .text.__malloc_unlock
                0x0800678c        0xc e:/workspace/clion/gcc-arm-none-eabi-10.3-2021.10/bin/../lib/gcc/arm-none-eabi/10.3.1/../../../../arm-none-eabi/lib/thumb/v7-m/nofp\libg.a(lib_a-mlock.o)
                0x0800678c                __malloc_unlock
 .text._Balloc  0x08006798       0x4c e:/workspace/clion/gcc-arm-none-eabi-10.3-2021.10/bin/../lib/gcc/arm-none-eabi/10.3.1/../../../../arm-none-eabi/lib/thumb/v7-m/nofp\libg.a(lib_a-mprec.o)
                0x08006798                _Balloc
 .text._Bfree   0x080067e4       0x14 e:/workspace/clion/gcc-arm-none-eabi-10.3-2021.10/bin/../lib/gcc/arm-none-eabi/10.3.1/../../../../arm-none-eabi/lib/thumb/v7-m/nofp\libg.a(lib_a-mprec.o)
                0x080067e4                _Bfree
 .text.__multadd
                0x080067f8       0xa4 e:/workspace/clion/gcc-arm-none-eabi-10.3-2021.10/bin/../lib/gcc/arm-none-eabi/10.3.1/../../../../arm-none-eabi/lib/thumb/v7-m/nofp\libg.a(lib_a-mprec.o)
                0x080067f8                __multadd
 .text.__hi0bits
                0x0800689c       0x40 e:/workspace/clion/gcc-arm-none-eabi-10.3-2021.10/bin/../lib/gcc/arm-none-eabi/10.3.1/../../../../arm-none-eabi/lib/thumb/v7-m/nofp\libg.a(lib_a-mprec.o)
                0x0800689c                __hi0bits
 .text.__lo0bits
                0x080068dc       0x58 e:/workspace/clion/gcc-arm-none-eabi-10.3-2021.10/bin/../lib/gcc/arm-none-eabi/10.3.1/../../../../arm-none-eabi/lib/thumb/v7-m/nofp\libg.a(lib_a-mprec.o)
                0x080068dc                __lo0bits
 .text.__i2b    0x08006934       0x5c e:/workspace/clion/gcc-arm-none-eabi-10.3-2021.10/bin/../lib/gcc/arm-none-eabi/10.3.1/../../../../arm-none-eabi/lib/thumb/v7-m/nofp\libg.a(lib_a-mprec.o)
                0x08006934                __i2b
 .text.__multiply
                0x08006990      0x15c e:/workspace/clion/gcc-arm-none-eabi-10.3-2021.10/bin/../lib/gcc/arm-none-eabi/10.3.1/../../../../arm-none-eabi/lib/thumb/v7-m/nofp\libg.a(lib_a-mprec.o)
                0x08006990                __multiply
 .text.__pow5mult
                0x08006aec       0xb8 e:/workspace/clion/gcc-arm-none-eabi-10.3-2021.10/bin/../lib/gcc/arm-none-eabi/10.3.1/../../../../arm-none-eabi/lib/thumb/v7-m/nofp\libg.a(lib_a-mprec.o)
                0x08006aec                __pow5mult
 .text.__lshift
                0x08006ba4       0xec e:/workspace/clion/gcc-arm-none-eabi-10.3-2021.10/bin/../lib/gcc/arm-none-eabi/10.3.1/../../../../arm-none-eabi/lib/thumb/v7-m/nofp\libg.a(lib_a-mprec.o)
                0x08006ba4                __lshift
 .text.__mcmp   0x08006c90       0x40 e:/workspace/clion/gcc-arm-none-eabi-10.3-2021.10/bin/../lib/gcc/arm-none-eabi/10.3.1/../../../../arm-none-eabi/lib/thumb/v7-m/nofp\libg.a(lib_a-mprec.o)
                0x08006c90                __mcmp
 .text.__mdiff  0x08006cd0      0x14c e:/workspace/clion/gcc-arm-none-eabi-10.3-2021.10/bin/../lib/gcc/arm-none-eabi/10.3.1/../../../../arm-none-eabi/lib/thumb/v7-m/nofp\libg.a(lib_a-mprec.o)
                0x08006cd0                __mdiff
 .text.__d2b    0x08006e1c       0xc4 e:/workspace/clion/gcc-arm-none-eabi-10.3-2021.10/bin/../lib/gcc/arm-none-eabi/10.3.1/../../../../arm-none-eabi/lib/thumb/v7-m/nofp\libg.a(lib_a-mprec.o)
                0x08006e1c                __d2b
 .text._realloc_r
                0x08006ee0      0x3dc e:/workspace/clion/gcc-arm-none-eabi-10.3-2021.10/bin/../lib/gcc/arm-none-eabi/10.3.1/../../../../arm-none-eabi/lib/thumb/v7-m/nofp\libg.a(lib_a-reallocr.o)
                0x08006ee0                _realloc_r
 .text.frexp    0x080072bc       0x70 e:/workspace/clion/gcc-arm-none-eabi-10.3-2021.10/bin/../lib/gcc/arm-none-eabi/10.3.1/../../../../arm-none-eabi/lib/thumb/v7-m/nofp\libg.a(lib_a-s_frexp.o)
                0x080072bc                frexp
 .text._sbrk_r  0x0800732c       0x24 e:/workspace/clion/gcc-arm-none-eabi-10.3-2021.10/bin/../lib/gcc/arm-none-eabi/10.3.1/../../../../arm-none-eabi/lib/thumb/v7-m/nofp\libg.a(lib_a-sbrkr.o)
                0x0800732c                _sbrk_r
 .text.__sread  0x08007350       0x24 e:/workspace/clion/gcc-arm-none-eabi-10.3-2021.10/bin/../lib/gcc/arm-none-eabi/10.3.1/../../../../arm-none-eabi/lib/thumb/v7-m/nofp\libg.a(lib_a-stdio.o)
                0x08007350                __sread
 .text.__swrite
                0x08007374       0x40 e:/workspace/clion/gcc-arm-none-eabi-10.3-2021.10/bin/../lib/gcc/arm-none-eabi/10.3.1/../../../../arm-none-eabi/lib/thumb/v7-m/nofp\libg.a(lib_a-stdio.o)
                0x08007374                __swrite
 .text.__sseek  0x080073b4       0x20 e:/workspace/clion/gcc-arm-none-eabi-10.3-2021.10/bin/../lib/gcc/arm-none-eabi/10.3.1/../../../../arm-none-eabi/lib/thumb/v7-m/nofp\libg.a(lib_a-stdio.o)
                0x080073b4                __sseek
 .text.__sclose
                0x080073d4        0x8 e:/workspace/clion/gcc-arm-none-eabi-10.3-2021.10/bin/../lib/gcc/arm-none-eabi/10.3.1/../../../../arm-none-eabi/lib/thumb/v7-m/nofp\libg.a(lib_a-stdio.o)
                0x080073d4                __sclose
 .text.strncpy  0x080073dc       0x68 e:/workspace/clion/gcc-arm-none-eabi-10.3-2021.10/bin/../lib/gcc/arm-none-eabi/10.3.1/../../../../arm-none-eabi/lib/thumb/v7-m/nofp\libg.a(lib_a-strncpy.o)
                0x080073dc                strncpy
 .text.__sprint_r.part.0
                0x08007444       0x78 e:/workspace/clion/gcc-arm-none-eabi-10.3-2021.10/bin/../lib/gcc/arm-none-eabi/10.3.1/../../../../arm-none-eabi/lib/thumb/v7-m/nofp\libg.a(lib_a-vfiprintf.o)
 .text.__sprint_r
                0x080074bc       0x14 e:/workspace/clion/gcc-arm-none-eabi-10.3-2021.10/bin/../lib/gcc/arm-none-eabi/10.3.1/../../../../arm-none-eabi/lib/thumb/v7-m/nofp\libg.a(lib_a-vfiprintf.o)
                0x080074bc                __sprint_r
 .text._vfiprintf_r
                0x080074d0      0xd98 e:/workspace/clion/gcc-arm-none-eabi-10.3-2021.10/bin/../lib/gcc/arm-none-eabi/10.3.1/../../../../arm-none-eabi/lib/thumb/v7-m/nofp\libg.a(lib_a-vfiprintf.o)
                0x080074d0                _vfiprintf_r
 .text.__sbprintf
                0x08008268       0x84 e:/workspace/clion/gcc-arm-none-eabi-10.3-2021.10/bin/../lib/gcc/arm-none-eabi/10.3.1/../../../../arm-none-eabi/lib/thumb/v7-m/nofp\libg.a(lib_a-vfiprintf.o)
 .text._write_r
                0x080082ec       0x2c e:/workspace/clion/gcc-arm-none-eabi-10.3-2021.10/bin/../lib/gcc/arm-none-eabi/10.3.1/../../../../arm-none-eabi/lib/thumb/v7-m/nofp\libg.a(lib_a-writer.o)
                0x080082ec                _write_r
 .text.__register_exitproc
                0x08008318       0x8c e:/workspace/clion/gcc-arm-none-eabi-10.3-2021.10/bin/../lib/gcc/arm-none-eabi/10.3.1/../../../../arm-none-eabi/lib/thumb/v7-m/nofp\libg.a(lib_a-__atexit.o)
                0x08008318                __register_exitproc
 .text.__assert_func
                0x080083a4       0x40 e:/workspace/clion/gcc-arm-none-eabi-10.3-2021.10/bin/../lib/gcc/arm-none-eabi/10.3.1/../../../../arm-none-eabi/lib/thumb/v7-m/nofp\libg.a(lib_a-assert.o)
                0x080083a4                __assert_func
 .text._calloc_r
                0x080083e4       0x78 e:/workspace/clion/gcc-arm-none-eabi-10.3-2021.10/bin/../lib/gcc/arm-none-eabi/10.3.1/../../../../arm-none-eabi/lib/thumb/v7-m/nofp\libg.a(lib_a-callocr.o)
                0x080083e4                _calloc_r
 .text._close_r
                0x0800845c       0x24 e:/workspace/clion/gcc-arm-none-eabi-10.3-2021.10/bin/../lib/gcc/arm-none-eabi/10.3.1/../../../../arm-none-eabi/lib/thumb/v7-m/nofp\libg.a(lib_a-closer.o)
                0x0800845c                _close_r
 .text._fclose_r
                0x08008480       0xcc e:/workspace/clion/gcc-arm-none-eabi-10.3-2021.10/bin/../lib/gcc/arm-none-eabi/10.3.1/../../../../arm-none-eabi/lib/thumb/v7-m/nofp\libg.a(lib_a-fclose.o)
                0x08008480                _fclose_r
 .text.fiprintf
                0x0800854c       0x28 e:/workspace/clion/gcc-arm-none-eabi-10.3-2021.10/bin/../lib/gcc/arm-none-eabi/10.3.1/../../../../arm-none-eabi/lib/thumb/v7-m/nofp\libg.a(lib_a-fiprintf.o)
                0x0800854c                fiprintf
 .text.__fputwc
                0x08008574       0xa0 e:/workspace/clion/gcc-arm-none-eabi-10.3-2021.10/bin/../lib/gcc/arm-none-eabi/10.3.1/../../../../arm-none-eabi/lib/thumb/v7-m/nofp\libg.a(lib_a-fputwc.o)
                0x08008574                __fputwc
 .text._fputwc_r
                0x08008614       0x68 e:/workspace/clion/gcc-arm-none-eabi-10.3-2021.10/bin/../lib/gcc/arm-none-eabi/10.3.1/../../../../arm-none-eabi/lib/thumb/v7-m/nofp\libg.a(lib_a-fputwc.o)
                0x08008614                _fputwc_r
 .text._fstat_r
                0x0800867c       0x28 e:/workspace/clion/gcc-arm-none-eabi-10.3-2021.10/bin/../lib/gcc/arm-none-eabi/10.3.1/../../../../arm-none-eabi/lib/thumb/v7-m/nofp\libg.a(lib_a-fstatr.o)
                0x0800867c                _fstat_r
 .text._isatty_r
                0x080086a4       0x24 e:/workspace/clion/gcc-arm-none-eabi-10.3-2021.10/bin/../lib/gcc/arm-none-eabi/10.3.1/../../../../arm-none-eabi/lib/thumb/v7-m/nofp\libg.a(lib_a-isattyr.o)
                0x080086a4                _isatty_r
 .text.__locale_mb_cur_max
                0x080086c8        0xc e:/workspace/clion/gcc-arm-none-eabi-10.3-2021.10/bin/../lib/gcc/arm-none-eabi/10.3.1/../../../../arm-none-eabi/lib/thumb/v7-m/nofp\libg.a(lib_a-locale.o)
                0x080086c8                __locale_mb_cur_max
 .text._lseek_r
                0x080086d4       0x2c e:/workspace/clion/gcc-arm-none-eabi-10.3-2021.10/bin/../lib/gcc/arm-none-eabi/10.3.1/../../../../arm-none-eabi/lib/thumb/v7-m/nofp\libg.a(lib_a-lseekr.o)
                0x080086d4                _lseek_r
 .text.__ascii_mbtowc
                0x08008700       0x2c e:/workspace/clion/gcc-arm-none-eabi-10.3-2021.10/bin/../lib/gcc/arm-none-eabi/10.3.1/../../../../arm-none-eabi/lib/thumb/v7-m/nofp\libg.a(lib_a-mbtowc_r.o)
                0x08008700                __ascii_mbtowc
 .text._read_r  0x0800872c       0x2c e:/workspace/clion/gcc-arm-none-eabi-10.3-2021.10/bin/../lib/gcc/arm-none-eabi/10.3.1/../../../../arm-none-eabi/lib/thumb/v7-m/nofp\libg.a(lib_a-readr.o)
                0x0800872c                _read_r
 .text.__swbuf_r
                0x08008758       0xb0 e:/workspace/clion/gcc-arm-none-eabi-10.3-2021.10/bin/../lib/gcc/arm-none-eabi/10.3.1/../../../../arm-none-eabi/lib/thumb/v7-m/nofp\libg.a(lib_a-wbuf.o)
                0x08008758                __swbuf_r
 .text._wcrtomb_r
                0x08008808       0x3c e:/workspace/clion/gcc-arm-none-eabi-10.3-2021.10/bin/../lib/gcc/arm-none-eabi/10.3.1/../../../../arm-none-eabi/lib/thumb/v7-m/nofp\libg.a(lib_a-wcrtomb.o)
                0x08008808                _wcrtomb_r
 .text.__ascii_wctomb
                0x08008844       0x1c e:/workspace/clion/gcc-arm-none-eabi-10.3-2021.10/bin/../lib/gcc/arm-none-eabi/10.3.1/../../../../arm-none-eabi/lib/thumb/v7-m/nofp\libg.a(lib_a-wctomb_r.o)
                0x08008844                __ascii_wctomb
 .text.abort    0x08008860       0x10 e:/workspace/clion/gcc-arm-none-eabi-10.3-2021.10/bin/../lib/gcc/arm-none-eabi/10.3.1/../../../../arm-none-eabi/lib/thumb/v7-m/nofp\libg.a(lib_a-abort.o)
                0x08008860                abort
 .text.raise    0x08008870       0x5c e:/workspace/clion/gcc-arm-none-eabi-10.3-2021.10/bin/../lib/gcc/arm-none-eabi/10.3.1/../../../../arm-none-eabi/lib/thumb/v7-m/nofp\libg.a(lib_a-signal.o)
                0x08008870                raise
 .text._kill_r  0x080088cc       0x28 e:/workspace/clion/gcc-arm-none-eabi-10.3-2021.10/bin/../lib/gcc/arm-none-eabi/10.3.1/../../../../arm-none-eabi/lib/thumb/v7-m/nofp\libg.a(lib_a-signalr.o)
                0x080088cc                _kill_r
 .text._getpid_r
                0x080088f4        0x4 e:/workspace/clion/gcc-arm-none-eabi-10.3-2021.10/bin/../lib/gcc/arm-none-eabi/10.3.1/../../../../arm-none-eabi/lib/thumb/v7-m/nofp\libg.a(lib_a-signalr.o)
                0x080088f4                _getpid_r
 *(.glue_7)
 .glue_7        0x080088f8        0x0 linker stubs
 *(.glue_7t)
 .glue_7t       0x080088f8        0x0 linker stubs
 *(.eh_frame)
 .eh_frame      0x080088f8        0x0 e:/workspace/clion/gcc-arm-none-eabi-10.3-2021.10/bin/../lib/gcc/arm-none-eabi/10.3.1/thumb/v7-m/nofp/crtbegin.o
 *(.init)
 .init          0x080088f8        0x4 e:/workspace/clion/gcc-arm-none-eabi-10.3-2021.10/bin/../lib/gcc/arm-none-eabi/10.3.1/thumb/v7-m/nofp/crti.o
                0x080088f8                _init
 .init          0x080088fc        0x8 e:/workspace/clion/gcc-arm-none-eabi-10.3-2021.10/bin/../lib/gcc/arm-none-eabi/10.3.1/thumb/v7-m/nofp/crtn.o
 *(.fini)
 .fini          0x08008904        0x4 e:/workspace/clion/gcc-arm-none-eabi-10.3-2021.10/bin/../lib/gcc/arm-none-eabi/10.3.1/thumb/v7-m/nofp/crti.o
                0x08008904                _fini
 .fini          0x08008908        0x8 e:/workspace/clion/gcc-arm-none-eabi-10.3-2021.10/bin/../lib/gcc/arm-none-eabi/10.3.1/thumb/v7-m/nofp/crtn.o
                0x08008910                . = ALIGN (0x4)
                0x08008910                _etext = .

.vfp11_veneer   0x08008910        0x0
 .vfp11_veneer  0x08008910        0x0 linker stubs

.v4_bx          0x08008910        0x0
 .v4_bx         0x08008910        0x0 linker stubs

.iplt           0x08008910        0x0
 .iplt          0x08008910        0x0 e:/workspace/clion/gcc-arm-none-eabi-10.3-2021.10/bin/../lib/gcc/arm-none-eabi/10.3.1/thumb/v7-m/nofp/crtbegin.o

.rodata         0x08008910      0x450
                0x08008910                . = ALIGN (0x4)
 *(.rodata)
 *(.rodata*)
 .rodata.MPU6050_WriteReg.str1.4
                0x08008910        0x9 CMakeFiles/STM32_MPU6050.elf.dir/Core/Src/main.c.obj
                                 0x11 (size before relaxing)
 *fill*         0x08008919        0x3 
 .rodata.addr_search.str1.4
                0x0800891c        0x9 CMakeFiles/STM32_MPU6050.elf.dir/Core/Src/main.c.obj
 *fill*         0x08008925        0x3 
 .rodata.main.str1.4
                0x08008928        0xb CMakeFiles/STM32_MPU6050.elf.dir/Core/Src/main.c.obj
 *fill*         0x08008933        0x1 
 .rodata.AHBPrescTable
                0x08008934       0x10 CMakeFiles/STM32_MPU6050.elf.dir/Core/Src/system_stm32f1xx.c.obj
                0x08008934                AHBPrescTable
 .rodata.APBPrescTable
                0x08008944        0x8 CMakeFiles/STM32_MPU6050.elf.dir/Core/Src/system_stm32f1xx.c.obj
                0x08008944                APBPrescTable
 .rodata.aPLLMULFactorTable.1
                0x0800894c       0x10 CMakeFiles/STM32_MPU6050.elf.dir/Drivers/STM32F1xx_HAL_Driver/Src/stm32f1xx_hal_rcc.c.obj
 .rodata.aPredivFactorTable.0
                0x0800895c        0x2 CMakeFiles/STM32_MPU6050.elf.dir/Drivers/STM32F1xx_HAL_Driver/Src/stm32f1xx_hal_rcc.c.obj
 *fill*         0x0800895e        0x2 
 .rodata._global_impure_ptr
                0x08008960        0x4 e:/workspace/clion/gcc-arm-none-eabi-10.3-2021.10/bin/../lib/gcc/arm-none-eabi/10.3.1/../../../../arm-none-eabi/lib/thumb/v7-m/nofp\libg.a(lib_a-impure.o)
                0x08008960                _global_impure_ptr
 .rodata._puts_r.str1.4
                0x08008964        0x2 e:/workspace/clion/gcc-arm-none-eabi-10.3-2021.10/bin/../lib/gcc/arm-none-eabi/10.3.1/../../../../arm-none-eabi/lib/thumb/v7-m/nofp\libg.a(lib_a-puts.o)
 *fill*         0x08008966        0x2 
 .rodata._vfprintf_r.str1.4
                0x08008968       0x42 e:/workspace/clion/gcc-arm-none-eabi-10.3-2021.10/bin/../lib/gcc/arm-none-eabi/10.3.1/../../../../arm-none-eabi/lib/thumb/v7-m/nofp\libg.a(lib_a-vfprintf.o)
 *fill*         0x080089aa        0x2 
 .rodata.blanks.1
                0x080089ac       0x10 e:/workspace/clion/gcc-arm-none-eabi-10.3-2021.10/bin/../lib/gcc/arm-none-eabi/10.3.1/../../../../arm-none-eabi/lib/thumb/v7-m/nofp\libg.a(lib_a-vfprintf.o)
 .rodata.zeroes.0
                0x080089bc       0x10 e:/workspace/clion/gcc-arm-none-eabi-10.3-2021.10/bin/../lib/gcc/arm-none-eabi/10.3.1/../../../../arm-none-eabi/lib/thumb/v7-m/nofp\libg.a(lib_a-vfprintf.o)
 .rodata._dtoa_r.str1.4
                0x080089cc       0xa2 e:/workspace/clion/gcc-arm-none-eabi-10.3-2021.10/bin/../lib/gcc/arm-none-eabi/10.3.1/../../../../arm-none-eabi/lib/thumb/v7-m/nofp\libg.a(lib_a-dtoa.o)
                                 0xa6 (size before relaxing)
 *fill*         0x08008a6e        0x2 
 .rodata.__multadd.str1.4
                0x08008a70       0x7f e:/workspace/clion/gcc-arm-none-eabi-10.3-2021.10/bin/../lib/gcc/arm-none-eabi/10.3.1/../../../../arm-none-eabi/lib/thumb/v7-m/nofp\libg.a(lib_a-mprec.o)
                                 0x93 (size before relaxing)
 *fill*         0x08008aef        0x1 
 .rodata.__mprec_bigtens
                0x08008af0       0x28 e:/workspace/clion/gcc-arm-none-eabi-10.3-2021.10/bin/../lib/gcc/arm-none-eabi/10.3.1/../../../../arm-none-eabi/lib/thumb/v7-m/nofp\libg.a(lib_a-mprec.o)
                0x08008af0                __mprec_bigtens
 .rodata.__mprec_tens
                0x08008b18       0xc8 e:/workspace/clion/gcc-arm-none-eabi-10.3-2021.10/bin/../lib/gcc/arm-none-eabi/10.3.1/../../../../arm-none-eabi/lib/thumb/v7-m/nofp\libg.a(lib_a-mprec.o)
                0x08008b18                __mprec_tens
 .rodata.p05.0  0x08008be0        0xc e:/workspace/clion/gcc-arm-none-eabi-10.3-2021.10/bin/../lib/gcc/arm-none-eabi/10.3.1/../../../../arm-none-eabi/lib/thumb/v7-m/nofp\libg.a(lib_a-mprec.o)
 .rodata._vfiprintf_r.str1.4
                0x08008bec       0x2f e:/workspace/clion/gcc-arm-none-eabi-10.3-2021.10/bin/../lib/gcc/arm-none-eabi/10.3.1/../../../../arm-none-eabi/lib/thumb/v7-m/nofp\libg.a(lib_a-vfiprintf.o)
 .rodata.blanks.1
                0x08008bec       0x10 e:/workspace/clion/gcc-arm-none-eabi-10.3-2021.10/bin/../lib/gcc/arm-none-eabi/10.3.1/../../../../arm-none-eabi/lib/thumb/v7-m/nofp\libg.a(lib_a-vfiprintf.o)
 .rodata.zeroes.0
                0x08008bfc       0x10 e:/workspace/clion/gcc-arm-none-eabi-10.3-2021.10/bin/../lib/gcc/arm-none-eabi/10.3.1/../../../../arm-none-eabi/lib/thumb/v7-m/nofp\libg.a(lib_a-vfiprintf.o)
 .rodata.__assert_func.str1.4
                0x08008c0c       0x3f e:/workspace/clion/gcc-arm-none-eabi-10.3-2021.10/bin/../lib/gcc/arm-none-eabi/10.3.1/../../../../arm-none-eabi/lib/thumb/v7-m/nofp\libg.a(lib_a-assert.o)
                                 0x43 (size before relaxing)
 *fill*         0x08008c4b        0x1 
 .rodata._setlocale_r.str1.4
                0x08008c4c        0xa e:/workspace/clion/gcc-arm-none-eabi-10.3-2021.10/bin/../lib/gcc/arm-none-eabi/10.3.1/../../../../arm-none-eabi/lib/thumb/v7-m/nofp\libg.a(lib_a-locale.o)
                                  0xd (size before relaxing)
 *fill*         0x08008c56        0x2 
 .rodata.str1.4
                0x08008c58        0x2 e:/workspace/clion/gcc-arm-none-eabi-10.3-2021.10/bin/../lib/gcc/arm-none-eabi/10.3.1/../../../../arm-none-eabi/lib/thumb/v7-m/nofp\libg.a(lib_a-locale.o)
 *fill*         0x08008c5a        0x2 
 .rodata._ctype_
                0x08008c5c      0x101 e:/workspace/clion/gcc-arm-none-eabi-10.3-2021.10/bin/../lib/gcc/arm-none-eabi/10.3.1/../../../../arm-none-eabi/lib/thumb/v7-m/nofp\libg.a(lib_a-ctype_.o)
                0x08008c5c                _ctype_
                0x08008d60                . = ALIGN (0x4)
 *fill*         0x08008d5d        0x3 

.ARM.extab      0x08008d60        0x0
                0x08008d60                . = ALIGN (0x4)
 *(.ARM.extab* .gnu.linkonce.armextab.*)
                0x08008d60                . = ALIGN (0x4)

.ARM            0x08008d60        0x8
                0x08008d60                . = ALIGN (0x4)
                0x08008d60                __exidx_start = .
 *(.ARM.exidx*)
 .ARM.exidx     0x08008d60        0x8 e:/workspace/clion/gcc-arm-none-eabi-10.3-2021.10/bin/../lib/gcc/arm-none-eabi/10.3.1/thumb/v7-m/nofp\libgcc.a(_udivmoddi4.o)
                0x08008d68                __exidx_end = .
                0x08008d68                . = ALIGN (0x4)

.rel.dyn        0x08008d68        0x0
 .rel.iplt      0x08008d68        0x0 e:/workspace/clion/gcc-arm-none-eabi-10.3-2021.10/bin/../lib/gcc/arm-none-eabi/10.3.1/thumb/v7-m/nofp/crtbegin.o

.preinit_array  0x08008d68        0x0
                0x08008d68                . = ALIGN (0x4)
                0x08008d68                PROVIDE (__preinit_array_start = .)
 *(.preinit_array*)
                0x08008d68                PROVIDE (__preinit_array_end = .)
                0x08008d68                . = ALIGN (0x4)

.init_array     0x08008d68        0x8
                0x08008d68                . = ALIGN (0x4)
                0x08008d68                PROVIDE (__init_array_start = .)
 *(SORT_BY_NAME(.init_array.*))
 .init_array.00000
                0x08008d68        0x4 e:/workspace/clion/gcc-arm-none-eabi-10.3-2021.10/bin/../lib/gcc/arm-none-eabi/10.3.1/../../../../arm-none-eabi/lib/thumb/v7-m/nofp\libg.a(lib_a-__call_atexit.o)
 *(.init_array*)
 .init_array    0x08008d6c        0x4 e:/workspace/clion/gcc-arm-none-eabi-10.3-2021.10/bin/../lib/gcc/arm-none-eabi/10.3.1/thumb/v7-m/nofp/crtbegin.o
                0x08008d70                PROVIDE (__init_array_end = .)
                0x08008d70                . = ALIGN (0x4)

.fini_array     0x08008d70        0x4
                0x08008d70                . = ALIGN (0x4)
                0x08008d70                PROVIDE (__fini_array_start = .)
 *(SORT_BY_NAME(.fini_array.*))
 *(.fini_array*)
 .fini_array    0x08008d70        0x4 e:/workspace/clion/gcc-arm-none-eabi-10.3-2021.10/bin/../lib/gcc/arm-none-eabi/10.3.1/thumb/v7-m/nofp/crtbegin.o
                0x08008d74                PROVIDE (__fini_array_end = .)
                0x08008d74                . = ALIGN (0x4)
                0x08008d74                _sidata = LOADADDR (.data)

.data           0x20000000      0x9b8 load address 0x08008d74
                0x20000000                . = ALIGN (0x4)
                0x20000000                _sdata = .
 *(.data)
 *(.data*)
 .data.SystemCoreClock
                0x20000000        0x4 CMakeFiles/STM32_MPU6050.elf.dir/Core/Src/system_stm32f1xx.c.obj
                0x20000000                SystemCoreClock
 .data.uwTickFreq
                0x20000004        0x1 CMakeFiles/STM32_MPU6050.elf.dir/Drivers/STM32F1xx_HAL_Driver/Src/stm32f1xx_hal.c.obj
                0x20000004                uwTickFreq
 *fill*         0x20000005        0x3 
 .data.uwTickPrio
                0x20000008        0x4 CMakeFiles/STM32_MPU6050.elf.dir/Drivers/STM32F1xx_HAL_Driver/Src/stm32f1xx_hal.c.obj
                0x20000008                uwTickPrio
 .data._impure_ptr
                0x2000000c        0x4 e:/workspace/clion/gcc-arm-none-eabi-10.3-2021.10/bin/../lib/gcc/arm-none-eabi/10.3.1/../../../../arm-none-eabi/lib/thumb/v7-m/nofp\libg.a(lib_a-impure.o)
                0x2000000c                _impure_ptr
 .data.impure_data
                0x20000010      0x428 e:/workspace/clion/gcc-arm-none-eabi-10.3-2021.10/bin/../lib/gcc/arm-none-eabi/10.3.1/../../../../arm-none-eabi/lib/thumb/v7-m/nofp\libg.a(lib_a-impure.o)
 .data.__atexit_recursive_mutex
                0x20000438        0x4 e:/workspace/clion/gcc-arm-none-eabi-10.3-2021.10/bin/../lib/gcc/arm-none-eabi/10.3.1/../../../../arm-none-eabi/lib/thumb/v7-m/nofp\libg.a(lib_a-__call_atexit.o)
                0x20000438                __atexit_recursive_mutex
 .data.__malloc_av_
                0x2000043c      0x408 e:/workspace/clion/gcc-arm-none-eabi-10.3-2021.10/bin/../lib/gcc/arm-none-eabi/10.3.1/../../../../arm-none-eabi/lib/thumb/v7-m/nofp\libg.a(lib_a-mallocr.o)
                0x2000043c                __malloc_av_
 .data.__malloc_sbrk_base
                0x20000844        0x4 e:/workspace/clion/gcc-arm-none-eabi-10.3-2021.10/bin/../lib/gcc/arm-none-eabi/10.3.1/../../../../arm-none-eabi/lib/thumb/v7-m/nofp\libg.a(lib_a-mallocr.o)
                0x20000844                __malloc_sbrk_base
 .data.__malloc_trim_threshold
                0x20000848        0x4 e:/workspace/clion/gcc-arm-none-eabi-10.3-2021.10/bin/../lib/gcc/arm-none-eabi/10.3.1/../../../../arm-none-eabi/lib/thumb/v7-m/nofp\libg.a(lib_a-mallocr.o)
                0x20000848                __malloc_trim_threshold
 .data.__global_locale
                0x2000084c      0x16c e:/workspace/clion/gcc-arm-none-eabi-10.3-2021.10/bin/../lib/gcc/arm-none-eabi/10.3.1/../../../../arm-none-eabi/lib/thumb/v7-m/nofp\libg.a(lib_a-locale.o)
                0x2000084c                __global_locale
 *(.RamFunc)
 *(.RamFunc*)
                0x200009b8                . = ALIGN (0x4)
                0x200009b8                _edata = .

.igot.plt       0x200009b8        0x0 load address 0x0800972c
 .igot.plt      0x200009b8        0x0 e:/workspace/clion/gcc-arm-none-eabi-10.3-2021.10/bin/../lib/gcc/arm-none-eabi/10.3.1/thumb/v7-m/nofp/crtbegin.o
                0x200009b8                . = ALIGN (0x4)

.bss            0x200009b8      0x104 load address 0x0800972c
                0x200009b8                _sbss = .
                0x200009b8                __bss_start__ = _sbss
 *(.bss)
 .bss           0x200009b8       0x1c e:/workspace/clion/gcc-arm-none-eabi-10.3-2021.10/bin/../lib/gcc/arm-none-eabi/10.3.1/thumb/v7-m/nofp/crtbegin.o
 *(.bss*)
 .bss.ID        0x200009d4        0x1 CMakeFiles/STM32_MPU6050.elf.dir/Core/Src/main.c.obj
                0x200009d4                ID
 *fill*         0x200009d5        0x3 
 .bss.gHuart    0x200009d8        0x4 CMakeFiles/STM32_MPU6050.elf.dir/Core/Src/retarget.c.obj
                0x200009d8                gHuart
 .bss.__sbrk_heap_end
                0x200009dc        0x4 CMakeFiles/STM32_MPU6050.elf.dir/Core/Src/sysmem.c.obj
 .bss.htim1     0x200009e0       0x48 CMakeFiles/STM32_MPU6050.elf.dir/Core/Src/tim.c.obj
                0x200009e0                htim1
 .bss.huart1    0x20000a28       0x48 CMakeFiles/STM32_MPU6050.elf.dir/Core/Src/usart.c.obj
                0x20000a28                huart1
 .bss.uwTick    0x20000a70        0x4 CMakeFiles/STM32_MPU6050.elf.dir/Drivers/STM32F1xx_HAL_Driver/Src/stm32f1xx_hal.c.obj
                0x20000a70                uwTick
 .bss.__lock___atexit_recursive_mutex
                0x20000a74        0x1 e:/workspace/clion/gcc-arm-none-eabi-10.3-2021.10/bin/../lib/gcc/arm-none-eabi/10.3.1/../../../../arm-none-eabi/lib/thumb/v7-m/nofp\libg.a(lib_a-lock.o)
                0x20000a74                __lock___atexit_recursive_mutex
 *fill*         0x20000a75        0x3 
 .bss.__lock___malloc_recursive_mutex
                0x20000a78        0x1 e:/workspace/clion/gcc-arm-none-eabi-10.3-2021.10/bin/../lib/gcc/arm-none-eabi/10.3.1/../../../../arm-none-eabi/lib/thumb/v7-m/nofp\libg.a(lib_a-lock.o)
                0x20000a78                __lock___malloc_recursive_mutex
 *fill*         0x20000a79        0x3 
 .bss.__lock___sfp_recursive_mutex
                0x20000a7c        0x1 e:/workspace/clion/gcc-arm-none-eabi-10.3-2021.10/bin/../lib/gcc/arm-none-eabi/10.3.1/../../../../arm-none-eabi/lib/thumb/v7-m/nofp\libg.a(lib_a-lock.o)
                0x20000a7c                __lock___sfp_recursive_mutex
 *fill*         0x20000a7d        0x3 
 .bss.__lock___sinit_recursive_mutex
                0x20000a80        0x1 e:/workspace/clion/gcc-arm-none-eabi-10.3-2021.10/bin/../lib/gcc/arm-none-eabi/10.3.1/../../../../arm-none-eabi/lib/thumb/v7-m/nofp\libg.a(lib_a-lock.o)
                0x20000a80                __lock___sinit_recursive_mutex
 *fill*         0x20000a81        0x3 
 .bss.__malloc_current_mallinfo
                0x20000a84       0x28 e:/workspace/clion/gcc-arm-none-eabi-10.3-2021.10/bin/../lib/gcc/arm-none-eabi/10.3.1/../../../../arm-none-eabi/lib/thumb/v7-m/nofp\libg.a(lib_a-mallocr.o)
                0x20000a84                __malloc_current_mallinfo
 .bss.__malloc_max_sbrked_mem
                0x20000aac        0x4 e:/workspace/clion/gcc-arm-none-eabi-10.3-2021.10/bin/../lib/gcc/arm-none-eabi/10.3.1/../../../../arm-none-eabi/lib/thumb/v7-m/nofp\libg.a(lib_a-mallocr.o)
                0x20000aac                __malloc_max_sbrked_mem
 .bss.__malloc_max_total_mem
                0x20000ab0        0x4 e:/workspace/clion/gcc-arm-none-eabi-10.3-2021.10/bin/../lib/gcc/arm-none-eabi/10.3.1/../../../../arm-none-eabi/lib/thumb/v7-m/nofp\libg.a(lib_a-mallocr.o)
                0x20000ab0                __malloc_max_total_mem
 .bss.__malloc_top_pad
                0x20000ab4        0x4 e:/workspace/clion/gcc-arm-none-eabi-10.3-2021.10/bin/../lib/gcc/arm-none-eabi/10.3.1/../../../../arm-none-eabi/lib/thumb/v7-m/nofp\libg.a(lib_a-mallocr.o)
                0x20000ab4                __malloc_top_pad
 .bss.errno     0x20000ab8        0x4 e:/workspace/clion/gcc-arm-none-eabi-10.3-2021.10/bin/../lib/gcc/arm-none-eabi/10.3.1/../../../../arm-none-eabi/lib/thumb/v7-m/nofp\libg.a(lib_a-reent.o)
                0x20000ab8                errno
 *(COMMON)
                0x20000abc                . = ALIGN (0x4)
                0x20000abc                _ebss = .
                0x20000abc                __bss_end__ = _ebss

._user_heap_stack
                0x20000abc      0x604 load address 0x0800972c
                0x20000ac0                . = ALIGN (0x8)
 *fill*         0x20000abc        0x4 
                [!provide]                PROVIDE (end = .)
                0x20000ac0                PROVIDE (_end = .)
                0x20000cc0                . = (. + _Min_Heap_Size)
 *fill*         0x20000ac0      0x200 
                0x200010c0                . = (. + _Min_Stack_Size)
 *fill*         0x20000cc0      0x400 
                0x200010c0                . = ALIGN (0x8)

/DISCARD/
 libc.a(*)
 libm.a(*)
 libgcc.a(*)

.ARM.attributes
                0x00000000       0x29
 *(.ARM.attributes)
 .ARM.attributes
                0x00000000       0x1d e:/workspace/clion/gcc-arm-none-eabi-10.3-2021.10/bin/../lib/gcc/arm-none-eabi/10.3.1/thumb/v7-m/nofp/crti.o
 .ARM.attributes
                0x0000001d       0x2d e:/workspace/clion/gcc-arm-none-eabi-10.3-2021.10/bin/../lib/gcc/arm-none-eabi/10.3.1/thumb/v7-m/nofp/crtbegin.o
 .ARM.attributes
                0x0000004a       0x2d CMakeFiles/STM32_MPU6050.elf.dir/Core/Src/gpio.c.obj
 .ARM.attributes
                0x00000077       0x2d CMakeFiles/STM32_MPU6050.elf.dir/Core/Src/main.c.obj
 .ARM.attributes
                0x000000a4       0x2d CMakeFiles/STM32_MPU6050.elf.dir/Core/Src/retarget.c.obj
 .ARM.attributes
                0x000000d1       0x2d CMakeFiles/STM32_MPU6050.elf.dir/Core/Src/stm32f1xx_hal_msp.c.obj
 .ARM.attributes
                0x000000fe       0x2d CMakeFiles/STM32_MPU6050.elf.dir/Core/Src/stm32f1xx_it.c.obj
 .ARM.attributes
                0x0000012b       0x2d CMakeFiles/STM32_MPU6050.elf.dir/Core/Src/syscalls.c.obj
 .ARM.attributes
                0x00000158       0x2d CMakeFiles/STM32_MPU6050.elf.dir/Core/Src/sysmem.c.obj
 .ARM.attributes
                0x00000185       0x2d CMakeFiles/STM32_MPU6050.elf.dir/Core/Src/system_stm32f1xx.c.obj
 .ARM.attributes
                0x000001b2       0x2d CMakeFiles/STM32_MPU6050.elf.dir/Core/Src/tim.c.obj
 .ARM.attributes
                0x000001df       0x2d CMakeFiles/STM32_MPU6050.elf.dir/Core/Src/usart.c.obj
 .ARM.attributes
                0x0000020c       0x21 CMakeFiles/STM32_MPU6050.elf.dir/Core/Startup/startup_stm32f103c8tx.s.obj
 .ARM.attributes
                0x0000022d       0x2d CMakeFiles/STM32_MPU6050.elf.dir/Drivers/STM32F1xx_HAL_Driver/Src/stm32f1xx_hal.c.obj
 .ARM.attributes
                0x0000025a       0x2d CMakeFiles/STM32_MPU6050.elf.dir/Drivers/STM32F1xx_HAL_Driver/Src/stm32f1xx_hal_cortex.c.obj
 .ARM.attributes
                0x00000287       0x2d CMakeFiles/STM32_MPU6050.elf.dir/Drivers/STM32F1xx_HAL_Driver/Src/stm32f1xx_hal_gpio.c.obj
 .ARM.attributes
                0x000002b4       0x2d CMakeFiles/STM32_MPU6050.elf.dir/Drivers/STM32F1xx_HAL_Driver/Src/stm32f1xx_hal_rcc.c.obj
 .ARM.attributes
                0x000002e1       0x2d CMakeFiles/STM32_MPU6050.elf.dir/Drivers/STM32F1xx_HAL_Driver/Src/stm32f1xx_hal_tim.c.obj
 .ARM.attributes
                0x0000030e       0x2d CMakeFiles/STM32_MPU6050.elf.dir/Drivers/STM32F1xx_HAL_Driver/Src/stm32f1xx_hal_tim_ex.c.obj
 .ARM.attributes
                0x0000033b       0x2d CMakeFiles/STM32_MPU6050.elf.dir/Drivers/STM32F1xx_HAL_Driver/Src/stm32f1xx_hal_uart.c.obj
 .ARM.attributes
                0x00000368       0x2d e:/workspace/clion/gcc-arm-none-eabi-10.3-2021.10/bin/../lib/gcc/arm-none-eabi/10.3.1/../../../../arm-none-eabi/lib/thumb/v7-m/nofp\libg.a(lib_a-errno.o)
 .ARM.attributes
                0x00000395       0x2d e:/workspace/clion/gcc-arm-none-eabi-10.3-2021.10/bin/../lib/gcc/arm-none-eabi/10.3.1/../../../../arm-none-eabi/lib/thumb/v7-m/nofp\libg.a(lib_a-impure.o)
 .ARM.attributes
                0x000003c2       0x2d e:/workspace/clion/gcc-arm-none-eabi-10.3-2021.10/bin/../lib/gcc/arm-none-eabi/10.3.1/../../../../arm-none-eabi/lib/thumb/v7-m/nofp\libg.a(lib_a-init.o)
 .ARM.attributes
                0x000003ef       0x2d e:/workspace/clion/gcc-arm-none-eabi-10.3-2021.10/bin/../lib/gcc/arm-none-eabi/10.3.1/../../../../arm-none-eabi/lib/thumb/v7-m/nofp\libg.a(lib_a-memset.o)
 .ARM.attributes
                0x0000041c       0x2d e:/workspace/clion/gcc-arm-none-eabi-10.3-2021.10/bin/../lib/gcc/arm-none-eabi/10.3.1/../../../../arm-none-eabi/lib/thumb/v7-m/nofp\libg.a(lib_a-printf.o)
 .ARM.attributes
                0x00000449       0x2d e:/workspace/clion/gcc-arm-none-eabi-10.3-2021.10/bin/../lib/gcc/arm-none-eabi/10.3.1/../../../../arm-none-eabi/lib/thumb/v7-m/nofp\libg.a(lib_a-puts.o)
 .ARM.attributes
                0x00000476       0x2d e:/workspace/clion/gcc-arm-none-eabi-10.3-2021.10/bin/../lib/gcc/arm-none-eabi/10.3.1/../../../../arm-none-eabi/lib/thumb/v7-m/nofp\libg.a(lib_a-setvbuf.o)
 .ARM.attributes
                0x000004a3       0x2d e:/workspace/clion/gcc-arm-none-eabi-10.3-2021.10/bin/../lib/gcc/arm-none-eabi/10.3.1/../../../../arm-none-eabi/lib/thumb/v7-m/nofp\libg.a(lib_a-strlen-stub.o)
 .ARM.attributes
                0x000004d0       0x2d e:/workspace/clion/gcc-arm-none-eabi-10.3-2021.10/bin/../lib/gcc/arm-none-eabi/10.3.1/../../../../arm-none-eabi/lib/thumb/v7-m/nofp\libg.a(lib_a-vfprintf.o)
 .ARM.attributes
                0x000004fd       0x2d e:/workspace/clion/gcc-arm-none-eabi-10.3-2021.10/bin/../lib/gcc/arm-none-eabi/10.3.1/../../../../arm-none-eabi/lib/thumb/v7-m/nofp\libg.a(lib_a-wsetup.o)
 .ARM.attributes
                0x0000052a       0x2d e:/workspace/clion/gcc-arm-none-eabi-10.3-2021.10/bin/../lib/gcc/arm-none-eabi/10.3.1/../../../../arm-none-eabi/lib/thumb/v7-m/nofp\libg.a(lib_a-__call_atexit.o)
 .ARM.attributes
                0x00000557       0x2d e:/workspace/clion/gcc-arm-none-eabi-10.3-2021.10/bin/../lib/gcc/arm-none-eabi/10.3.1/../../../../arm-none-eabi/lib/thumb/v7-m/nofp\libg.a(lib_a-atexit.o)
 .ARM.attributes
                0x00000584       0x2d e:/workspace/clion/gcc-arm-none-eabi-10.3-2021.10/bin/../lib/gcc/arm-none-eabi/10.3.1/../../../../arm-none-eabi/lib/thumb/v7-m/nofp\libg.a(lib_a-dtoa.o)
 .ARM.attributes
                0x000005b1       0x2d e:/workspace/clion/gcc-arm-none-eabi-10.3-2021.10/bin/../lib/gcc/arm-none-eabi/10.3.1/../../../../arm-none-eabi/lib/thumb/v7-m/nofp\libg.a(lib_a-fflush.o)
 .ARM.attributes
                0x000005de       0x2d e:/workspace/clion/gcc-arm-none-eabi-10.3-2021.10/bin/../lib/gcc/arm-none-eabi/10.3.1/../../../../arm-none-eabi/lib/thumb/v7-m/nofp\libg.a(lib_a-findfp.o)
 .ARM.attributes
                0x0000060b       0x2d e:/workspace/clion/gcc-arm-none-eabi-10.3-2021.10/bin/../lib/gcc/arm-none-eabi/10.3.1/../../../../arm-none-eabi/lib/thumb/v7-m/nofp\libg.a(lib_a-fini.o)
 .ARM.attributes
                0x00000638       0x2d e:/workspace/clion/gcc-arm-none-eabi-10.3-2021.10/bin/../lib/gcc/arm-none-eabi/10.3.1/../../../../arm-none-eabi/lib/thumb/v7-m/nofp\libg.a(lib_a-freer.o)
 .ARM.attributes
                0x00000665       0x2d e:/workspace/clion/gcc-arm-none-eabi-10.3-2021.10/bin/../lib/gcc/arm-none-eabi/10.3.1/../../../../arm-none-eabi/lib/thumb/v7-m/nofp\libg.a(lib_a-fvwrite.o)
 .ARM.attributes
                0x00000692       0x2d e:/workspace/clion/gcc-arm-none-eabi-10.3-2021.10/bin/../lib/gcc/arm-none-eabi/10.3.1/../../../../arm-none-eabi/lib/thumb/v7-m/nofp\libg.a(lib_a-fwalk.o)
 .ARM.attributes
                0x000006bf       0x2d e:/workspace/clion/gcc-arm-none-eabi-10.3-2021.10/bin/../lib/gcc/arm-none-eabi/10.3.1/../../../../arm-none-eabi/lib/thumb/v7-m/nofp\libg.a(lib_a-localeconv.o)
 .ARM.attributes
                0x000006ec       0x2d e:/workspace/clion/gcc-arm-none-eabi-10.3-2021.10/bin/../lib/gcc/arm-none-eabi/10.3.1/../../../../arm-none-eabi/lib/thumb/v7-m/nofp\libg.a(lib_a-lock.o)
 .ARM.attributes
                0x00000719       0x2d e:/workspace/clion/gcc-arm-none-eabi-10.3-2021.10/bin/../lib/gcc/arm-none-eabi/10.3.1/../../../../arm-none-eabi/lib/thumb/v7-m/nofp\libg.a(lib_a-makebuf.o)
 .ARM.attributes
                0x00000746       0x2d e:/workspace/clion/gcc-arm-none-eabi-10.3-2021.10/bin/../lib/gcc/arm-none-eabi/10.3.1/../../../../arm-none-eabi/lib/thumb/v7-m/nofp\libg.a(lib_a-malloc.o)
 .ARM.attributes
                0x00000773       0x2d e:/workspace/clion/gcc-arm-none-eabi-10.3-2021.10/bin/../lib/gcc/arm-none-eabi/10.3.1/../../../../arm-none-eabi/lib/thumb/v7-m/nofp\libg.a(lib_a-mallocr.o)
 .ARM.attributes
                0x000007a0       0x2d e:/workspace/clion/gcc-arm-none-eabi-10.3-2021.10/bin/../lib/gcc/arm-none-eabi/10.3.1/../../../../arm-none-eabi/lib/thumb/v7-m/nofp\libg.a(lib_a-memchr-stub.o)
 .ARM.attributes
                0x000007cd       0x1b e:/workspace/clion/gcc-arm-none-eabi-10.3-2021.10/bin/../lib/gcc/arm-none-eabi/10.3.1/../../../../arm-none-eabi/lib/thumb/v7-m/nofp\libg.a(lib_a-memcpy.o)
 .ARM.attributes
                0x000007e8       0x2d e:/workspace/clion/gcc-arm-none-eabi-10.3-2021.10/bin/../lib/gcc/arm-none-eabi/10.3.1/../../../../arm-none-eabi/lib/thumb/v7-m/nofp\libg.a(lib_a-memmove.o)
 .ARM.attributes
                0x00000815       0x2d e:/workspace/clion/gcc-arm-none-eabi-10.3-2021.10/bin/../lib/gcc/arm-none-eabi/10.3.1/../../../../arm-none-eabi/lib/thumb/v7-m/nofp\libg.a(lib_a-mlock.o)
 .ARM.attributes
                0x00000842       0x2d e:/workspace/clion/gcc-arm-none-eabi-10.3-2021.10/bin/../lib/gcc/arm-none-eabi/10.3.1/../../../../arm-none-eabi/lib/thumb/v7-m/nofp\libg.a(lib_a-mprec.o)
 .ARM.attributes
                0x0000086f       0x2d e:/workspace/clion/gcc-arm-none-eabi-10.3-2021.10/bin/../lib/gcc/arm-none-eabi/10.3.1/../../../../arm-none-eabi/lib/thumb/v7-m/nofp\libg.a(lib_a-reallocr.o)
 .ARM.attributes
                0x0000089c       0x2d e:/workspace/clion/gcc-arm-none-eabi-10.3-2021.10/bin/../lib/gcc/arm-none-eabi/10.3.1/../../../../arm-none-eabi/lib/thumb/v7-m/nofp\libg.a(lib_a-s_frexp.o)
 .ARM.attributes
                0x000008c9       0x2d e:/workspace/clion/gcc-arm-none-eabi-10.3-2021.10/bin/../lib/gcc/arm-none-eabi/10.3.1/../../../../arm-none-eabi/lib/thumb/v7-m/nofp\libg.a(lib_a-sbrkr.o)
 .ARM.attributes
                0x000008f6       0x2d e:/workspace/clion/gcc-arm-none-eabi-10.3-2021.10/bin/../lib/gcc/arm-none-eabi/10.3.1/../../../../arm-none-eabi/lib/thumb/v7-m/nofp\libg.a(lib_a-stdio.o)
 .ARM.attributes
                0x00000923       0x2d e:/workspace/clion/gcc-arm-none-eabi-10.3-2021.10/bin/../lib/gcc/arm-none-eabi/10.3.1/../../../../arm-none-eabi/lib/thumb/v7-m/nofp\libg.a(lib_a-strncpy.o)
 .ARM.attributes
                0x00000950       0x2d e:/workspace/clion/gcc-arm-none-eabi-10.3-2021.10/bin/../lib/gcc/arm-none-eabi/10.3.1/../../../../arm-none-eabi/lib/thumb/v7-m/nofp\libg.a(lib_a-vfiprintf.o)
 .ARM.attributes
                0x0000097d       0x2d e:/workspace/clion/gcc-arm-none-eabi-10.3-2021.10/bin/../lib/gcc/arm-none-eabi/10.3.1/../../../../arm-none-eabi/lib/thumb/v7-m/nofp\libg.a(lib_a-writer.o)
 .ARM.attributes
                0x000009aa       0x2d e:/workspace/clion/gcc-arm-none-eabi-10.3-2021.10/bin/../lib/gcc/arm-none-eabi/10.3.1/../../../../arm-none-eabi/lib/thumb/v7-m/nofp\libg.a(lib_a-__atexit.o)
 .ARM.attributes
                0x000009d7       0x2d e:/workspace/clion/gcc-arm-none-eabi-10.3-2021.10/bin/../lib/gcc/arm-none-eabi/10.3.1/../../../../arm-none-eabi/lib/thumb/v7-m/nofp\libg.a(lib_a-assert.o)
 .ARM.attributes
                0x00000a04       0x2d e:/workspace/clion/gcc-arm-none-eabi-10.3-2021.10/bin/../lib/gcc/arm-none-eabi/10.3.1/../../../../arm-none-eabi/lib/thumb/v7-m/nofp\libg.a(lib_a-callocr.o)
 .ARM.attributes
                0x00000a31       0x2d e:/workspace/clion/gcc-arm-none-eabi-10.3-2021.10/bin/../lib/gcc/arm-none-eabi/10.3.1/../../../../arm-none-eabi/lib/thumb/v7-m/nofp\libg.a(lib_a-closer.o)
 .ARM.attributes
                0x00000a5e       0x2d e:/workspace/clion/gcc-arm-none-eabi-10.3-2021.10/bin/../lib/gcc/arm-none-eabi/10.3.1/../../../../arm-none-eabi/lib/thumb/v7-m/nofp\libg.a(lib_a-fclose.o)
 .ARM.attributes
                0x00000a8b       0x2d e:/workspace/clion/gcc-arm-none-eabi-10.3-2021.10/bin/../lib/gcc/arm-none-eabi/10.3.1/../../../../arm-none-eabi/lib/thumb/v7-m/nofp\libg.a(lib_a-fiprintf.o)
 .ARM.attributes
                0x00000ab8       0x2d e:/workspace/clion/gcc-arm-none-eabi-10.3-2021.10/bin/../lib/gcc/arm-none-eabi/10.3.1/../../../../arm-none-eabi/lib/thumb/v7-m/nofp\libg.a(lib_a-fputwc.o)
 .ARM.attributes
                0x00000ae5       0x2d e:/workspace/clion/gcc-arm-none-eabi-10.3-2021.10/bin/../lib/gcc/arm-none-eabi/10.3.1/../../../../arm-none-eabi/lib/thumb/v7-m/nofp\libg.a(lib_a-fstatr.o)
 .ARM.attributes
                0x00000b12       0x2d e:/workspace/clion/gcc-arm-none-eabi-10.3-2021.10/bin/../lib/gcc/arm-none-eabi/10.3.1/../../../../arm-none-eabi/lib/thumb/v7-m/nofp\libg.a(lib_a-isattyr.o)
 .ARM.attributes
                0x00000b3f       0x2d e:/workspace/clion/gcc-arm-none-eabi-10.3-2021.10/bin/../lib/gcc/arm-none-eabi/10.3.1/../../../../arm-none-eabi/lib/thumb/v7-m/nofp\libg.a(lib_a-locale.o)
 .ARM.attributes
                0x00000b6c       0x2d e:/workspace/clion/gcc-arm-none-eabi-10.3-2021.10/bin/../lib/gcc/arm-none-eabi/10.3.1/../../../../arm-none-eabi/lib/thumb/v7-m/nofp\libg.a(lib_a-lseekr.o)
 .ARM.attributes
                0x00000b99       0x2d e:/workspace/clion/gcc-arm-none-eabi-10.3-2021.10/bin/../lib/gcc/arm-none-eabi/10.3.1/../../../../arm-none-eabi/lib/thumb/v7-m/nofp\libg.a(lib_a-mbtowc_r.o)
 .ARM.attributes
                0x00000bc6       0x2d e:/workspace/clion/gcc-arm-none-eabi-10.3-2021.10/bin/../lib/gcc/arm-none-eabi/10.3.1/../../../../arm-none-eabi/lib/thumb/v7-m/nofp\libg.a(lib_a-readr.o)
 .ARM.attributes
                0x00000bf3       0x2d e:/workspace/clion/gcc-arm-none-eabi-10.3-2021.10/bin/../lib/gcc/arm-none-eabi/10.3.1/../../../../arm-none-eabi/lib/thumb/v7-m/nofp\libg.a(lib_a-reent.o)
 .ARM.attributes
                0x00000c20       0x2d e:/workspace/clion/gcc-arm-none-eabi-10.3-2021.10/bin/../lib/gcc/arm-none-eabi/10.3.1/../../../../arm-none-eabi/lib/thumb/v7-m/nofp\libg.a(lib_a-wbuf.o)
 .ARM.attributes
                0x00000c4d       0x2d e:/workspace/clion/gcc-arm-none-eabi-10.3-2021.10/bin/../lib/gcc/arm-none-eabi/10.3.1/../../../../arm-none-eabi/lib/thumb/v7-m/nofp\libg.a(lib_a-wcrtomb.o)
 .ARM.attributes
                0x00000c7a       0x2d e:/workspace/clion/gcc-arm-none-eabi-10.3-2021.10/bin/../lib/gcc/arm-none-eabi/10.3.1/../../../../arm-none-eabi/lib/thumb/v7-m/nofp\libg.a(lib_a-wctomb_r.o)
 .ARM.attributes
                0x00000ca7       0x2d e:/workspace/clion/gcc-arm-none-eabi-10.3-2021.10/bin/../lib/gcc/arm-none-eabi/10.3.1/../../../../arm-none-eabi/lib/thumb/v7-m/nofp\libg.a(lib_a-abort.o)
 .ARM.attributes
                0x00000cd4       0x2d e:/workspace/clion/gcc-arm-none-eabi-10.3-2021.10/bin/../lib/gcc/arm-none-eabi/10.3.1/../../../../arm-none-eabi/lib/thumb/v7-m/nofp\libg.a(lib_a-ctype_.o)
 .ARM.attributes
                0x00000d01       0x2d e:/workspace/clion/gcc-arm-none-eabi-10.3-2021.10/bin/../lib/gcc/arm-none-eabi/10.3.1/../../../../arm-none-eabi/lib/thumb/v7-m/nofp\libg.a(lib_a-signal.o)
 .ARM.attributes
                0x00000d2e       0x2d e:/workspace/clion/gcc-arm-none-eabi-10.3-2021.10/bin/../lib/gcc/arm-none-eabi/10.3.1/../../../../arm-none-eabi/lib/thumb/v7-m/nofp\libg.a(lib_a-signalr.o)
 .ARM.attributes
                0x00000d5b       0x1d e:/workspace/clion/gcc-arm-none-eabi-10.3-2021.10/bin/../lib/gcc/arm-none-eabi/10.3.1/thumb/v7-m/nofp\libgcc.a(_arm_addsubdf3.o)
 .ARM.attributes
                0x00000d78       0x1d e:/workspace/clion/gcc-arm-none-eabi-10.3-2021.10/bin/../lib/gcc/arm-none-eabi/10.3.1/thumb/v7-m/nofp\libgcc.a(_arm_muldivdf3.o)
 .ARM.attributes
                0x00000d95       0x1d e:/workspace/clion/gcc-arm-none-eabi-10.3-2021.10/bin/../lib/gcc/arm-none-eabi/10.3.1/thumb/v7-m/nofp\libgcc.a(_arm_cmpdf2.o)
 .ARM.attributes
                0x00000db2       0x1d e:/workspace/clion/gcc-arm-none-eabi-10.3-2021.10/bin/../lib/gcc/arm-none-eabi/10.3.1/thumb/v7-m/nofp\libgcc.a(_arm_unorddf2.o)
 .ARM.attributes
                0x00000dcf       0x1d e:/workspace/clion/gcc-arm-none-eabi-10.3-2021.10/bin/../lib/gcc/arm-none-eabi/10.3.1/thumb/v7-m/nofp\libgcc.a(_arm_fixdfsi.o)
 .ARM.attributes
                0x00000dec       0x1d e:/workspace/clion/gcc-arm-none-eabi-10.3-2021.10/bin/../lib/gcc/arm-none-eabi/10.3.1/thumb/v7-m/nofp\libgcc.a(_aeabi_uldivmod.o)
 .ARM.attributes
                0x00000e09       0x2d e:/workspace/clion/gcc-arm-none-eabi-10.3-2021.10/bin/../lib/gcc/arm-none-eabi/10.3.1/thumb/v7-m/nofp\libgcc.a(_udivmoddi4.o)
 .ARM.attributes
                0x00000e36       0x1d e:/workspace/clion/gcc-arm-none-eabi-10.3-2021.10/bin/../lib/gcc/arm-none-eabi/10.3.1/thumb/v7-m/nofp\libgcc.a(_dvmd_tls.o)
 .ARM.attributes
                0x00000e53       0x1d e:/workspace/clion/gcc-arm-none-eabi-10.3-2021.10/bin/../lib/gcc/arm-none-eabi/10.3.1/thumb/v7-m/nofp/crtn.o
OUTPUT(STM32_MPU6050.elf elf32-littlearm)
LOAD linker stubs
LOAD e:/workspace/clion/gcc-arm-none-eabi-10.3-2021.10/bin/../lib/gcc/arm-none-eabi/10.3.1/../../../../arm-none-eabi/lib/thumb/v7-m/nofp\libc.a
LOAD e:/workspace/clion/gcc-arm-none-eabi-10.3-2021.10/bin/../lib/gcc/arm-none-eabi/10.3.1/../../../../arm-none-eabi/lib/thumb/v7-m/nofp\libm.a
LOAD e:/workspace/clion/gcc-arm-none-eabi-10.3-2021.10/bin/../lib/gcc/arm-none-eabi/10.3.1/thumb/v7-m/nofp\libgcc.a

.debug_info     0x00000000    0x10a15
 .debug_info    0x00000000      0x34c CMakeFiles/STM32_MPU6050.elf.dir/Core/Src/gpio.c.obj
 .debug_info    0x0000034c     0x1518 CMakeFiles/STM32_MPU6050.elf.dir/Core/Src/main.c.obj
 .debug_info    0x00001864     0x12d5 CMakeFiles/STM32_MPU6050.elf.dir/Core/Src/retarget.c.obj
 .debug_info    0x00002b39      0x211 CMakeFiles/STM32_MPU6050.elf.dir/Core/Src/stm32f1xx_hal_msp.c.obj
 .debug_info    0x00002d4a      0x130 CMakeFiles/STM32_MPU6050.elf.dir/Core/Src/stm32f1xx_it.c.obj
 .debug_info    0x00002e7a      0x6ca CMakeFiles/STM32_MPU6050.elf.dir/Core/Src/syscalls.c.obj
 .debug_info    0x00003544      0x174 CMakeFiles/STM32_MPU6050.elf.dir/Core/Src/sysmem.c.obj
 .debug_info    0x000036b8      0x248 CMakeFiles/STM32_MPU6050.elf.dir/Core/Src/system_stm32f1xx.c.obj
 .debug_info    0x00003900      0x8a3 CMakeFiles/STM32_MPU6050.elf.dir/Core/Src/tim.c.obj
 .debug_info    0x000041a3      0x855 CMakeFiles/STM32_MPU6050.elf.dir/Core/Src/usart.c.obj
 .debug_info    0x000049f8       0x22 CMakeFiles/STM32_MPU6050.elf.dir/Core/Startup/startup_stm32f103c8tx.s.obj
 .debug_info    0x00004a1a      0x7a8 CMakeFiles/STM32_MPU6050.elf.dir/Drivers/STM32F1xx_HAL_Driver/Src/stm32f1xx_hal.c.obj
 .debug_info    0x000051c2      0xd8a CMakeFiles/STM32_MPU6050.elf.dir/Drivers/STM32F1xx_HAL_Driver/Src/stm32f1xx_hal_cortex.c.obj
 .debug_info    0x00005f4c      0x66f CMakeFiles/STM32_MPU6050.elf.dir/Drivers/STM32F1xx_HAL_Driver/Src/stm32f1xx_hal_gpio.c.obj
 .debug_info    0x000065bb      0xa3b CMakeFiles/STM32_MPU6050.elf.dir/Drivers/STM32F1xx_HAL_Driver/Src/stm32f1xx_hal_rcc.c.obj
 .debug_info    0x00006ff6     0x3d52 CMakeFiles/STM32_MPU6050.elf.dir/Drivers/STM32F1xx_HAL_Driver/Src/stm32f1xx_hal_tim.c.obj
 .debug_info    0x0000ad48     0x1abb CMakeFiles/STM32_MPU6050.elf.dir/Drivers/STM32F1xx_HAL_Driver/Src/stm32f1xx_hal_tim_ex.c.obj
 .debug_info    0x0000c803     0x4212 CMakeFiles/STM32_MPU6050.elf.dir/Drivers/STM32F1xx_HAL_Driver/Src/stm32f1xx_hal_uart.c.obj

.debug_abbrev   0x00000000     0x20f9
 .debug_abbrev  0x00000000      0x13c CMakeFiles/STM32_MPU6050.elf.dir/Core/Src/gpio.c.obj
 .debug_abbrev  0x0000013c      0x340 CMakeFiles/STM32_MPU6050.elf.dir/Core/Src/main.c.obj
 .debug_abbrev  0x0000047c      0x2b4 CMakeFiles/STM32_MPU6050.elf.dir/Core/Src/retarget.c.obj
 .debug_abbrev  0x00000730       0xe5 CMakeFiles/STM32_MPU6050.elf.dir/Core/Src/stm32f1xx_hal_msp.c.obj
 .debug_abbrev  0x00000815       0x7e CMakeFiles/STM32_MPU6050.elf.dir/Core/Src/stm32f1xx_it.c.obj
 .debug_abbrev  0x00000893      0x1a3 CMakeFiles/STM32_MPU6050.elf.dir/Core/Src/syscalls.c.obj
 .debug_abbrev  0x00000a36       0xe7 CMakeFiles/STM32_MPU6050.elf.dir/Core/Src/sysmem.c.obj
 .debug_abbrev  0x00000b1d      0x13e CMakeFiles/STM32_MPU6050.elf.dir/Core/Src/system_stm32f1xx.c.obj
 .debug_abbrev  0x00000c5b      0x1c5 CMakeFiles/STM32_MPU6050.elf.dir/Core/Src/tim.c.obj
 .debug_abbrev  0x00000e20      0x1c8 CMakeFiles/STM32_MPU6050.elf.dir/Core/Src/usart.c.obj
 .debug_abbrev  0x00000fe8       0x12 CMakeFiles/STM32_MPU6050.elf.dir/Core/Startup/startup_stm32f103c8tx.s.obj
 .debug_abbrev  0x00000ffa      0x1f4 CMakeFiles/STM32_MPU6050.elf.dir/Drivers/STM32F1xx_HAL_Driver/Src/stm32f1xx_hal.c.obj
 .debug_abbrev  0x000011ee      0x341 CMakeFiles/STM32_MPU6050.elf.dir/Drivers/STM32F1xx_HAL_Driver/Src/stm32f1xx_hal_cortex.c.obj
 .debug_abbrev  0x0000152f      0x1e6 CMakeFiles/STM32_MPU6050.elf.dir/Drivers/STM32F1xx_HAL_Driver/Src/stm32f1xx_hal_gpio.c.obj
 .debug_abbrev  0x00001715      0x27a CMakeFiles/STM32_MPU6050.elf.dir/Drivers/STM32F1xx_HAL_Driver/Src/stm32f1xx_hal_rcc.c.obj
 .debug_abbrev  0x0000198f      0x245 CMakeFiles/STM32_MPU6050.elf.dir/Drivers/STM32F1xx_HAL_Driver/Src/stm32f1xx_hal_tim.c.obj
 .debug_abbrev  0x00001bd4      0x248 CMakeFiles/STM32_MPU6050.elf.dir/Drivers/STM32F1xx_HAL_Driver/Src/stm32f1xx_hal_tim_ex.c.obj
 .debug_abbrev  0x00001e1c      0x2dd CMakeFiles/STM32_MPU6050.elf.dir/Drivers/STM32F1xx_HAL_Driver/Src/stm32f1xx_hal_uart.c.obj

.debug_aranges  0x00000000      0xc88
 .debug_aranges
                0x00000000       0x20 CMakeFiles/STM32_MPU6050.elf.dir/Core/Src/gpio.c.obj
 .debug_aranges
                0x00000020       0xa8 CMakeFiles/STM32_MPU6050.elf.dir/Core/Src/main.c.obj
 .debug_aranges
                0x000000c8       0x50 CMakeFiles/STM32_MPU6050.elf.dir/Core/Src/retarget.c.obj
 .debug_aranges
                0x00000118       0x20 CMakeFiles/STM32_MPU6050.elf.dir/Core/Src/stm32f1xx_hal_msp.c.obj
 .debug_aranges
                0x00000138       0x60 CMakeFiles/STM32_MPU6050.elf.dir/Core/Src/stm32f1xx_it.c.obj
 .debug_aranges
                0x00000198       0x88 CMakeFiles/STM32_MPU6050.elf.dir/Core/Src/syscalls.c.obj
 .debug_aranges
                0x00000220       0x20 CMakeFiles/STM32_MPU6050.elf.dir/Core/Src/sysmem.c.obj
 .debug_aranges
                0x00000240       0x28 CMakeFiles/STM32_MPU6050.elf.dir/Core/Src/system_stm32f1xx.c.obj
 .debug_aranges
                0x00000268       0x30 CMakeFiles/STM32_MPU6050.elf.dir/Core/Src/tim.c.obj
 .debug_aranges
                0x00000298       0x30 CMakeFiles/STM32_MPU6050.elf.dir/Core/Src/usart.c.obj
 .debug_aranges
                0x000002c8       0x28 CMakeFiles/STM32_MPU6050.elf.dir/Core/Startup/startup_stm32f103c8tx.s.obj
 .debug_aranges
                0x000002f0       0xe0 CMakeFiles/STM32_MPU6050.elf.dir/Drivers/STM32F1xx_HAL_Driver/Src/stm32f1xx_hal.c.obj
 .debug_aranges
                0x000003d0       0x90 CMakeFiles/STM32_MPU6050.elf.dir/Drivers/STM32F1xx_HAL_Driver/Src/stm32f1xx_hal_cortex.c.obj
 .debug_aranges
                0x00000460       0x58 CMakeFiles/STM32_MPU6050.elf.dir/Drivers/STM32F1xx_HAL_Driver/Src/stm32f1xx_hal_gpio.c.obj
 .debug_aranges
                0x000004b8       0x90 CMakeFiles/STM32_MPU6050.elf.dir/Drivers/STM32F1xx_HAL_Driver/Src/stm32f1xx_hal_rcc.c.obj
 .debug_aranges
                0x00000548      0x3d0 CMakeFiles/STM32_MPU6050.elf.dir/Drivers/STM32F1xx_HAL_Driver/Src/stm32f1xx_hal_tim.c.obj
 .debug_aranges
                0x00000918      0x168 CMakeFiles/STM32_MPU6050.elf.dir/Drivers/STM32F1xx_HAL_Driver/Src/stm32f1xx_hal_tim_ex.c.obj
 .debug_aranges
                0x00000a80      0x208 CMakeFiles/STM32_MPU6050.elf.dir/Drivers/STM32F1xx_HAL_Driver/Src/stm32f1xx_hal_uart.c.obj

.debug_ranges   0x00000000      0xc08
 .debug_ranges  0x00000000       0x10 CMakeFiles/STM32_MPU6050.elf.dir/Core/Src/gpio.c.obj
 .debug_ranges  0x00000010       0x98 CMakeFiles/STM32_MPU6050.elf.dir/Core/Src/main.c.obj
 .debug_ranges  0x000000a8       0x40 CMakeFiles/STM32_MPU6050.elf.dir/Core/Src/retarget.c.obj
 .debug_ranges  0x000000e8       0x10 CMakeFiles/STM32_MPU6050.elf.dir/Core/Src/stm32f1xx_hal_msp.c.obj
 .debug_ranges  0x000000f8       0x50 CMakeFiles/STM32_MPU6050.elf.dir/Core/Src/stm32f1xx_it.c.obj
 .debug_ranges  0x00000148       0x78 CMakeFiles/STM32_MPU6050.elf.dir/Core/Src/syscalls.c.obj
 .debug_ranges  0x000001c0       0x10 CMakeFiles/STM32_MPU6050.elf.dir/Core/Src/sysmem.c.obj
 .debug_ranges  0x000001d0       0x18 CMakeFiles/STM32_MPU6050.elf.dir/Core/Src/system_stm32f1xx.c.obj
 .debug_ranges  0x000001e8       0x20 CMakeFiles/STM32_MPU6050.elf.dir/Core/Src/tim.c.obj
 .debug_ranges  0x00000208       0x20 CMakeFiles/STM32_MPU6050.elf.dir/Core/Src/usart.c.obj
 .debug_ranges  0x00000228       0x20 CMakeFiles/STM32_MPU6050.elf.dir/Core/Startup/startup_stm32f103c8tx.s.obj
 .debug_ranges  0x00000248       0xd0 CMakeFiles/STM32_MPU6050.elf.dir/Drivers/STM32F1xx_HAL_Driver/Src/stm32f1xx_hal.c.obj
 .debug_ranges  0x00000318       0xe0 CMakeFiles/STM32_MPU6050.elf.dir/Drivers/STM32F1xx_HAL_Driver/Src/stm32f1xx_hal_cortex.c.obj
 .debug_ranges  0x000003f8       0x48 CMakeFiles/STM32_MPU6050.elf.dir/Drivers/STM32F1xx_HAL_Driver/Src/stm32f1xx_hal_gpio.c.obj
 .debug_ranges  0x00000440       0xa0 CMakeFiles/STM32_MPU6050.elf.dir/Drivers/STM32F1xx_HAL_Driver/Src/stm32f1xx_hal_rcc.c.obj
 .debug_ranges  0x000004e0      0x3c0 CMakeFiles/STM32_MPU6050.elf.dir/Drivers/STM32F1xx_HAL_Driver/Src/stm32f1xx_hal_tim.c.obj
 .debug_ranges  0x000008a0      0x158 CMakeFiles/STM32_MPU6050.elf.dir/Drivers/STM32F1xx_HAL_Driver/Src/stm32f1xx_hal_tim_ex.c.obj
 .debug_ranges  0x000009f8      0x210 CMakeFiles/STM32_MPU6050.elf.dir/Drivers/STM32F1xx_HAL_Driver/Src/stm32f1xx_hal_uart.c.obj

.debug_line     0x00000000     0xee66
 .debug_line    0x00000000      0x269 CMakeFiles/STM32_MPU6050.elf.dir/Core/Src/gpio.c.obj
 .debug_line    0x00000269      0x9f6 CMakeFiles/STM32_MPU6050.elf.dir/Core/Src/main.c.obj
 .debug_line    0x00000c5f      0x4bb CMakeFiles/STM32_MPU6050.elf.dir/Core/Src/retarget.c.obj
 .debug_line    0x0000111a      0x1bc CMakeFiles/STM32_MPU6050.elf.dir/Core/Src/stm32f1xx_hal_msp.c.obj
 .debug_line    0x000012d6      0x1d5 CMakeFiles/STM32_MPU6050.elf.dir/Core/Src/stm32f1xx_it.c.obj
 .debug_line    0x000014ab      0x3b9 CMakeFiles/STM32_MPU6050.elf.dir/Core/Src/syscalls.c.obj
 .debug_line    0x00001864      0x1ee CMakeFiles/STM32_MPU6050.elf.dir/Core/Src/sysmem.c.obj
 .debug_line    0x00001a52      0x286 CMakeFiles/STM32_MPU6050.elf.dir/Core/Src/system_stm32f1xx.c.obj
 .debug_line    0x00001cd8      0x374 CMakeFiles/STM32_MPU6050.elf.dir/Core/Src/tim.c.obj
 .debug_line    0x0000204c      0x391 CMakeFiles/STM32_MPU6050.elf.dir/Core/Src/usart.c.obj
 .debug_line    0x000023dd       0xb2 CMakeFiles/STM32_MPU6050.elf.dir/Core/Startup/startup_stm32f103c8tx.s.obj
 .debug_line    0x0000248f      0x5cc CMakeFiles/STM32_MPU6050.elf.dir/Drivers/STM32F1xx_HAL_Driver/Src/stm32f1xx_hal.c.obj
 .debug_line    0x00002a5b      0x6a8 CMakeFiles/STM32_MPU6050.elf.dir/Drivers/STM32F1xx_HAL_Driver/Src/stm32f1xx_hal_cortex.c.obj
 .debug_line    0x00003103      0x650 CMakeFiles/STM32_MPU6050.elf.dir/Drivers/STM32F1xx_HAL_Driver/Src/stm32f1xx_hal_gpio.c.obj
 .debug_line    0x00003753      0xc8d CMakeFiles/STM32_MPU6050.elf.dir/Drivers/STM32F1xx_HAL_Driver/Src/stm32f1xx_hal_rcc.c.obj
 .debug_line    0x000043e0     0x49e8 CMakeFiles/STM32_MPU6050.elf.dir/Drivers/STM32F1xx_HAL_Driver/Src/stm32f1xx_hal_tim.c.obj
 .debug_line    0x00008dc8     0x1c5d CMakeFiles/STM32_MPU6050.elf.dir/Drivers/STM32F1xx_HAL_Driver/Src/stm32f1xx_hal_tim_ex.c.obj
 .debug_line    0x0000aa25     0x4441 CMakeFiles/STM32_MPU6050.elf.dir/Drivers/STM32F1xx_HAL_Driver/Src/stm32f1xx_hal_uart.c.obj

.debug_str      0x00000000     0x3f0c
 .debug_str     0x00000000      0x288 CMakeFiles/STM32_MPU6050.elf.dir/Core/Src/gpio.c.obj
                                0x2d3 (size before relaxing)
 .debug_str     0x00000288      0x9c9 CMakeFiles/STM32_MPU6050.elf.dir/Core/Src/main.c.obj
                                0xc44 (size before relaxing)
 .debug_str     0x00000c51      0x530 CMakeFiles/STM32_MPU6050.elf.dir/Core/Src/retarget.c.obj
                                0xb91 (size before relaxing)
 .debug_str     0x00001181       0x86 CMakeFiles/STM32_MPU6050.elf.dir/Core/Src/stm32f1xx_hal_msp.c.obj
                                0x275 (size before relaxing)
 .debug_str     0x00001207       0xe3 CMakeFiles/STM32_MPU6050.elf.dir/Core/Src/stm32f1xx_it.c.obj
                                0x278 (size before relaxing)
 .debug_str     0x000012ea      0x10b CMakeFiles/STM32_MPU6050.elf.dir/Core/Src/syscalls.c.obj
                                0x425 (size before relaxing)
 .debug_str     0x000013f5       0xa1 CMakeFiles/STM32_MPU6050.elf.dir/Core/Src/sysmem.c.obj
                                0x26e (size before relaxing)
 .debug_str     0x00001496       0xaa CMakeFiles/STM32_MPU6050.elf.dir/Core/Src/system_stm32f1xx.c.obj
                                0x2aa (size before relaxing)
 .debug_str     0x00001540      0x168 CMakeFiles/STM32_MPU6050.elf.dir/Core/Src/tim.c.obj
                                0x85e (size before relaxing)
 .debug_str     0x000016a8       0x8d CMakeFiles/STM32_MPU6050.elf.dir/Core/Src/usart.c.obj
                                0x716 (size before relaxing)
 .debug_str     0x00001735       0x62 CMakeFiles/STM32_MPU6050.elf.dir/Core/Startup/startup_stm32f103c8tx.s.obj
                                 0xa3 (size before relaxing)
 .debug_str     0x00001797      0x60d CMakeFiles/STM32_MPU6050.elf.dir/Drivers/STM32F1xx_HAL_Driver/Src/stm32f1xx_hal.c.obj
                                0x87a (size before relaxing)
 .debug_str     0x00001da4      0x3f1 CMakeFiles/STM32_MPU6050.elf.dir/Drivers/STM32F1xx_HAL_Driver/Src/stm32f1xx_hal_cortex.c.obj
                                0x929 (size before relaxing)
 .debug_str     0x00002195      0x146 CMakeFiles/STM32_MPU6050.elf.dir/Drivers/STM32F1xx_HAL_Driver/Src/stm32f1xx_hal_gpio.c.obj
                                0x456 (size before relaxing)
 .debug_str     0x000022db      0x220 CMakeFiles/STM32_MPU6050.elf.dir/Drivers/STM32F1xx_HAL_Driver/Src/stm32f1xx_hal_rcc.c.obj
                                0x681 (size before relaxing)
 .debug_str     0x000024fb      0xe8e CMakeFiles/STM32_MPU6050.elf.dir/Drivers/STM32F1xx_HAL_Driver/Src/stm32f1xx_hal_tim.c.obj
                               0x1695 (size before relaxing)
 .debug_str     0x00003389      0x550 CMakeFiles/STM32_MPU6050.elf.dir/Drivers/STM32F1xx_HAL_Driver/Src/stm32f1xx_hal_tim_ex.c.obj
                                0xe96 (size before relaxing)
 .debug_str     0x000038d9      0x633 CMakeFiles/STM32_MPU6050.elf.dir/Drivers/STM32F1xx_HAL_Driver/Src/stm32f1xx_hal_uart.c.obj
                                0xd4a (size before relaxing)

.comment        0x00000000       0x49
 .comment       0x00000000       0x49 CMakeFiles/STM32_MPU6050.elf.dir/Core/Src/gpio.c.obj
                                 0x4a (size before relaxing)
 .comment       0x00000049       0x4a CMakeFiles/STM32_MPU6050.elf.dir/Core/Src/main.c.obj
 .comment       0x00000049       0x4a CMakeFiles/STM32_MPU6050.elf.dir/Core/Src/retarget.c.obj
 .comment       0x00000049       0x4a CMakeFiles/STM32_MPU6050.elf.dir/Core/Src/stm32f1xx_hal_msp.c.obj
 .comment       0x00000049       0x4a CMakeFiles/STM32_MPU6050.elf.dir/Core/Src/stm32f1xx_it.c.obj
 .comment       0x00000049       0x4a CMakeFiles/STM32_MPU6050.elf.dir/Core/Src/syscalls.c.obj