Archive member included to satisfy reference by file (symbol)

e:/workspace/clion/gcc-arm-none-eabi-10.3-2021.10/bin/../lib/gcc/arm-none-eabi/10.3.1/../../../../arm-none-eabi/lib/thumb/v7-m/nofp\libg.a(lib_a-errno.o)
                              CMakeFiles/STM32_MPU6050.elf.dir/Core/Src/retarget.c.obj (__errno)
e:/workspace/clion/gcc-arm-none-eabi-10.3-2021.10/bin/../lib/gcc/arm-none-eabi/10.3.1/../../../../arm-none-eabi/lib/thumb/v7-m/nofp\libg.a(lib_a-exit.o)
                              e:/workspace/clion/gcc-arm-none-eabi-10.3-2021.10/bin/../lib/gcc/arm-none-eabi/10.3.1/../../../../arm-none-eabi/lib/thumb/v7-m/nofp/crt0.o (exit)
e:/workspace/clion/gcc-arm-none-eabi-10.3-2021.10/bin/../lib/gcc/arm-none-eabi/10.3.1/../../../../arm-none-eabi/lib/thumb/v7-m/nofp\libg.a(lib_a-impure.o)
                              e:/workspace/clion/gcc-arm-none-eabi-10.3-2021.10/bin/../lib/gcc/arm-none-eabi/10.3.1/../../../../arm-none-eabi/lib/thumb/v7-m/nofp\libg.a(lib_a-exit.o) (_global_impure_ptr)
e:/workspace/clion/gcc-arm-none-eabi-10.3-2021.10/bin/../lib/gcc/arm-none-eabi/10.3.1/../../../../arm-none-eabi/lib/thumb/v7-m/nofp\libg.a(lib_a-init.o)
                              e:/workspace/clion/gcc-arm-none-eabi-10.3-2021.10/bin/../lib/gcc/arm-none-eabi/10.3.1/../../../../arm-none-eabi/lib/thumb/v7-m/nofp/crt0.o (__libc_init_array)
e:/workspace/clion/gcc-arm-none-eabi-10.3-2021.10/bin/../lib/gcc/arm-none-eabi/10.3.1/../../../../arm-none-eabi/lib/thumb/v7-m/nofp\libg.a(lib_a-memset.o)
                              e:/workspace/clion/gcc-arm-none-eabi-10.3-2021.10/bin/../lib/gcc/arm-none-eabi/10.3.1/../../../../arm-none-eabi/lib/thumb/v7-m/nofp/crt0.o (memset)
e:/workspace/clion/gcc-arm-none-eabi-10.3-2021.10/bin/../lib/gcc/arm-none-eabi/10.3.1/../../../../arm-none-eabi/lib/thumb/v7-m/nofp\libg.a(lib_a-printf.o)
                              CMakeFiles/STM32_MPU6050.elf.dir/Core/Src/main.c.obj (printf)
e:/workspace/clion/gcc-arm-none-eabi-10.3-2021.10/bin/../lib/gcc/arm-none-eabi/10.3.1/../../../../arm-none-eabi/lib/thumb/v7-m/nofp\libg.a(lib_a-puts.o)
                              CMakeFiles/STM32_MPU6050.elf.dir/Core/Src/main.c.obj (puts)
e:/workspace/clion/gcc-arm-none-eabi-10.3-2021.10/bin/../lib/gcc/arm-none-eabi/10.3.1/../../../../arm-none-eabi/lib/thumb/v7-m/nofp\libg.a(lib_a-setvbuf.o)
                              CMakeFiles/STM32_MPU6050.elf.dir/Core/Src/retarget.c.obj (setvbuf)
e:/workspace/clion/gcc-arm-none-eabi-10.3-2021.10/bin/../lib/gcc/arm-none-eabi/10.3.1/../../../../arm-none-eabi/lib/thumb/v7-m/nofp\libg.a(lib_a-strlen-stub.o)
                              e:/workspace/clion/gcc-arm-none-eabi-10.3-2021.10/bin/../lib/gcc/arm-none-eabi/10.3.1/../../../../arm-none-eabi/lib/thumb/v7-m/nofp\libg.a(lib_a-puts.o) (strlen)
e:/workspace/clion/gcc-arm-none-eabi-10.3-2021.10/bin/../lib/gcc/arm-none-eabi/10.3.1/../../../../arm-none-eabi/lib/thumb/v7-m/nofp\libg.a(lib_a-vfprintf.o)
                              e:/workspace/clion/gcc-arm-none-eabi-10.3-2021.10/bin/../lib/gcc/arm-none-eabi/10.3.1/../../../../arm-none-eabi/lib/thumb/v7-m/nofp\libg.a(lib_a-printf.o) (_vfprintf_r)
e:/workspace/clion/gcc-arm-none-eabi-10.3-2021.10/bin/../lib/gcc/arm-none-eabi/10.3.1/../../../../arm-none-eabi/lib/thumb/v7-m/nofp\libg.a(lib_a-wsetup.o)
                              e:/workspace/clion/gcc-arm-none-eabi-10.3-2021.10/bin/../lib/gcc/arm-none-eabi/10.3.1/../../../../arm-none-eabi/lib/thumb/v7-m/nofp\libg.a(lib_a-vfprintf.o) (__swsetup_r)
e:/workspace/clion/gcc-arm-none-eabi-10.3-2021.10/bin/../lib/gcc/arm-none-eabi/10.3.1/../../../../arm-none-eabi/lib/thumb/v7-m/nofp\libg.a(lib_a-__call_atexit.o)
                              e:/workspace/clion/gcc-arm-none-eabi-10.3-2021.10/bin/../lib/gcc/arm-none-eabi/10.3.1/../../../../arm-none-eabi/lib/thumb/v7-m/nofp\libg.a(lib_a-exit.o) (__call_exitprocs)
e:/workspace/clion/gcc-arm-none-eabi-10.3-2021.10/bin/../lib/gcc/arm-none-eabi/10.3.1/../../../../arm-none-eabi/lib/thumb/v7-m/nofp\libg.a(lib_a-atexit.o)
                              e:/workspace/clion/gcc-arm-none-eabi-10.3-2021.10/bin/../lib/gcc/arm-none-eabi/10.3.1/../../../../arm-none-eabi/lib/thumb/v7-m/nofp\libg.a(lib_a-__call_atexit.o) (atexit)
e:/workspace/clion/gcc-arm-none-eabi-10.3-2021.10/bin/../lib/gcc/arm-none-eabi/10.3.1/../../../../arm-none-eabi/lib/thumb/v7-m/nofp\libg.a(lib_a-dtoa.o)
                              e:/workspace/clion/gcc-arm-none-eabi-10.3-2021.10/bin/../lib/gcc/arm-none-eabi/10.3.1/../../../../arm-none-eabi/lib/thumb/v7-m/nofp\libg.a(lib_a-vfprintf.o) (_dtoa_r)
e:/workspace/clion/gcc-arm-none-eabi-10.3-2021.10/bin/../lib/gcc/arm-none-eabi/10.3.1/../../../../arm-none-eabi/lib/thumb/v7-m/nofp\libg.a(lib_a-fflush.o)
                              e:/workspace/clion/gcc-arm-none-eabi-10.3-2021.10/bin/../lib/gcc/arm-none-eabi/10.3.1/../../../../arm-none-eabi/lib/thumb/v7-m/nofp\libg.a(lib_a-setvbuf.o) (_fflush_r)
[...]
Memory Configuration

Name             Origin             Length             Attributes
RAM              0x20000000         0x00005000         xrw
FLASH            0x08000000         0x00010000         xr
*default*        0x00000000         0xffffffff

Linker script and memory map

LOAD e:/workspace/clion/gcc-arm-none-eabi-10.3-2021.10/bin/../lib/gcc/arm-none-eabi/10.3.1/thumb/v7-m/nofp/crti.o
LOAD e:/workspace/clion/gcc-arm-none-eabi-10.3-2021.10/bin/../lib/gcc/arm-none-eabi/10.3.1/thumb/v7-m/nofp/crtbegin.o
LOAD e:/workspace/clion/gcc-arm-none-eabi-10.3-2021.10/bin/../lib/gcc/arm-none-eabi/10.3.1/../../../../arm-none-eabi/lib/thumb/v7-m/nofp/crt0.o
LOAD CMakeFiles/STM32_MPU6050.elf.dir/Core/Src/gpio.c.obj
LOAD CMakeFiles/STM32_MPU6050.elf.dir/Core/Src/main.c.obj
LOAD CMakeFiles/STM32_MPU6050.elf.dir/Core/Src/retarget.c.obj
LOAD CMakeFiles/STM32_MPU6050.elf.dir/Core/Src/stm32f1xx_hal_msp.c.obj
LOAD CMakeFiles/STM32_MPU6050.elf.dir/Core/Src/stm32f1xx_it.c.obj
LOAD CMakeFiles/STM32_MPU6050.elf.dir/Core/Src/syscalls.c.obj
LOAD CMakeFiles/STM32_MPU6050.elf.dir/Core/Src/sysmem.c.obj
LOAD CMakeFiles/STM32_MPU6050.elf.dir/Core/Src/system_stm32f1xx.c.obj
LOAD CMakeFiles/STM32_MPU6050.elf.dir/Core/Src/tim.c.obj
LOAD CMakeFiles/STM32_MPU6050.elf.dir/Core/Src/usart.c.obj
LOAD CMakeFiles/STM32_MPU6050.elf.dir/Core/Startup/startup_stm32f103c8tx.s.obj
LOAD CMakeFiles/STM32_MPU6050.elf.dir/Drivers/STM32F1xx_HAL_Driver/Src/stm32f1xx_hal.c.obj
LOAD CMakeFiles/STM32_MPU6050.elf.dir/Drivers/STM32F1xx_HAL_Driver/Src/stm32f1xx_hal_cortex.c.obj
LOAD CMakeFiles/STM32_MPU6050.elf.dir/Drivers/STM32F1xx_HAL_Driver/Src/stm32f1xx_hal_dma.c.obj
LOAD CMakeFiles/STM32_MPU6050.elf.dir/Drivers/STM32F1xx_HAL_Driver/Src/stm32f1xx_hal_exti.c.obj
LOAD CMakeFiles/STM32_MPU6050.elf.dir/Drivers/STM32F1xx_HAL_Driver/Src/stm32f1xx_hal_flash.c.obj
LOAD CMakeFiles/STM32_MPU6050.elf.dir/Drivers/STM32F1xx_HAL_Driver/Src/stm32f1xx_hal_flash_ex.c.obj
LOAD CMakeFiles/STM32_MPU6050.elf.dir/Drivers/STM32F1xx_HAL_Driver/Src/stm32f1xx_hal_gpio.c.obj
LOAD CMakeFiles/STM32_MPU6050.elf.dir/Drivers/STM32F1xx_HAL_Driver/Src/stm32f1xx_hal_gpio_ex.c.obj
LOAD CMakeFiles/STM32_MPU6050.elf.dir/Drivers/STM32F1xx_HAL_Driver/Src/stm32f1xx_hal_pwr.c.obj
LOAD CMakeFiles/STM32_MPU6050.elf.dir/Drivers/STM32F1xx_HAL_Driver/Src/stm32f1xx_hal_rcc.c.obj
LOAD CMakeFiles/STM32_MPU6050.elf.dir/Drivers/STM32F1xx_HAL_Driver/Src/stm32f1xx_hal_rcc_ex.c.obj
LOAD CMakeFiles/STM32_MPU6050.elf.dir/Drivers/STM32F1xx_HAL_Driver/Src/stm32f1xx_hal_tim.c.obj
LOAD CMakeFiles/STM32_MPU6050.elf.dir/Drivers/STM32F1xx_HAL_Driver/Src/stm32f1xx_hal_tim_ex.c.obj
LOAD CMakeFiles/STM32_MPU6050.elf.dir/Drivers/STM32F1xx_HAL_Driver/Src/stm32f1xx_hal_uart.c.obj
START GROUP
LOAD e:/workspace/clion/gcc-arm-none-eabi-10.3-2021.10/bin/../lib/gcc/arm-none-eabi/10.3.1/thumb/v7-m/nofp\libgcc.a
LOAD e:/workspace/clion/gcc-arm-none-eabi-10.3-2021.10/bin/../lib/gcc/arm-none-eabi/10.3.1/../../../../arm-none-eabi/lib/thumb/v7-m/nofp\libg.a
LOAD e:/workspace/clion/gcc-arm-none-eabi-10.3-2021.10/bin/../lib/gcc/arm-none-eabi/10.3.1/../../../../arm-none-eabi/lib/thumb/v7-m/nofp\libc.a
END GROUP
LOAD e:/workspace/clion/gcc-arm-none-eabi-10.3-2021.10/bin/../lib/gcc/arm-none-eabi/10.3.1/thumb/v7-m/nofp/crtend.o
LOAD e:/workspace/clion/gcc-arm-none-eabi-10.3-2021.10/bin/../lib/gcc/arm-none-eabi/10.3.1/thumb/v7-m/nofp/crtn.o
                0x20005000                _estack = (ORIGIN (RAM) + LENGTH (RAM))
                0x00000200                _Min_Heap_Size = 0x200
                0x00000400                _Min_Stack_Size = 0x400

.isr_vector     0x08000000      0x10c
                0x08000000                . = ALIGN (0x4)
 *(.isr_vector)
 .isr_vector    0x08000000      0x10c CMakeFiles/STM32_MPU6050.elf.dir/Core/Startup/startup_stm32f103c8tx.s.obj
                0x08000000                g_pfnVectors
                0x0800010c                . = ALIGN (0x4)

.text           0x0800010c     0x3518
                0x0800010c                . = ALIGN (0x4)
 *(.text)
 .text          0x0800010c       0x40 e:/workspace/clion/gcc-arm-none-eabi-10.3-2021.10/bin/../lib/gcc/arm-none-eabi/10.3.1/thumb/v7-m/nofp/crtbegin.o
 .text          0x0800014c       0xec e:/workspace/clion/gcc-arm-none-eabi-10.3-2021.10/bin/../lib/gcc/arm-none-eabi/10.3.1/../../../../arm-none-eabi/lib/thumb/v7-m/nofp\libg.a(lib_a-memcpy.o)
                0x0800014c                memcpy
 *(.text*)
 .text.MX_GPIO_Init
                0x08000238       0xb4 CMakeFiles/STM32_MPU6050.elf.dir/Core/Src/gpio.c.obj
                0x08000238                MX_GPIO_Init
 .text.Delay_uS
                0x080002ec       0x30 CMakeFiles/STM32_MPU6050.elf.dir/Core/Src/main.c.obj
                0x080002ec                Delay_uS
 .text.IIC_Start
                0x0800031c       0x2c CMakeFiles/STM32_MPU6050.elf.dir/Core/Src/main.c.obj
                0x0800031c                IIC_Start
 .text.IIC_Stop
                0x08000348       0x30 CMakeFiles/STM32_MPU6050.elf.dir/Core/Src/main.c.obj
                0x08000348                IIC_Stop
 .text.Wait_ack
                0x08000378       0x44 CMakeFiles/STM32_MPU6050.elf.dir/Core/Src/main.c.obj
                0x08000378                Wait_ack
 .text.IIC_Sendbyte
                0x080003bc       0x40 CMakeFiles/STM32_MPU6050.elf.dir/Core/Src/main.c.obj
                0x080003bc                IIC_Sendbyte
 .text.IIC_Sendack
                0x080003fc       0x2c CMakeFiles/STM32_MPU6050.elf.dir/Core/Src/main.c.obj
                0x080003fc                IIC_Sendack
 .text.IIC_Nsendack
                0x08000428       0x2c CMakeFiles/STM32_MPU6050.elf.dir/Core/Src/main.c.obj
                0x08000428                IIC_Nsendack
 .text.IIC_Readbyte
                0x08000454       0x54 CMakeFiles/STM32_MPU6050.elf.dir/Core/Src/main.c.obj
                0x08000454                IIC_Readbyte
 .text.MPU6050_WriteReg
                0x080004a8       0x54 CMakeFiles/STM32_MPU6050.elf.dir/Core/Src/main.c.obj
                0x080004a8                MPU6050_WriteReg
 .text.MPU6050_ReadReg
                0x080004fc       0x60 CMakeFiles/STM32_MPU6050.elf.dir/Core/Src/main.c.obj
                0x080004fc                MPU6050_ReadReg
 .text.MPU6050_Init
                0x0800055c       0x34 CMakeFiles/STM32_MPU6050.elf.dir/Core/Src/main.c.obj
                0x0800055c                MPU6050_Init
 .text.MPU6050_GetID
                0x08000590        0xa CMakeFiles/STM32_MPU6050.elf.dir/Core/Src/main.c.obj
                0x08000590                MPU6050_GetID
 .text.Error_Handler
                0x0800059a        0x4 CMakeFiles/STM32_MPU6050.elf.dir/Core/Src/main.c.obj
                0x0800059a                Error_Handler
 .text.SystemClock_Config
                0x0800059e       0x64 CMakeFiles/STM32_MPU6050.elf.dir/Core/Src/main.c.obj
                0x0800059e                SystemClock_Config
 *fill*         0x08000602        0x2 
 .text.main     0x08000604       0x6c CMakeFiles/STM32_MPU6050.elf.dir/Core/Src/main.c.obj
                0x08000604                main
 .text.RetargetInit
                0x08000670       0x20 CMakeFiles/STM32_MPU6050.elf.dir/Core/Src/retarget.c.obj
                0x08000670                RetargetInit
 .text._isatty  0x08000690       0x16 CMakeFiles/STM32_MPU6050.elf.dir/Core/Src/retarget.c.obj
                0x08000690                _isatty
 *fill*         0x080006a6        0x2 
 .text._write   0x080006a8       0x34 CMakeFiles/STM32_MPU6050.elf.dir/Core/Src/retarget.c.obj
                0x080006a8                _write
 .text._close   0x080006dc       0x18 CMakeFiles/STM32_MPU6050.elf.dir/Core/Src/retarget.c.obj
                0x080006dc                _close
 .text._lseek   0x080006f4       0x10 CMakeFiles/STM32_MPU6050.elf.dir/Core/Src/retarget.c.obj
                0x080006f4                _lseek
 .text._read    0x08000704       0x30 CMakeFiles/STM32_MPU6050.elf.dir/Core/Src/retarget.c.obj
                0x08000704                _read
 .text._fstat   0x08000734       0x1a CMakeFiles/STM32_MPU6050.elf.dir/Core/Src/retarget.c.obj
                0x08000734                _fstat
 *fill*         0x0800074e        0x2 
 .text.HAL_MspInit
                0x08000750       0x44 CMakeFiles/STM32_MPU6050.elf.dir/Core/Src/stm32f1xx_hal_msp.c.obj
                0x08000750                HAL_MspInit
 .text.NMI_Handler
                0x08000794        0x2 CMakeFiles/STM32_MPU6050.elf.dir/Core/Src/stm32f1xx_it.c.obj
                0x08000794                NMI_Handler
 .text.HardFault_Handler
                0x08000796        0x2 CMakeFiles/STM32_MPU6050.elf.dir/Core/Src/stm32f1xx_it.c.obj
                0x08000796                HardFault_Handler
 .text.MemManage_Handler
                0x08000798        0x2 CMakeFiles/STM32_MPU6050.elf.dir/Core/Src/stm32f1xx_it.c.obj
                0x08000798                MemManage_Handler
 .text.BusFault_Handler
                0x0800079a        0x2 CMakeFiles/STM32_MPU6050.elf.dir/Core/Src/stm32f1xx_it.c.obj
                0x0800079a                BusFault_Handler
 .text.UsageFault_Handler
                0x0800079c        0x2 CMakeFiles/STM32_MPU6050.elf.dir/Core/Src/stm32f1xx_it.c.obj
                0x0800079c                UsageFault_Handler
 .text.SVC_Handler
                0x0800079e        0x2 CMakeFiles/STM32_MPU6050.elf.dir/Core/Src/stm32f1xx_it.c.obj
                0x0800079e                SVC_Handler
 .text.DebugMon_Handler
                0x080007a0        0x2 CMakeFiles/STM32_MPU6050.elf.dir/Core/Src/stm32f1xx_it.c.obj
                0x080007a0                DebugMon_Handler
 .text.PendSV_Handler
                0x080007a2        0x2 CMakeFiles/STM32_MPU6050.elf.dir/Core/Src/stm32f1xx_it.c.obj
                0x080007a2                PendSV_Handler
 .text.SysTick_Handler
                0x080007a4        0x8 CMakeFiles/STM32_MPU6050.elf.dir/Core/Src/stm32f1xx_it.c.obj
                0x080007a4                SysTick_Handler
 .text._sbrk    0x080007ac       0x48 CMakeFiles/STM32_MPU6050.elf.dir/Core/Src/sysmem.c.obj
                0x080007ac                _sbrk
 .text.SystemInit
                0x080007f4        0x2 CMakeFiles/STM32_MPU6050.elf.dir/Core/Src/system_stm32f1xx.c.obj
                0x080007f4                SystemInit
 *fill*         0x080007f6        0x2 
 .text.MX_TIM1_Init
                0x080007f8       0x6c CMakeFiles/STM32_MPU6050.elf.dir/Core/Src/tim.c.obj
                0x080007f8                MX_TIM1_Init
 .text.HAL_TIM_Base_MspInit
                0x08000864       0x2c CMakeFiles/STM32_MPU6050.elf.dir/Core/Src/tim.c.obj
                0x08000864                HAL_TIM_Base_MspInit
 .text.MX_USART1_UART_Init
                0x08000890       0x34 CMakeFiles/STM32_MPU6050.elf.dir/Core/Src/usart.c.obj
                0x08000890                MX_USART1_UART_Init
 .text.HAL_UART_MspInit
                0x080008c4       0x78 CMakeFiles/STM32_MPU6050.elf.dir/Core/Src/usart.c.obj
                0x080008c4                HAL_UART_MspInit
 .text.Reset_Handler
                0x0800093c       0x48 CMakeFiles/STM32_MPU6050.elf.dir/Core/Startup/startup_stm32f103c8tx.s.obj
                0x0800093c                Reset_Handler
 .text.Default_Handler
                0x08000984        0x2 CMakeFiles/STM32_MPU6050.elf.dir/Core/Startup/startup_stm32f103c8tx.s.obj
                0x08000984                RTC_Alarm_IRQHandler
                0x08000984                EXTI2_IRQHandler
                0x08000984                TIM1_CC_IRQHandler
                0x08000984                PVD_IRQHandler
                0x08000984                EXTI3_IRQHandler
                0x08000984                EXTI0_IRQHandler
                0x08000984                I2C2_EV_IRQHandler
                0x08000984                ADC1_2_IRQHandler
                0x08000984                SPI1_IRQHandler
                0x08000984                TAMPER_IRQHandler
                0x08000984                DMA1_Channel4_IRQHandler
                0x08000984                USART3_IRQHandler
                0x08000984                RTC_IRQHandler
                0x08000984                DMA1_Channel7_IRQHandler
                0x08000984                CAN1_RX1_IRQHandler
                0x08000984                TIM4_IRQHandler
                0x08000984                I2C1_EV_IRQHandler
                0x08000984                DMA1_Channel6_IRQHandler
                0x08000984                TIM3_IRQHandler
                0x08000984                RCC_IRQHandler
                0x08000984                TIM1_TRG_COM_IRQHandler
                0x08000984                DMA1_Channel1_IRQHandler
                0x08000984                Default_Handler
                0x08000984                EXTI15_10_IRQHandler
                0x08000984                EXTI9_5_IRQHandler
                0x08000984                SPI2_IRQHandler
                0x08000984                DMA1_Channel5_IRQHandler
                0x08000984                EXTI4_IRQHandler
                0x08000984                USB_LP_CAN1_RX0_IRQHandler
                0x08000984                USB_HP_CAN1_TX_IRQHandler
                0x08000984                DMA1_Channel3_IRQHandler
                0x08000984                TIM1_UP_IRQHandler
                0x08000984                WWDG_IRQHandler
                0x08000984                TIM2_IRQHandler
                0x08000984                TIM1_BRK_IRQHandler
                0x08000984                EXTI1_IRQHandler
                0x08000984                USART2_IRQHandler
                0x08000984                I2C2_ER_IRQHandler
                0x08000984                DMA1_Channel2_IRQHandler
                0x08000984                CAN1_SCE_IRQHandler
                0x08000984                FLASH_IRQHandler
                0x08000984                USART1_IRQHandler
                0x08000984                I2C1_ER_IRQHandler
                0x08000984                USBWakeUp_IRQHandler
 *fill*         0x08000986        0x2 
 .text.HAL_InitTick
                0x08000988       0x4c CMakeFiles/STM32_MPU6050.elf.dir/Drivers/STM32F1xx_HAL_Driver/Src/stm32f1xx_hal.c.obj
                0x08000988                HAL_InitTick
 .text.HAL_Init
                0x080009d4       0x24 CMakeFiles/STM32_MPU6050.elf.dir/Drivers/STM32F1xx_HAL_Driver/Src/stm32f1xx_hal.c.obj
                0x080009d4                HAL_Init
 .text.HAL_IncTick
                0x080009f8       0x18 CMakeFiles/STM32_MPU6050.elf.dir/Drivers/STM32F1xx_HAL_Driver/Src/stm32f1xx_hal.c.obj
                0x080009f8                HAL_IncTick
 .text.HAL_GetTick
                0x08000a10        0xc CMakeFiles/STM32_MPU6050.elf.dir/Drivers/STM32F1xx_HAL_Driver/Src/stm32f1xx_hal.c.obj
                0x08000a10                HAL_GetTick
 .text.HAL_NVIC_SetPriorityGrouping
                0x08000a1c       0x24 CMakeFiles/STM32_MPU6050.elf.dir/Drivers/STM32F1xx_HAL_Driver/Src/stm32f1xx_hal_cortex.c.obj
                0x08000a1c                HAL_NVIC_SetPriorityGrouping
 .text.HAL_NVIC_SetPriority
                0x08000a40       0x70 CMakeFiles/STM32_MPU6050.elf.dir/Drivers/STM32F1xx_HAL_Driver/Src/stm32f1xx_hal_cortex.c.obj
                0x08000a40                HAL_NVIC_SetPriority
 .text.HAL_SYSTICK_Config
                0x08000ab0       0x28 CMakeFiles/STM32_MPU6050.elf.dir/Drivers/STM32F1xx_HAL_Driver/Src/stm32f1xx_hal_cortex.c.obj
                0x08000ab0                HAL_SYSTICK_Config
 .text.HAL_GPIO_Init
                0x08000ad8      0x224 CMakeFiles/STM32_MPU6050.elf.dir/Drivers/STM32F1xx_HAL_Driver/Src/stm32f1xx_hal_gpio.c.obj
                0x08000ad8                HAL_GPIO_Init
 .text.HAL_GPIO_WritePin
                0x08000cfc        0xc CMakeFiles/STM32_MPU6050.elf.dir/Drivers/STM32F1xx_HAL_Driver/Src/stm32f1xx_hal_gpio.c.obj
                0x08000cfc                HAL_GPIO_WritePin
 .text.RCC_Delay
                0x08000d08       0x2c CMakeFiles/STM32_MPU6050.elf.dir/Drivers/STM32F1xx_HAL_Driver/Src/stm32f1xx_hal_rcc.c.obj
 .text.HAL_RCC_OscConfig
                0x08000d34      0x410 CMakeFiles/STM32_MPU6050.elf.dir/Drivers/STM32F1xx_HAL_Driver/Src/stm32f1xx_hal_rcc.c.obj
                0x08000d34                HAL_RCC_OscConfig
 .text.HAL_RCC_GetSysClockFreq
                0x08001144       0x54 CMakeFiles/STM32_MPU6050.elf.dir/Drivers/STM32F1xx_HAL_Driver/Src/stm32f1xx_hal_rcc.c.obj
                0x08001144                HAL_RCC_GetSysClockFreq
 .text.HAL_RCC_ClockConfig
                0x08001198      0x16c CMakeFiles/STM32_MPU6050.elf.dir/Drivers/STM32F1xx_HAL_Driver/Src/stm32f1xx_hal_rcc.c.obj
                0x08001198                HAL_RCC_ClockConfig
 .text.HAL_RCC_GetHCLKFreq
                0x08001304        0xc CMakeFiles/STM32_MPU6050.elf.dir/Drivers/STM32F1xx_HAL_Driver/Src/stm32f1xx_hal_rcc.c.obj
                0x08001304                HAL_RCC_GetHCLKFreq
 .text.HAL_RCC_GetPCLK1Freq
                0x08001310       0x20 CMakeFiles/STM32_MPU6050.elf.dir/Drivers/STM32F1xx_HAL_Driver/Src/stm32f1xx_hal_rcc.c.obj
                0x08001310                HAL_RCC_GetPCLK1Freq
 .text.HAL_RCC_GetPCLK2Freq
                0x08001330       0x20 CMakeFiles/STM32_MPU6050.elf.dir/Drivers/STM32F1xx_HAL_Driver/Src/stm32f1xx_hal_rcc.c.obj
                0x08001330                HAL_RCC_GetPCLK2Freq
 .text.TIM_TI1_ConfigInputStage
                0x08001350       0x24 CMakeFiles/STM32_MPU6050.elf.dir/Drivers/STM32F1xx_HAL_Driver/Src/stm32f1xx_hal_tim.c.obj
 .text.TIM_TI2_ConfigInputStage
                0x08001374       0x26 CMakeFiles/STM32_MPU6050.elf.dir/Drivers/STM32F1xx_HAL_Driver/Src/stm32f1xx_hal_tim.c.obj
 .text.TIM_ITRx_SetConfig
                0x0800139a       0x10 CMakeFiles/STM32_MPU6050.elf.dir/Drivers/STM32F1xx_HAL_Driver/Src/stm32f1xx_hal_tim.c.obj
 *fill*         0x080013aa        0x2 
 .text.HAL_TIM_Base_Start
                0x080013ac       0x5c CMakeFiles/STM32_MPU6050.elf.dir/Drivers/STM32F1xx_HAL_Driver/Src/stm32f1xx_hal_tim.c.obj
                0x080013ac                HAL_TIM_Base_Start
 .text.HAL_TIM_Base_Stop
                0x08001408       0x28 CMakeFiles/STM32_MPU6050.elf.dir/Drivers/STM32F1xx_HAL_Driver/Src/stm32f1xx_hal_tim.c.obj
                0x08001408                HAL_TIM_Base_Stop
 .text.TIM_Base_SetConfig
                0x08001430       0x74 CMakeFiles/STM32_MPU6050.elf.dir/Drivers/STM32F1xx_HAL_Driver/Src/stm32f1xx_hal_tim.c.obj
                0x08001430                TIM_Base_SetConfig
 .text.HAL_TIM_Base_Init
                0x080014a4       0x58 CMakeFiles/STM32_MPU6050.elf.dir/Drivers/STM32F1xx_HAL_Driver/Src/stm32f1xx_hal_tim.c.obj
                0x080014a4                HAL_TIM_Base_Init
 .text.TIM_ETR_SetConfig
                0x080014fc       0x18 CMakeFiles/STM32_MPU6050.elf.dir/Drivers/STM32F1xx_HAL_Driver/Src/stm32f1xx_hal_tim.c.obj
                0x080014fc                TIM_ETR_SetConfig
 .text.HAL_TIM_ConfigClockSource
                0x08001514       0xfe CMakeFiles/STM32_MPU6050.elf.dir/Drivers/STM32F1xx_HAL_Driver/Src/stm32f1xx_hal_tim.c.obj
                0x08001514                HAL_TIM_ConfigClockSource
 *fill*         0x08001612        0x2 
 .text.HAL_TIMEx_MasterConfigSynchronization
                0x08001614       0x6c CMakeFiles/STM32_MPU6050.elf.dir/Drivers/STM32F1xx_HAL_Driver/Src/stm32f1xx_hal_tim_ex.c.obj
                0x08001614                HAL_TIMEx_MasterConfigSynchronization
 .text.UART_SetConfig
                0x08001680       0x94 CMakeFiles/STM32_MPU6050.elf.dir/Drivers/STM32F1xx_HAL_Driver/Src/stm32f1xx_hal_uart.c.obj
 .text.UART_WaitOnFlagUntilTimeout
                0x08001714       0x88 CMakeFiles/STM32_MPU6050.elf.dir/Drivers/STM32F1xx_HAL_Driver/Src/stm32f1xx_hal_uart.c.obj
 .text.HAL_UART_Init
                0x0800179c       0x60 CMakeFiles/STM32_MPU6050.elf.dir/Drivers/STM32F1xx_HAL_Driver/Src/stm32f1xx_hal_uart.c.obj
                0x0800179c                HAL_UART_Init
 .text.HAL_UART_Transmit
                0x080017fc       0xbe CMakeFiles/STM32_MPU6050.elf.dir/Drivers/STM32F1xx_HAL_Driver/Src/stm32f1xx_hal_uart.c.obj
                0x080017fc                HAL_UART_Transmit
 .text.HAL_UART_Receive
                0x080018ba       0xca CMakeFiles/STM32_MPU6050.elf.dir/Drivers/STM32F1xx_HAL_Driver/Src/stm32f1xx_hal_uart.c.obj
                0x080018ba                HAL_UART_Receive
 .text.__errno  0x08001984        0xc e:/workspace/clion/gcc-arm-none-eabi-10.3-2021.10/bin/../lib/gcc/arm-none-eabi/10.3.1/../../../../arm-none-eabi/lib/thumb/v7-m/nofp\libg.a(lib_a-errno.o)
                0x08001984                __errno
 .text.__libc_init_array
                0x08001990       0x48 e:/workspace/clion/gcc-arm-none-eabi-10.3-2021.10/bin/../lib/gcc/arm-none-eabi/10.3.1/../../../../arm-none-eabi/lib/thumb/v7-m/nofp\libg.a(lib_a-init.o)
                0x08001990                __libc_init_array
 .text.memset   0x080019d8       0xa4 e:/workspace/clion/gcc-arm-none-eabi-10.3-2021.10/bin/../lib/gcc/arm-none-eabi/10.3.1/../../../../arm-none-eabi/lib/thumb/v7-m/nofp\libg.a(lib_a-memset.o)
                0x080019d8                memset
 .text._puts_r  0x08001a7c       0x9c e:/workspace/clion/gcc-arm-none-eabi-10.3-2021.10/bin/../lib/gcc/arm-none-eabi/10.3.1/../../../../arm-none-eabi/lib/thumb/v7-m/nofp\libg.a(lib_a-puts.o)
                0x08001a7c                _puts_r
 .text.puts     0x08001b18       0x10 e:/workspace/clion/gcc-arm-none-eabi-10.3-2021.10/bin/../lib/gcc/arm-none-eabi/10.3.1/../../../../arm-none-eabi/lib/thumb/v7-m/nofp\libg.a(lib_a-puts.o)
                0x08001b18                puts
 .text.setvbuf  0x08001b28      0x1b0 e:/workspace/clion/gcc-arm-none-eabi-10.3-2021.10/bin/../lib/gcc/arm-none-eabi/10.3.1/../../../../arm-none-eabi/lib/thumb/v7-m/nofp\libg.a(lib_a-setvbuf.o)
                0x08001b28                setvbuf
 .text.strlen   0x08001cd8       0x5c e:/workspace/clion/gcc-arm-none-eabi-10.3-2021.10/bin/../lib/gcc/arm-none-eabi/10.3.1/../../../../arm-none-eabi/lib/thumb/v7-m/nofp\libg.a(lib_a-strlen-stub.o)
                0x08001cd8                strlen
 .text.__swsetup_r
                0x08001d34       0xd4 e:/workspace/clion/gcc-arm-none-eabi-10.3-2021.10/bin/../lib/gcc/arm-none-eabi/10.3.1/../../../../arm-none-eabi/lib/thumb/v7-m/nofp\libg.a(lib_a-wsetup.o)
                0x08001d34                __swsetup_r
 .text.startup.register_fini
                0x08001e08       0x14 e:/workspace/clion/gcc-arm-none-eabi-10.3-2021.10/bin/../lib/gcc/arm-none-eabi/10.3.1/../../../../arm-none-eabi/lib/thumb/v7-m/nofp\libg.a(lib_a-__call_atexit.o)
 .text.atexit   0x08001e1c        0xc e:/workspace/clion/gcc-arm-none-eabi-10.3-2021.10/bin/../lib/gcc/arm-none-eabi/10.3.1/../../../../arm-none-eabi/lib/thumb/v7-m/nofp\libg.a(lib_a-atexit.o)
                0x08001e1c                atexit
 .text.__sflush_r
                0x08001e28      0x124 e:/workspace/clion/gcc-arm-none-eabi-10.3-2021.10/bin/../lib/gcc/arm-none-eabi/10.3.1/../../../../arm-none-eabi/lib/thumb/v7-m/nofp\libg.a(lib_a-fflush.o)
                0x08001e28                __sflush_r
 .text._fflush_r
                0x08001f4c       0x5c e:/workspace/clion/gcc-arm-none-eabi-10.3-2021.10/bin/../lib/gcc/arm-none-eabi/10.3.1/../../../../arm-none-eabi/lib/thumb/v7-m/nofp\libg.a(lib_a-fflush.o)
                0x08001f4c                _fflush_r
 .text._cleanup_r
                0x08001fa8        0xc e:/workspace/clion/gcc-arm-none-eabi-10.3-2021.10/bin/../lib/gcc/arm-none-eabi/10.3.1/../../../../arm-none-eabi/lib/thumb/v7-m/nofp\libg.a(lib_a-findfp.o)
                0x08001fa8                _cleanup_r
 .text.__sinit  0x08001fb4      0x10c e:/workspace/clion/gcc-arm-none-eabi-10.3-2021.10/bin/../lib/gcc/arm-none-eabi/10.3.1/../../../../arm-none-eabi/lib/thumb/v7-m/nofp\libg.a(lib_a-findfp.o)
                0x08001fb4                __sinit
 .text.__sfp_lock_acquire
                0x080020c0        0xc e:/workspace/clion/gcc-arm-none-eabi-10.3-2021.10/bin/../lib/gcc/arm-none-eabi/10.3.1/../../../../arm-none-eabi/lib/thumb/v7-m/nofp\libg.a(lib_a-findfp.o)
                0x080020c0                __sfp_lock_acquire
 .text.__sfp_lock_release
                0x080020cc        0xc e:/workspace/clion/gcc-arm-none-eabi-10.3-2021.10/bin/../lib/gcc/arm-none-eabi/10.3.1/../../../../arm-none-eabi/lib/thumb/v7-m/nofp\libg.a(lib_a-findfp.o)
                0x080020cc                __sfp_lock_release
 .text.__libc_fini_array
                0x080020d8       0x2c e:/workspace/clion/gcc-arm-none-eabi-10.3-2021.10/bin/../lib/gcc/arm-none-eabi/10.3.1/../../../../arm-none-eabi/lib/thumb/v7-m/nofp\libg.a(lib_a-fini.o)
                0x080020d8                __libc_fini_array
 .text._malloc_trim_r
                0x08002104       0xa0 e:/workspace/clion/gcc-arm-none-eabi-10.3-2021.10/bin/../lib/gcc/arm-none-eabi/10.3.1/../../../../arm-none-eabi/lib/thumb/v7-m/nofp\libg.a(lib_a-freer.o)
                0x08002104                _malloc_trim_r
 .text._free_r  0x080021a4      0x200 e:/workspace/clion/gcc-arm-none-eabi-10.3-2021.10/bin/../lib/gcc/arm-none-eabi/10.3.1/../../../../arm-none-eabi/lib/thumb/v7-m/nofp\libg.a(lib_a-freer.o)
                0x080021a4                _free_r
 .text.__sfvwrite_r
                0x080023a4      0x2f0 e:/workspace/clion/gcc-arm-none-eabi-10.3-2021.10/bin/../lib/gcc/arm-none-eabi/10.3.1/../../../../arm-none-eabi/lib/thumb/v7-m/nofp\libg.a(lib_a-fvwrite.o)
                0x080023a4                __sfvwrite_r
 .text._fwalk_reent
                0x08002694       0x48 e:/workspace/clion/gcc-arm-none-eabi-10.3-2021.10/bin/../lib/gcc/arm-none-eabi/10.3.1/../../../../arm-none-eabi/lib/thumb/v7-m/nofp\libg.a(lib_a-fwalk.o)
                0x08002694                _fwalk_reent
 .text.__retarget_lock_init_recursive
                0x080026dc        0x4 e:/workspace/clion/gcc-arm-none-eabi-10.3-2021.10/bin/../lib/gcc/arm-none-eabi/10.3.1/../../../../arm-none-eabi/lib/thumb/v7-m/nofp\libg.a(lib_a-lock.o)
                0x080026dc                __retarget_lock_init_recursive
 .text.__retarget_lock_close_recursive
                0x080026e0        0x4 e:/workspace/clion/gcc-arm-none-eabi-10.3-2021.10/bin/../lib/gcc/arm-none-eabi/10.3.1/../../../../arm-none-eabi/lib/thumb/v7-m/nofp\libg.a(lib_a-lock.o)
                0x080026e0                __retarget_lock_close_recursive
 .text.__retarget_lock_acquire_recursive
                0x080026e4        0x4 e:/workspace/clion/gcc-arm-none-eabi-10.3-2021.10/bin/../lib/gcc/arm-none-eabi/10.3.1/../../../../arm-none-eabi/lib/thumb/v7-m/nofp\libg.a(lib_a-lock.o)
                0x080026e4                __retarget_lock_acquire_recursive
 .text.__retarget_lock_release_recursive
                0x080026e8        0x4 e:/workspace/clion/gcc-arm-none-eabi-10.3-2021.10/bin/../lib/gcc/arm-none-eabi/10.3.1/../../../../arm-none-eabi/lib/thumb/v7-m/nofp\libg.a(lib_a-lock.o)
                0x080026e8                __retarget_lock_release_recursive
 .text.__smakebuf_r
                0x080026ec       0xe0 e:/workspace/clion/gcc-arm-none-eabi-10.3-2021.10/bin/../lib/gcc/arm-none-eabi/10.3.1/../../../../arm-none-eabi/lib/thumb/v7-m/nofp\libg.a(lib_a-makebuf.o)
                0x080026ec                __smakebuf_r
 .text.__swhatbuf_r
                0x080027cc       0x60 e:/workspace/clion/gcc-arm-none-eabi-10.3-2021.10/bin/../lib/gcc/arm-none-eabi/10.3.1/../../../../arm-none-eabi/lib/thumb/v7-m/nofp\libg.a(lib_a-makebuf.o)
                0x080027cc                __swhatbuf_r
 .text.malloc   0x0800282c       0x10 e:/workspace/clion/gcc-arm-none-eabi-10.3-2021.10/bin/../lib/gcc/arm-none-eabi/10.3.1/../../../../arm-none-eabi/lib/thumb/v7-m/nofp\libg.a(lib_a-malloc.o)
                0x0800282c                malloc
 .text._malloc_r
                0x0800283c      0x558 e:/workspace/clion/gcc-arm-none-eabi-10.3-2021.10/bin/../lib/gcc/arm-none-eabi/10.3.1/../../../../arm-none-eabi/lib/thumb/v7-m/nofp\libg.a(lib_a-mallocr.o)
                0x0800283c                _malloc_r
 .text.memchr   0x08002d94       0x90 e:/workspace/clion/gcc-arm-none-eabi-10.3-2021.10/bin/../lib/gcc/arm-none-eabi/10.3.1/../../../../arm-none-eabi/lib/thumb/v7-m/nofp\libg.a(lib_a-memchr-stub.o)
                0x08002d94                memchr
 .text.memmove  0x08002e24       0xf8 e:/workspace/clion/gcc-arm-none-eabi-10.3-2021.10/bin/../lib/gcc/arm-none-eabi/10.3.1/../../../../arm-none-eabi/lib/thumb/v7-m/nofp\libg.a(lib_a-memmove.o)
                0x08002e24                memmove
 .text.__malloc_lock
                0x08002f1c        0xc e:/workspace/clion/gcc-arm-none-eabi-10.3-2021.10/bin/../lib/gcc/arm-none-eabi/10.3.1/../../../../arm-none-eabi/lib/thumb/v7-m/nofp\libg.a(lib_a-mlock.o)
                0x08002f1c                __malloc_lock
 .text.__malloc_unlock
                0x08002f28        0xc e:/workspace/clion/gcc-arm-none-eabi-10.3-2021.10/bin/../lib/gcc/arm-none-eabi/10.3.1/../../../../arm-none-eabi/lib/thumb/v7-m/nofp\libg.a(lib_a-mlock.o)
                0x08002f28                __malloc_unlock
 .text._realloc_r
                0x08002f34      0x3dc e:/workspace/clion/gcc-arm-none-eabi-10.3-2021.10/bin/../lib/gcc/arm-none-eabi/10.3.1/../../../../arm-none-eabi/lib/thumb/v7-m/nofp\libg.a(lib_a-reallocr.o)
                0x08002f34                _realloc_r
 .text._sbrk_r  0x08003310       0x24 e:/workspace/clion/gcc-arm-none-eabi-10.3-2021.10/bin/../lib/gcc/arm-none-eabi/10.3.1/../../../../arm-none-eabi/lib/thumb/v7-m/nofp\libg.a(lib_a-sbrkr.o)
                0x08003310                _sbrk_r
 .text.__sread  0x08003334       0x24 e:/workspace/clion/gcc-arm-none-eabi-10.3-2021.10/bin/../lib/gcc/arm-none-eabi/10.3.1/../../../../arm-none-eabi/lib/thumb/v7-m/nofp\libg.a(lib_a-stdio.o)
                0x08003334                __sread
 .text.__swrite
                0x08003358       0x40 e:/workspace/clion/gcc-arm-none-eabi-10.3-2021.10/bin/../lib/gcc/arm-none-eabi/10.3.1/../../../../arm-none-eabi/lib/thumb/v7-m/nofp\libg.a(lib_a-stdio.o)
                0x08003358                __swrite
 .text.__sseek  0x08003398       0x20 e:/workspace/clion/gcc-arm-none-eabi-10.3-2021.10/bin/../lib/gcc/arm-none-eabi/10.3.1/../../../../arm-none-eabi/lib/thumb/v7-m/nofp\libg.a(lib_a-stdio.o)
                0x08003398                __sseek
 .text.__sclose
                0x080033b8        0x8 e:/workspace/clion/gcc-arm-none-eabi-10.3-2021.10/bin/../lib/gcc/arm-none-eabi/10.3.1/../../../../arm-none-eabi/lib/thumb/v7-m/nofp\libg.a(lib_a-stdio.o)
                0x080033b8                __sclose
 .text._write_r
                0x080033c0       0x2c e:/workspace/clion/gcc-arm-none-eabi-10.3-2021.10/bin/../lib/gcc/arm-none-eabi/10.3.1/../../../../arm-none-eabi/lib/thumb/v7-m/nofp\libg.a(lib_a-writer.o)
                0x080033c0                _write_r
 .text.__register_exitproc
                0x080033ec       0x8c e:/workspace/clion/gcc-arm-none-eabi-10.3-2021.10/bin/../lib/gcc/arm-none-eabi/10.3.1/../../../../arm-none-eabi/lib/thumb/v7-m/nofp\libg.a(lib_a-__atexit.o)
                0x080033ec                __register_exitproc
 .text._close_r
                0x08003478       0x24 e:/workspace/clion/gcc-arm-none-eabi-10.3-2021.10/bin/../lib/gcc/arm-none-eabi/10.3.1/../../../../arm-none-eabi/lib/thumb/v7-m/nofp\libg.a(lib_a-closer.o)
                0x08003478                _close_r
 .text._fclose_r
                0x0800349c       0xcc e:/workspace/clion/gcc-arm-none-eabi-10.3-2021.10/bin/../lib/gcc/arm-none-eabi/10.3.1/../../../../arm-none-eabi/lib/thumb/v7-m/nofp\libg.a(lib_a-fclose.o)
                0x0800349c                _fclose_r
 .text._fstat_r
                0x08003568       0x28 e:/workspace/clion/gcc-arm-none-eabi-10.3-2021.10/bin/../lib/gcc/arm-none-eabi/10.3.1/../../../../arm-none-eabi/lib/thumb/v7-m/nofp\libg.a(lib_a-fstatr.o)
                0x08003568                _fstat_r
 .text._isatty_r
                0x08003590       0x24 e:/workspace/clion/gcc-arm-none-eabi-10.3-2021.10/bin/../lib/gcc/arm-none-eabi/10.3.1/../../../../arm-none-eabi/lib/thumb/v7-m/nofp\libg.a(lib_a-isattyr.o)
                0x08003590                _isatty_r
 .text._lseek_r
                0x080035b4       0x2c e:/workspace/clion/gcc-arm-none-eabi-10.3-2021.10/bin/../lib/gcc/arm-none-eabi/10.3.1/../../../../arm-none-eabi/lib/thumb/v7-m/nofp\libg.a(lib_a-lseekr.o)
                0x080035b4                _lseek_r
 .text._read_r  0x080035e0       0x2c e:/workspace/clion/gcc-arm-none-eabi-10.3-2021.10/bin/../lib/gcc/arm-none-eabi/10.3.1/../../../../arm-none-eabi/lib/thumb/v7-m/nofp\libg.a(lib_a-readr.o)
                0x080035e0                _read_r
 *(.glue_7)
 .glue_7        0x0800360c        0x0 linker stubs
 *(.glue_7t)
 .glue_7t       0x0800360c        0x0 linker stubs
 *(.eh_frame)
 .eh_frame      0x0800360c        0x0 e:/workspace/clion/gcc-arm-none-eabi-10.3-2021.10/bin/../lib/gcc/arm-none-eabi/10.3.1/thumb/v7-m/nofp/crtbegin.o
 *(.init)
 .init          0x0800360c        0x4 e:/workspace/clion/gcc-arm-none-eabi-10.3-2021.10/bin/../lib/gcc/arm-none-eabi/10.3.1/thumb/v7-m/nofp/crti.o
                0x0800360c                _init
 .init          0x08003610        0x8 e:/workspace/clion/gcc-arm-none-eabi-10.3-2021.10/bin/../lib/gcc/arm-none-eabi/10.3.1/thumb/v7-m/nofp/crtn.o
 *(.fini)
 .fini          0x08003618        0x4 e:/workspace/clion/gcc-arm-none-eabi-10.3-2021.10/bin/../lib/gcc/arm-none-eabi/10.3.1/thumb/v7-m/nofp/crti.o
                0x08003618                _fini
 .fini          0x0800361c        0x8 e:/workspace/clion/gcc-arm-none-eabi-10.3-2021.10/bin/../lib/gcc/arm-none-eabi/10.3.1/thumb/v7-m/nofp/crtn.o
                0x08003624                . = ALIGN (0x4)
                0x08003624                _etext = .

.vfp11_veneer   0x08003624        0x0
 .vfp11_veneer  0x08003624        0x0 linker stubs

.v4_bx          0x08003624        0x0
 .v4_bx         0x08003624        0x0 linker stubs

.iplt           0x08003624        0x0
 .iplt          0x08003624        0x0 e:/workspace/clion/gcc-arm-none-eabi-10.3-2021.10/bin/../lib/gcc/arm-none-eabi/10.3.1/thumb/v7-m/nofp/crtbegin.o

.rodata         0x08003624       0x40
                0x08003624                . = ALIGN (0x4)
 *(.rodata)
 *(.rodata*)
 .rodata.MPU6050_WriteReg.str1.4
                0x08003624        0x9 CMakeFiles/STM32_MPU6050.elf.dir/Core/Src/main.c.obj
 *fill*         0x0800362d        0x3 
 .rodata.AHBPrescTable
                0x08003630       0x10 CMakeFiles/STM32_MPU6050.elf.dir/Core/Src/system_stm32f1xx.c.obj
                0x08003630                AHBPrescTable
 .rodata.APBPrescTable
                0x08003640        0x8 CMakeFiles/STM32_MPU6050.elf.dir/Core/Src/system_stm32f1xx.c.obj
                0x08003640                APBPrescTable
 .rodata.aPLLMULFactorTable.1
                0x08003648       0x10 CMakeFiles/STM32_MPU6050.elf.dir/Drivers/STM32F1xx_HAL_Driver/Src/stm32f1xx_hal_rcc.c.obj
 .rodata.aPredivFactorTable.0
                0x08003658        0x2 CMakeFiles/STM32_MPU6050.elf.dir/Drivers/STM32F1xx_HAL_Driver/Src/stm32f1xx_hal_rcc.c.obj
 *fill*         0x0800365a        0x2 
 .rodata._global_impure_ptr
                0x0800365c        0x4 e:/workspace/clion/gcc-arm-none-eabi-10.3-2021.10/bin/../lib/gcc/arm-none-eabi/10.3.1/../../../../arm-none-eabi/lib/thumb/v7-m/nofp\libg.a(lib_a-impure.o)
                0x0800365c                _global_impure_ptr
 .rodata._puts_r.str1.4
                0x08003660        0x2 e:/workspace/clion/gcc-arm-none-eabi-10.3-2021.10/bin/../lib/gcc/arm-none-eabi/10.3.1/../../../../arm-none-eabi/lib/thumb/v7-m/nofp\libg.a(lib_a-puts.o)
                0x08003664                . = ALIGN (0x4)
 *fill*         0x08003662        0x2 

.rel.dyn        0x08003664        0x0
 .rel.iplt      0x08003664        0x0 e:/workspace/clion/gcc-arm-none-eabi-10.3-2021.10/bin/../lib/gcc/arm-none-eabi/10.3.1/thumb/v7-m/nofp/crtbegin.o

.ARM.extab      0x08003664        0x0
                0x08003664                . = ALIGN (0x4)
 *(.ARM.extab* .gnu.linkonce.armextab.*)
                0x08003664                . = ALIGN (0x4)

.ARM            0x08003664        0x0
                0x08003664                . = ALIGN (0x4)
                0x08003664                __exidx_start = .
 *(.ARM.exidx*)
                0x08003664                __exidx_end = .
                0x08003664                . = ALIGN (0x4)

.preinit_array  0x08003664        0x0
                0x08003664                . = ALIGN (0x4)
                0x08003664                PROVIDE (__preinit_array_start = .)
 *(.preinit_array*)
                0x08003664                PROVIDE (__preinit_array_end = .)
                0x08003664                . = ALIGN (0x4)

.init_array     0x08003664        0x8
                0x08003664                . = ALIGN (0x4)
                0x08003664                PROVIDE (__init_array_start = .)
 *(SORT_BY_NAME(.init_array.*))
 .init_array.00000
                0x08003664        0x4 e:/workspace/clion/gcc-arm-none-eabi-10.3-2021.10/bin/../lib/gcc/arm-none-eabi/10.3.1/../../../../arm-none-eabi/lib/thumb/v7-m/nofp\libg.a(lib_a-__call_atexit.o)
 *(.init_array*)
 .init_array    0x08003668        0x4 e:/workspace/clion/gcc-arm-none-eabi-10.3-2021.10/bin/../lib/gcc/arm-none-eabi/10.3.1/thumb/v7-m/nofp/crtbegin.o
                0x0800366c                PROVIDE (__init_array_end = .)
                0x0800366c                . = ALIGN (0x4)

.fini_array     0x0800366c        0x4
                0x0800366c                . = ALIGN (0x4)
                0x0800366c                PROVIDE (__fini_array_start = .)
 *(SORT_BY_NAME(.fini_array.*))
 *(.fini_array*)
 .fini_array    0x0800366c        0x4 e:/workspace/clion/gcc-arm-none-eabi-10.3-2021.10/bin/../lib/gcc/arm-none-eabi/10.3.1/thumb/v7-m/nofp/crtbegin.o
                0x08003670                PROVIDE (__fini_array_end = .)
                0x08003670                . = ALIGN (0x4)
                0x08003670                _sidata = LOADADDR (.data)

.data           0x20000000      0x84c load address 0x08003670
                0x20000000                . = ALIGN (0x4)
                0x20000000                _sdata = .
 *(.data)
 *(.data*)
 .data.SystemCoreClock
                0x20000000        0x4 CMakeFiles/STM32_MPU6050.elf.dir/Core/Src/system_stm32f1xx.c.obj
                0x20000000                SystemCoreClock
 .data.uwTickFreq
                0x20000004        0x1 CMakeFiles/STM32_MPU6050.elf.dir/Drivers/STM32F1xx_HAL_Driver/Src/stm32f1xx_hal.c.obj
                0x20000004                uwTickFreq
 *fill*         0x20000005        0x3 
 .data.uwTickPrio
                0x20000008        0x4 CMakeFiles/STM32_MPU6050.elf.dir/Drivers/STM32F1xx_HAL_Driver/Src/stm32f1xx_hal.c.obj
                0x20000008                uwTickPrio
 .data._impure_ptr
                0x2000000c        0x4 e:/workspace/clion/gcc-arm-none-eabi-10.3-2021.10/bin/../lib/gcc/arm-none-eabi/10.3.1/../../../../arm-none-eabi/lib/thumb/v7-m/nofp\libg.a(lib_a-impure.o)
                0x2000000c                _impure_ptr
 .data.impure_data
                0x20000010      0x428 e:/workspace/clion/gcc-arm-none-eabi-10.3-2021.10/bin/../lib/gcc/arm-none-eabi/10.3.1/../../../../arm-none-eabi/lib/thumb/v7-m/nofp\libg.a(lib_a-impure.o)
 .data.__atexit_recursive_mutex
                0x20000438        0x4 e:/workspace/clion/gcc-arm-none-eabi-10.3-2021.10/bin/../lib/gcc/arm-none-eabi/10.3.1/../../../../arm-none-eabi/lib/thumb/v7-m/nofp\libg.a(lib_a-__call_atexit.o)
                0x20000438                __atexit_recursive_mutex
 .data.__malloc_av_
                0x2000043c      0x408 e:/workspace/clion/gcc-arm-none-eabi-10.3-2021.10/bin/../lib/gcc/arm-none-eabi/10.3.1/../../../../arm-none-eabi/lib/thumb/v7-m/nofp\libg.a(lib_a-mallocr.o)
                0x2000043c                __malloc_av_
 .data.__malloc_sbrk_base
                0x20000844        0x4 e:/workspace/clion/gcc-arm-none-eabi-10.3-2021.10/bin/../lib/gcc/arm-none-eabi/10.3.1/../../../../arm-none-eabi/lib/thumb/v7-m/nofp\libg.a(lib_a-mallocr.o)
                0x20000844                __malloc_sbrk_base
 .data.__malloc_trim_threshold
                0x20000848        0x4 e:/workspace/clion/gcc-arm-none-eabi-10.3-2021.10/bin/../lib/gcc/arm-none-eabi/10.3.1/../../../../arm-none-eabi/lib/thumb/v7-m/nofp\libg.a(lib_a-mallocr.o)
                0x20000848                __malloc_trim_threshold
 *(.RamFunc)
 *(.RamFunc*)
                0x2000084c                . = ALIGN (0x4)
                0x2000084c                _edata = .

.igot.plt       0x2000084c        0x0 load address 0x08003ebc
 .igot.plt      0x2000084c        0x0 e:/workspace/clion/gcc-arm-none-eabi-10.3-2021.10/bin/../lib/gcc/arm-none-eabi/10.3.1/thumb/v7-m/nofp/crtbegin.o
                0x2000084c                . = ALIGN (0x4)

.bss            0x2000084c      0x104 load address 0x08003ebc
                0x2000084c                _sbss = .
                0x2000084c                __bss_start__ = _sbss
 *(.bss)
 .bss           0x2000084c       0x1c e:/workspace/clion/gcc-arm-none-eabi-10.3-2021.10/bin/../lib/gcc/arm-none-eabi/10.3.1/thumb/v7-m/nofp/crtbegin.o
 *(.bss*)
 .bss.ID        0x20000868        0x1 CMakeFiles/STM32_MPU6050.elf.dir/Core/Src/main.c.obj
                0x20000868                ID
 *fill*         0x20000869        0x3 
 .bss.gHuart    0x2000086c        0x4 CMakeFiles/STM32_MPU6050.elf.dir/Core/Src/retarget.c.obj
                0x2000086c                gHuart
 .bss.__sbrk_heap_end
                0x20000870        0x4 CMakeFiles/STM32_MPU6050.elf.dir/Core/Src/sysmem.c.obj
 .bss.htim1     0x20000874       0x48 CMakeFiles/STM32_MPU6050.elf.dir/Core/Src/tim.c.obj
                0x20000874                htim1
 .bss.huart1    0x200008bc       0x48 CMakeFiles/STM32_MPU6050.elf.dir/Core/Src/usart.c.obj
                0x200008bc                huart1
 .bss.uwTick    0x20000904        0x4 CMakeFiles/STM32_MPU6050.elf.dir/Drivers/STM32F1xx_HAL_Driver/Src/stm32f1xx_hal.c.obj
                0x20000904                uwTick
 .bss.__lock___atexit_recursive_mutex
                0x20000908        0x1 e:/workspace/clion/gcc-arm-none-eabi-10.3-2021.10/bin/../lib/gcc/arm-none-eabi/10.3.1/../../../../arm-none-eabi/lib/thumb/v7-m/nofp\libg.a(lib_a-lock.o)
                0x20000908                __lock___atexit_recursive_mutex
 *fill*         0x20000909        0x3 
 .bss.__lock___malloc_recursive_mutex
                0x2000090c        0x1 e:/workspace/clion/gcc-arm-none-eabi-10.3-2021.10/bin/../lib/gcc/arm-none-eabi/10.3.1/../../../../arm-none-eabi/lib/thumb/v7-m/nofp\libg.a(lib_a-lock.o)
                0x2000090c                __lock___malloc_recursive_mutex
 *fill*         0x2000090d        0x3 
 .bss.__lock___sfp_recursive_mutex
                0x20000910        0x1 e:/workspace/clion/gcc-arm-none-eabi-10.3-2021.10/bin/../lib/gcc/arm-none-eabi/10.3.1/../../../../arm-none-eabi/lib/thumb/v7-m/nofp\libg.a(lib_a-lock.o)
                0x20000910                __lock___sfp_recursive_mutex
 *fill*         0x20000911        0x3 
 .bss.__lock___sinit_recursive_mutex
                0x20000914        0x1 e:/workspace/clion/gcc-arm-none-eabi-10.3-2021.10/bin/../lib/gcc/arm-none-eabi/10.3.1/../../../../arm-none-eabi/lib/thumb/v7-m/nofp\libg.a(lib_a-lock.o)
                0x20000914                __lock___sinit_recursive_mutex
 *fill*         0x20000915        0x3 
 .bss.__malloc_current_mallinfo
                0x20000918       0x28 e:/workspace/clion/gcc-arm-none-eabi-10.3-2021.10/bin/../lib/gcc/arm-none-eabi/10.3.1/../../../../arm-none-eabi/lib/thumb/v7-m/nofp\libg.a(lib_a-mallocr.o)
                0x20000918                __malloc_current_mallinfo
 .bss.__malloc_max_sbrked_mem
                0x20000940        0x4 e:/workspace/clion/gcc-arm-none-eabi-10.3-2021.10/bin/../lib/gcc/arm-none-eabi/10.3.1/../../../../arm-none-eabi/lib/thumb/v7-m/nofp\libg.a(lib_a-mallocr.o)
                0x20000940                __malloc_max_sbrked_mem
 .bss.__malloc_max_total_mem
                0x20000944        0x4 e:/workspace/clion/gcc-arm-none-eabi-10.3-2021.10/bin/../lib/gcc/arm-none-eabi/10.3.1/../../../../arm-none-eabi/lib/thumb/v7-m/nofp\libg.a(lib_a-mallocr.o)
                0x20000944                __malloc_max_total_mem
 .bss.__malloc_top_pad
                0x20000948        0x4 e:/workspace/clion/gcc-arm-none-eabi-10.3-2021.10/bin/../lib/gcc/arm-none-eabi/10.3.1/../../../../arm-none-eabi/lib/thumb/v7-m/nofp\libg.a(lib_a-mallocr.o)
                0x20000948                __malloc_top_pad
 .bss.errno     0x2000094c        0x4 e:/workspace/clion/gcc-arm-none-eabi-10.3-2021.10/bin/../lib/gcc/arm-none-eabi/10.3.1/../../../../arm-none-eabi/lib/thumb/v7-m/nofp\libg.a(lib_a-reent.o)
                0x2000094c                errno
 *(COMMON)
                0x20000950                . = ALIGN (0x4)
                0x20000950                _ebss = .
                0x20000950                __bss_end__ = _ebss

._user_heap_stack
                0x20000950      0x600 load address 0x08003ebc
                0x20000950                . = ALIGN (0x8)
                [!provide]                PROVIDE (end = .)
                0x20000950                PROVIDE (_end = .)
                0x20000b50                . = (. + _Min_Heap_Size)
 *fill*         0x20000950      0x200 
                0x20000f50                . = (. + _Min_Stack_Size)
 *fill*         0x20000b50      0x400 
                0x20000f50                . = ALIGN (0x8)

/DISCARD/
 libc.a(*)
 libm.a(*)
 libgcc.a(*)

.ARM.attributes
                0x00000000       0x29
 *(.ARM.attributes)
 .ARM.attributes
                0x00000000       0x1d e:/workspace/clion/gcc-arm-none-eabi-10.3-2021.10/bin/../lib/gcc/arm-none-eabi/10.3.1/thumb/v7-m/nofp/crti.o
 .ARM.attributes
                0x0000001d       0x2d e:/workspace/clion/gcc-arm-none-eabi-10.3-2021.10/bin/../lib/gcc/arm-none-eabi/10.3.1/thumb/v7-m/nofp/crtbegin.o
 .ARM.attributes
                0x0000004a       0x2d CMakeFiles/STM32_MPU6050.elf.dir/Core/Src/gpio.c.obj
 .ARM.attributes
                0x00000077       0x2d CMakeFiles/STM32_MPU6050.elf.dir/Core/Src/main.c.obj
 .ARM.attributes
                0x000000a4       0x2d CMakeFiles/STM32_MPU6050.elf.dir/Core/Src/retarget.c.obj
 .ARM.attributes
                0x000000d1       0x2d CMakeFiles/STM32_MPU6050.elf.dir/Core/Src/stm32f1xx_hal_msp.c.obj
 .ARM.attributes
                0x000000fe       0x2d CMakeFiles/STM32_MPU6050.elf.dir/Core/Src/stm32f1xx_it.c.obj
 .ARM.attributes
                0x0000012b       0x2d CMakeFiles/STM32_MPU6050.elf.dir/Core/Src/sysmem.c.obj
 .ARM.attributes
                0x00000158       0x2d CMakeFiles/STM32_MPU6050.elf.dir/Core/Src/system_stm32f1xx.c.obj
 .ARM.attributes
                0x00000185       0x2d CMakeFiles/STM32_MPU6050.elf.dir/Core/Src/tim.c.obj
 .ARM.attributes
                0x000001b2       0x2d CMakeFiles/STM32_MPU6050.elf.dir/Core/Src/usart.c.obj
 .ARM.attributes
                0x000001df       0x21 CMakeFiles/STM32_MPU6050.elf.dir/Core/Startup/startup_stm32f103c8tx.s.obj
 .ARM.attributes
                0x00000200       0x2d CMakeFiles/STM32_MPU6050.elf.dir/Drivers/STM32F1xx_HAL_Driver/Src/stm32f1xx_hal.c.obj
 .ARM.attributes
                0x0000022d       0x2d CMakeFiles/STM32_MPU6050.elf.dir/Drivers/STM32F1xx_HAL_Driver/Src/stm32f1xx_hal_cortex.c.obj
 .ARM.attributes
                0x0000025a       0x2d CMakeFiles/STM32_MPU6050.elf.dir/Drivers/STM32F1xx_HAL_Driver/Src/stm32f1xx_hal_gpio.c.obj
 .ARM.attributes
                0x00000287       0x2d CMakeFiles/STM32_MPU6050.elf.dir/Drivers/STM32F1xx_HAL_Driver/Src/stm32f1xx_hal_rcc.c.obj
 .ARM.attributes
                0x000002b4       0x2d CMakeFiles/STM32_MPU6050.elf.dir/Drivers/STM32F1xx_HAL_Driver/Src/stm32f1xx_hal_tim.c.obj
 .ARM.attributes
                0x000002e1       0x2d CMakeFiles/STM32_MPU6050.elf.dir/Drivers/STM32F1xx_HAL_Driver/Src/stm32f1xx_hal_tim_ex.c.obj
 .ARM.attributes
                0x0000030e       0x2d CMakeFiles/STM32_MPU6050.elf.dir/Drivers/STM32F1xx_HAL_Driver/Src/stm32f1xx_hal_uart.c.obj
 .ARM.attributes
                0x0000033b       0x2d e:/workspace/clion/gcc-arm-none-eabi-10.3-2021.10/bin/../lib/gcc/arm-none-eabi/10.3.1/../../../../arm-none-eabi/lib/thumb/v7-m/nofp\libg.a(lib_a-errno.o)
 .ARM.attributes
                0x00000368       0x2d e:/workspace/clion/gcc-arm-none-eabi-10.3-2021.10/bin/../lib/gcc/arm-none-eabi/10.3.1/../../../../arm-none-eabi/lib/thumb/v7-m/nofp\libg.a(lib_a-impure.o)
 .ARM.attributes
                0x00000395       0x2d e:/workspace/clion/gcc-arm-none-eabi-10.3-2021.10/bin/../lib/gcc/arm-none-eabi/10.3.1/../../../../arm-none-eabi/lib/thumb/v7-m/nofp\libg.a(lib_a-init.o)
 .ARM.attributes
                0x000003c2       0x2d e:/workspace/clion/gcc-arm-none-eabi-10.3-2021.10/bin/../lib/gcc/arm-none-eabi/10.3.1/../../../../arm-none-eabi/lib/thumb/v7-m/nofp\libg.a(lib_a-memset.o)
 .ARM.attributes
                0x000003ef       0x2d e:/workspace/clion/gcc-arm-none-eabi-10.3-2021.10/bin/../lib/gcc/arm-none-eabi/10.3.1/../../../../arm-none-eabi/lib/thumb/v7-m/nofp\libg.a(lib_a-puts.o)
 .ARM.attributes
                0x0000041c       0x2d e:/workspace/clion/gcc-arm-none-eabi-10.3-2021.10/bin/../lib/gcc/arm-none-eabi/10.3.1/../../../../arm-none-eabi/lib/thumb/v7-m/nofp\libg.a(lib_a-setvbuf.o)
 .ARM.attributes
                0x00000449       0x2d e:/workspace/clion/gcc-arm-none-eabi-10.3-2021.10/bin/../lib/gcc/arm-none-eabi/10.3.1/../../../../arm-none-eabi/lib/thumb/v7-m/nofp\libg.a(lib_a-strlen-stub.o)
 .ARM.attributes
                0x00000476       0x2d e:/workspace/clion/gcc-arm-none-eabi-10.3-2021.10/bin/../lib/gcc/arm-none-eabi/10.3.1/../../../../arm-none-eabi/lib/thumb/v7-m/nofp\libg.a(lib_a-wsetup.o)
 .ARM.attributes
                0x000004a3       0x2d e:/workspace/clion/gcc-arm-none-eabi-10.3-2021.10/bin/../lib/gcc/arm-none-eabi/10.3.1/../../../../arm-none-eabi/lib/thumb/v7-m/nofp\libg.a(lib_a-__call_atexit.o)
 .ARM.attributes
                0x000004d0       0x2d e:/workspace/clion/gcc-arm-none-eabi-10.3-2021.10/bin/../lib/gcc/arm-none-eabi/10.3.1/../../../../arm-none-eabi/lib/thumb/v7-m/nofp\libg.a(lib_a-atexit.o)
 .ARM.attributes
                0x000004fd       0x2d e:/workspace/clion/gcc-arm-none-eabi-10.3-2021.10/bin/../lib/gcc/arm-none-eabi/10.3.1/../../../../arm-none-eabi/lib/thumb/v7-m/nofp\libg.a(lib_a-fflush.o)
 .ARM.attributes
                0x0000052a       0x2d e:/workspace/clion/gcc-arm-none-eabi-10.3-2021.10/bin/../lib/gcc/arm-none-eabi/10.3.1/../../../../arm-none-eabi/lib/thumb/v7-m/nofp\libg.a(lib_a-findfp.o)
 .ARM.attributes
                0x00000557       0x2d e:/workspace/clion/gcc-arm-none-eabi-10.3-2021.10/bin/../lib/gcc/arm-none-eabi/10.3.1/../../../../arm-none-eabi/lib/thumb/v7-m/nofp\libg.a(lib_a-fini.o)
 .ARM.attributes
                0x00000584       0x2d e:/workspace/clion/gcc-arm-none-eabi-10.3-2021.10/bin/../lib/gcc/arm-none-eabi/10.3.1/../../../../arm-none-eabi/lib/thumb/v7-m/nofp\libg.a(lib_a-freer.o)
 .ARM.attributes
                0x000005b1       0x2d e:/workspace/clion/gcc-arm-none-eabi-10.3-2021.10/bin/../lib/gcc/arm-none-eabi/10.3.1/../../../../arm-none-eabi/lib/thumb/v7-m/nofp\libg.a(lib_a-fvwrite.o)
 .ARM.attributes
                0x000005de       0x2d e:/workspace/clion/gcc-arm-none-eabi-10.3-2021.10/bin/../lib/gcc/arm-none-eabi/10.3.1/../../../../arm-none-eabi/lib/thumb/v7-m/nofp\libg.a(lib_a-fwalk.o)
 .ARM.attributes
                0x0000060b       0x2d e:/workspace/clion/gcc-arm-none-eabi-10.3-2021.10/bin/../lib/gcc/arm-none-eabi/10.3.1/../../../../arm-none-eabi/lib/thumb/v7-m/nofp\libg.a(lib_a-lock.o)
 .ARM.attributes
                0x00000638       0x2d e:/workspace/clion/gcc-arm-none-eabi-10.3-2021.10/bin/../lib/gcc/arm-none-eabi/10.3.1/../../../../arm-none-eabi/lib/thumb/v7-m/nofp\libg.a(lib_a-makebuf.o)
 .ARM.attributes
                0x00000665       0x2d e:/workspace/clion/gcc-arm-none-eabi-10.3-2021.10/bin/../lib/gcc/arm-none-eabi/10.3.1/../../../../arm-none-eabi/lib/thumb/v7-m/nofp\libg.a(lib_a-malloc.o)
 .ARM.attributes
                0x00000692       0x2d e:/workspace/clion/gcc-arm-none-eabi-10.3-2021.10/bin/../lib/gcc/arm-none-eabi/10.3.1/../../../../arm-none-eabi/lib/thumb/v7-m/nofp\libg.a(lib_a-mallocr.o)
 .ARM.attributes
                0x000006bf       0x2d e:/workspace/clion/gcc-arm-none-eabi-10.3-2021.10/bin/../lib/gcc/arm-none-eabi/10.3.1/../../../../arm-none-eabi/lib/thumb/v7-m/nofp\libg.a(lib_a-memchr-stub.o)
 .ARM.attributes
                0x000006ec       0x1b e:/workspace/clion/gcc-arm-none-eabi-10.3-2021.10/bin/../lib/gcc/arm-none-eabi/10.3.1/../../../../arm-none-eabi/lib/thumb/v7-m/nofp\libg.a(lib_a-memcpy.o)
 .ARM.attributes
                0x00000707       0x2d e:/workspace/clion/gcc-arm-none-eabi-10.3-2021.10/bin/../lib/gcc/arm-none-eabi/10.3.1/../../../../arm-none-eabi/lib/thumb/v7-m/nofp\libg.a(lib_a-memmove.o)
 .ARM.attributes
                0x00000734       0x2d e:/workspace/clion/gcc-arm-none-eabi-10.3-2021.10/bin/../lib/gcc/arm-none-eabi/10.3.1/../../../../arm-none-eabi/lib/thumb/v7-m/nofp\libg.a(lib_a-mlock.o)
 .ARM.attributes
                0x00000761       0x2d e:/workspace/clion/gcc-arm-none-eabi-10.3-2021.10/bin/../lib/gcc/arm-none-eabi/10.3.1/../../../../arm-none-eabi/lib/thumb/v7-m/nofp\libg.a(lib_a-reallocr.o)
 .ARM.attributes
                0x0000078e       0x2d e:/workspace/clion/gcc-arm-none-eabi-10.3-2021.10/bin/../lib/gcc/arm-none-eabi/10.3.1/../../../../arm-none-eabi/lib/thumb/v7-m/nofp\libg.a(lib_a-sbrkr.o)
 .ARM.attributes
                0x000007bb       0x2d e:/workspace/clion/gcc-arm-none-eabi-10.3-2021.10/bin/../lib/gcc/arm-none-eabi/10.3.1/../../../../arm-none-eabi/lib/thumb/v7-m/nofp\libg.a(lib_a-stdio.o)
 .ARM.attributes
                0x000007e8       0x2d e:/workspace/clion/gcc-arm-none-eabi-10.3-2021.10/bin/../lib/gcc/arm-none-eabi/10.3.1/../../../../arm-none-eabi/lib/thumb/v7-m/nofp\libg.a(lib_a-writer.o)
 .ARM.attributes
                0x00000815       0x2d e:/workspace/clion/gcc-arm-none-eabi-10.3-2021.10/bin/../lib/gcc/arm-none-eabi/10.3.1/../../../../arm-none-eabi/lib/thumb/v7-m/nofp\libg.a(lib_a-__atexit.o)
 .ARM.attributes
                0x00000842       0x2d e:/workspace/clion/gcc-arm-none-eabi-10.3-2021.10/bin/../lib/gcc/arm-none-eabi/10.3.1/../../../../arm-none-eabi/lib/thumb/v7-m/nofp\libg.a(lib_a-closer.o)
 .ARM.attributes
                0x0000086f       0x2d e:/workspace/clion/gcc-arm-none-eabi-10.3-2021.10/bin/../lib/gcc/arm-none-eabi/10.3.1/../../../../arm-none-eabi/lib/thumb/v7-m/nofp\libg.a(lib_a-fclose.o)
 .ARM.attributes
                0x0000089c       0x2d e:/workspace/clion/gcc-arm-none-eabi-10.3-2021.10/bin/../lib/gcc/arm-none-eabi/10.3.1/../../../../arm-none-eabi/lib/thumb/v7-m/nofp\libg.a(lib_a-fstatr.o)
 .ARM.attributes
                0x000008c9       0x2d e:/workspace/clion/gcc-arm-none-eabi-10.3-2021.10/bin/../lib/gcc/arm-none-eabi/10.3.1/../../../../arm-none-eabi/lib/thumb/v7-m/nofp\libg.a(lib_a-isattyr.o)
 .ARM.attributes
                0x000008f6       0x2d e:/workspace/clion/gcc-arm-none-eabi-10.3-2021.10/bin/../lib/gcc/arm-none-eabi/10.3.1/../../../../arm-none-eabi/lib/thumb/v7-m/nofp\libg.a(lib_a-lseekr.o)
 .ARM.attributes
                0x00000923       0x2d e:/workspace/clion/gcc-arm-none-eabi-10.3-2021.10/bin/../lib/gcc/arm-none-eabi/10.3.1/../../../../arm-none-eabi/lib/thumb/v7-m/nofp\libg.a(lib_a-readr.o)
 .ARM.attributes
                0x00000950       0x2d e:/workspace/clion/gcc-arm-none-eabi-10.3-2021.10/bin/../lib/gcc/arm-none-eabi/10.3.1/../../../../arm-none-eabi/lib/thumb/v7-m/nofp\libg.a(lib_a-reent.o)
 .ARM.attributes
                0x0000097d       0x1d e:/workspace/clion/gcc-arm-none-eabi-10.3-2021.10/bin/../lib/gcc/arm-none-eabi/10.3.1/thumb/v7-m/nofp/crtn.o
OUTPUT(STM32_MPU6050.elf elf32-littlearm)
LOAD linker stubs
LOAD e:/workspace/clion/gcc-arm-none-eabi-10.3-2021.10/bin/../lib/gcc/arm-none-eabi/10.3.1/../../../../arm-none-eabi/lib/thumb/v7-m/nofp\libc.a
LOAD e:/workspace/clion/gcc-arm-none-eabi-10.3-2021.10/bin/../lib/gcc/arm-none-eabi/10.3.1/../../../../arm-none-eabi/lib/thumb/v7-m/nofp\libm.a
LOAD e:/workspace/clion/gcc-arm-none-eabi-10.3-2021.10/bin/../lib/gcc/arm-none-eabi/10.3.1/thumb/v7-m/nofp\libgcc.a

.debug_info     0x00000000    0x102de
 .debug_info    0x00000000      0x34c CMakeFiles/STM32_MPU6050.elf.dir/Core/Src/gpio.c.obj
 .debug_info    0x0000034c     0x14ab CMakeFiles/STM32_MPU6050.elf.dir/Core/Src/main.c.obj
 .debug_info    0x000017f7     0x12d5 CMakeFiles/STM32_MPU6050.elf.dir/Core/Src/retarget.c.obj
 .debug_info    0x00002acc      0x211 CMakeFiles/STM32_MPU6050.elf.dir/Core/Src/stm32f1xx_hal_msp.c.obj
 .debug_info    0x00002cdd      0x130 CMakeFiles/STM32_MPU6050.elf.dir/Core/Src/stm32f1xx_it.c.obj
 .debug_info    0x00002e0d      0x174 CMakeFiles/STM32_MPU6050.elf.dir/Core/Src/sysmem.c.obj
 .debug_info    0x00002f81      0x248 CMakeFiles/STM32_MPU6050.elf.dir/Core/Src/system_stm32f1xx.c.obj
 .debug_info    0x000031c9      0x8a3 CMakeFiles/STM32_MPU6050.elf.dir/Core/Src/tim.c.obj
 .debug_info    0x00003a6c      0x855 CMakeFiles/STM32_MPU6050.elf.dir/Core/Src/usart.c.obj
 .debug_info    0x000042c1       0x22 CMakeFiles/STM32_MPU6050.elf.dir/Core/Startup/startup_stm32f103c8tx.s.obj
 .debug_info    0x000042e3      0x7a8 CMakeFiles/STM32_MPU6050.elf.dir/Drivers/STM32F1xx_HAL_Driver/Src/stm32f1xx_hal.c.obj
 .debug_info    0x00004a8b      0xd8a CMakeFiles/STM32_MPU6050.elf.dir/Drivers/STM32F1xx_HAL_Driver/Src/stm32f1xx_hal_cortex.c.obj
 .debug_info    0x00005815      0x66f CMakeFiles/STM32_MPU6050.elf.dir/Drivers/STM32F1xx_HAL_Driver/Src/stm32f1xx_hal_gpio.c.obj
 .debug_info    0x00005e84      0xa3b CMakeFiles/STM32_MPU6050.elf.dir/Drivers/STM32F1xx_HAL_Driver/Src/stm32f1xx_hal_rcc.c.obj
 .debug_info    0x000068bf     0x3d52 CMakeFiles/STM32_MPU6050.elf.dir/Drivers/STM32F1xx_HAL_Driver/Src/stm32f1xx_hal_tim.c.obj
 .debug_info    0x0000a611     0x1abb CMakeFiles/STM32_MPU6050.elf.dir/Drivers/STM32F1xx_HAL_Driver/Src/stm32f1xx_hal_tim_ex.c.obj
 .debug_info    0x0000c0cc     0x4212 CMakeFiles/STM32_MPU6050.elf.dir/Drivers/STM32F1xx_HAL_Driver/Src/stm32f1xx_hal_uart.c.obj

.debug_abbrev   0x00000000     0x1f73
 .debug_abbrev  0x00000000      0x13c CMakeFiles/STM32_MPU6050.elf.dir/Core/Src/gpio.c.obj
 .debug_abbrev  0x0000013c      0x35d CMakeFiles/STM32_MPU6050.elf.dir/Core/Src/main.c.obj
 .debug_abbrev  0x00000499      0x2b4 CMakeFiles/STM32_MPU6050.elf.dir/Core/Src/retarget.c.obj
 .debug_abbrev  0x0000074d       0xe5 CMakeFiles/STM32_MPU6050.elf.dir/Core/Src/stm32f1xx_hal_msp.c.obj
 .debug_abbrev  0x00000832       0x7e CMakeFiles/STM32_MPU6050.elf.dir/Core/Src/stm32f1xx_it.c.obj
 .debug_abbrev  0x000008b0       0xe7 CMakeFiles/STM32_MPU6050.elf.dir/Core/Src/sysmem.c.obj
 .debug_abbrev  0x00000997      0x13e CMakeFiles/STM32_MPU6050.elf.dir/Core/Src/system_stm32f1xx.c.obj
 .debug_abbrev  0x00000ad5      0x1c5 CMakeFiles/STM32_MPU6050.elf.dir/Core/Src/tim.c.obj
 .debug_abbrev  0x00000c9a      0x1c8 CMakeFiles/STM32_MPU6050.elf.dir/Core/Src/usart.c.obj
 .debug_abbrev  0x00000e62       0x12 CMakeFiles/STM32_MPU6050.elf.dir/Core/Startup/startup_stm32f103c8tx.s.obj
 .debug_abbrev  0x00000e74      0x1f4 CMakeFiles/STM32_MPU6050.elf.dir/Drivers/STM32F1xx_HAL_Driver/Src/stm32f1xx_hal.c.obj
 .debug_abbrev  0x00001068      0x341 CMakeFiles/STM32_MPU6050.elf.dir/Drivers/STM32F1xx_HAL_Driver/Src/stm32f1xx_hal_cortex.c.obj
 .debug_abbrev  0x000013a9      0x1e6 CMakeFiles/STM32_MPU6050.elf.dir/Drivers/STM32F1xx_HAL_Driver/Src/stm32f1xx_hal_gpio.c.obj
 .debug_abbrev  0x0000158f      0x27a CMakeFiles/STM32_MPU6050.elf.dir/Drivers/STM32F1xx_HAL_Driver/Src/stm32f1xx_hal_rcc.c.obj
 .debug_abbrev  0x00001809      0x245 CMakeFiles/STM32_MPU6050.elf.dir/Drivers/STM32F1xx_HAL_Driver/Src/stm32f1xx_hal_tim.c.obj
 .debug_abbrev  0x00001a4e      0x248 CMakeFiles/STM32_MPU6050.elf.dir/Drivers/STM32F1xx_HAL_Driver/Src/stm32f1xx_hal_tim_ex.c.obj
 .debug_abbrev  0x00001c96      0x2dd CMakeFiles/STM32_MPU6050.elf.dir/Drivers/STM32F1xx_HAL_Driver/Src/stm32f1xx_hal_uart.c.obj

.debug_aranges  0x00000000      0xc00
 .debug_aranges
                0x00000000       0x20 CMakeFiles/STM32_MPU6050.elf.dir/Core/Src/gpio.c.obj
 .debug_aranges
                0x00000020       0xa8 CMakeFiles/STM32_MPU6050.elf.dir/Core/Src/main.c.obj
 .debug_aranges
                0x000000c8       0x50 CMakeFiles/STM32_MPU6050.elf.dir/Core/Src/retarget.c.obj
 .debug_aranges
                0x00000118       0x20 CMakeFiles/STM32_MPU6050.elf.dir/Core/Src/stm32f1xx_hal_msp.c.obj
 .debug_aranges
                0x00000138       0x60 CMakeFiles/STM32_MPU6050.elf.dir/Core/Src/stm32f1xx_it.c.obj
 .debug_aranges
                0x00000198       0x20 CMakeFiles/STM32_MPU6050.elf.dir/Core/Src/sysmem.c.obj
 .debug_aranges
                0x000001b8       0x28 CMakeFiles/STM32_MPU6050.elf.dir/Core/Src/system_stm32f1xx.c.obj
 .debug_aranges
                0x000001e0       0x30 CMakeFiles/STM32_MPU6050.elf.dir/Core/Src/tim.c.obj
 .debug_aranges
                0x00000210       0x30 CMakeFiles/STM32_MPU6050.elf.dir/Core/Src/usart.c.obj
 .debug_aranges
                0x00000240       0x28 CMakeFiles/STM32_MPU6050.elf.dir/Core/Startup/startup_stm32f103c8tx.s.obj
 .debug_aranges
                0x00000268       0xe0 CMakeFiles/STM32_MPU6050.elf.dir/Drivers/STM32F1xx_HAL_Driver/Src/stm32f1xx_hal.c.obj
 .debug_aranges
                0x00000348       0x90 CMakeFiles/STM32_MPU6050.elf.dir/Drivers/STM32F1xx_HAL_Driver/Src/stm32f1xx_hal_cortex.c.obj
 .debug_aranges
                0x000003d8       0x58 CMakeFiles/STM32_MPU6050.elf.dir/Drivers/STM32F1xx_HAL_Driver/Src/stm32f1xx_hal_gpio.c.obj
 .debug_aranges
                0x00000430       0x90 CMakeFiles/STM32_MPU6050.elf.dir/Drivers/STM32F1xx_HAL_Driver/Src/stm32f1xx_hal_rcc.c.obj
 .debug_aranges
                0x000004c0      0x3d0 CMakeFiles/STM32_MPU6050.elf.dir/Drivers/STM32F1xx_HAL_Driver/Src/stm32f1xx_hal_tim.c.obj
 .debug_aranges
                0x00000890      0x168 CMakeFiles/STM32_MPU6050.elf.dir/Drivers/STM32F1xx_HAL_Driver/Src/stm32f1xx_hal_tim_ex.c.obj
 .debug_aranges
                0x000009f8      0x208 CMakeFiles/STM32_MPU6050.elf.dir/Drivers/STM32F1xx_HAL_Driver/Src/stm32f1xx_hal_uart.c.obj

.debug_ranges   0x00000000      0xba8
 .debug_ranges  0x00000000       0x10 CMakeFiles/STM32_MPU6050.elf.dir/Core/Src/gpio.c.obj
 .debug_ranges  0x00000010       0xb0 CMakeFiles/STM32_MPU6050.elf.dir/Core/Src/main.c.obj
 .debug_ranges  0x000000c0       0x40 CMakeFiles/STM32_MPU6050.elf.dir/Core/Src/retarget.c.obj
 .debug_ranges  0x00000100       0x10 CMakeFiles/STM32_MPU6050.elf.dir/Core/Src/stm32f1xx_hal_msp.c.obj
 .debug_ranges  0x00000110       0x50 CMakeFiles/STM32_MPU6050.elf.dir/Core/Src/stm32f1xx_it.c.obj
 .debug_ranges  0x00000160       0x10 CMakeFiles/STM32_MPU6050.elf.dir/Core/Src/sysmem.c.obj
 .debug_ranges  0x00000170       0x18 CMakeFiles/STM32_MPU6050.elf.dir/Core/Src/system_stm32f1xx.c.obj
 .debug_ranges  0x00000188       0x20 CMakeFiles/STM32_MPU6050.elf.dir/Core/Src/tim.c.obj
 .debug_ranges  0x000001a8       0x20 CMakeFiles/STM32_MPU6050.elf.dir/Core/Src/usart.c.obj
 .debug_ranges  0x000001c8       0x20 CMakeFiles/STM32_MPU6050.elf.dir/Core/Startup/startup_stm32f103c8tx.s.obj
 .debug_ranges  0x000001e8       0xd0 CMakeFiles/STM32_MPU6050.elf.dir/Drivers/STM32F1xx_HAL_Driver/Src/stm32f1xx_hal.c.obj
 .debug_ranges  0x000002b8       0xe0 CMakeFiles/STM32_MPU6050.elf.dir/Drivers/STM32F1xx_HAL_Driver/Src/stm32f1xx_hal_cortex.c.obj
 .debug_ranges  0x00000398       0x48 CMakeFiles/STM32_MPU6050.elf.dir/Drivers/STM32F1xx_HAL_Driver/Src/stm32f1xx_hal_gpio.c.obj
 .debug_ranges  0x000003e0       0xa0 CMakeFiles/STM32_MPU6050.elf.dir/Drivers/STM32F1xx_HAL_Driver/Src/stm32f1xx_hal_rcc.c.obj
 .debug_ranges  0x00000480      0x3c0 CMakeFiles/STM32_MPU6050.elf.dir/Drivers/STM32F1xx_HAL_Driver/Src/stm32f1xx_hal_tim.c.obj
 .debug_ranges  0x00000840      0x158 CMakeFiles/STM32_MPU6050.elf.dir/Drivers/STM32F1xx_HAL_Driver/Src/stm32f1xx_hal_tim_ex.c.obj
 .debug_ranges  0x00000998      0x210 CMakeFiles/STM32_MPU6050.elf.dir/Drivers/STM32F1xx_HAL_Driver/Src/stm32f1xx_hal_uart.c.obj

.debug_line     0x00000000     0xeb04
 .debug_line    0x00000000      0x269 CMakeFiles/STM32_MPU6050.elf.dir/Core/Src/gpio.c.obj
 .debug_line    0x00000269      0xa4d CMakeFiles/STM32_MPU6050.elf.dir/Core/Src/main.c.obj
 .debug_line    0x00000cb6      0x4bb CMakeFiles/STM32_MPU6050.elf.dir/Core/Src/retarget.c.obj
 .debug_line    0x00001171      0x1bc CMakeFiles/STM32_MPU6050.elf.dir/Core/Src/stm32f1xx_hal_msp.c.obj
 .debug_line    0x0000132d      0x1d5 CMakeFiles/STM32_MPU6050.elf.dir/Core/Src/stm32f1xx_it.c.obj
 .debug_line    0x00001502      0x1ee CMakeFiles/STM32_MPU6050.elf.dir/Core/Src/sysmem.c.obj
 .debug_line    0x000016f0      0x286 CMakeFiles/STM32_MPU6050.elf.dir/Core/Src/system_stm32f1xx.c.obj
 .debug_line    0x00001976      0x374 CMakeFiles/STM32_MPU6050.elf.dir/Core/Src/tim.c.obj
 .debug_line    0x00001cea      0x391 CMakeFiles/STM32_MPU6050.elf.dir/Core/Src/usart.c.obj
 .debug_line    0x0000207b       0xb2 CMakeFiles/STM32_MPU6050.elf.dir/Core/Startup/startup_stm32f103c8tx.s.obj
 .debug_line    0x0000212d      0x5cc CMakeFiles/STM32_MPU6050.elf.dir/Drivers/STM32F1xx_HAL_Driver/Src/stm32f1xx_hal.c.obj
 .debug_line    0x000026f9      0x6a8 CMakeFiles/STM32_MPU6050.elf.dir/Drivers/STM32F1xx_HAL_Driver/Src/stm32f1xx_hal_cortex.c.obj
 .debug_line    0x00002da1      0x650 CMakeFiles/STM32_MPU6050.elf.dir/Drivers/STM32F1xx_HAL_Driver/Src/stm32f1xx_hal_gpio.c.obj
 .debug_line    0x000033f1      0xc8d CMakeFiles/STM32_MPU6050.elf.dir/Drivers/STM32F1xx_HAL_Driver/Src/stm32f1xx_hal_rcc.c.obj
 .debug_line    0x0000407e     0x49e8 CMakeFiles/STM32_MPU6050.elf.dir/Drivers/STM32F1xx_HAL_Driver/Src/stm32f1xx_hal_tim.c.obj
 .debug_line    0x00008a66     0x1c5d CMakeFiles/STM32_MPU6050.elf.dir/Drivers/STM32F1xx_HAL_Driver/Src/stm32f1xx_hal_tim_ex.c.obj
 .debug_line    0x0000a6c3     0x4441 CMakeFiles/STM32_MPU6050.elf.dir/Drivers/STM32F1xx_HAL_Driver/Src/stm32f1xx_hal_uart.c.obj

.debug_str      0x00000000     0x3e06
 .debug_str     0x00000000      0x288 CMakeFiles/STM32_MPU6050.elf.dir/Core/Src/gpio.c.obj
                                0x2d3 (size before relaxing)
 .debug_str     0x00000288      0x9c9 CMakeFiles/STM32_MPU6050.elf.dir/Core/Src/main.c.obj
                                0xc44 (size before relaxing)
 .debug_str     0x00000c51      0x530 CMakeFiles/STM32_MPU6050.elf.dir/Core/Src/retarget.c.obj
                                0xb91 (size before relaxing)
 .debug_str     0x00001181       0x86 CMakeFiles/STM32_MPU6050.elf.dir/Core/Src/stm32f1xx_hal_msp.c.obj
                                0x275 (size before relaxing)
 .debug_str     0x00001207       0xe3 CMakeFiles/STM32_MPU6050.elf.dir/Core/Src/stm32f1xx_it.c.obj
                                0x278 (size before relaxing)
 .debug_str     0x000012ea       0xa1 CMakeFiles/STM32_MPU6050.elf.dir/Core/Src/sysmem.c.obj
                                0x26e (size before relaxing)
 .debug_str     0x0000138b       0xaa CMakeFiles/STM32_MPU6050.elf.dir/Core/Src/system_stm32f1xx.c.obj
                                0x2aa (size before relaxing)
 .debug_str     0x00001435      0x168 CMakeFiles/STM32_MPU6050.elf.dir/Core/Src/tim.c.obj
                                0x85e (size before relaxing)
 .debug_str     0x0000159d       0x8d CMakeFiles/STM32_MPU6050.elf.dir/Core/Src/usart.c.obj
                                0x716 (size before relaxing)
 .debug_str     0x0000162a       0x62 CMakeFiles/STM32_MPU6050.elf.dir/Core/Startup/startup_stm32f103c8tx.s.obj
                                 0xa3 (size before relaxing)
 .debug_str     0x0000168c      0x612 CMakeFiles/STM32_MPU6050.elf.dir/Drivers/STM32F1xx_HAL_Driver/Src/stm32f1xx_hal.c.obj
                                0x87a (size before relaxing)
 .debug_str     0x00001c9e      0x3f1 CMakeFiles/STM32_MPU6050.elf.dir/Drivers/STM32F1xx_HAL_Driver/Src/stm32f1xx_hal_cortex.c.obj
                                0x929 (size before relaxing)
 .debug_str     0x0000208f      0x146 CMakeFiles/STM32_MPU6050.elf.dir/Drivers/STM32F1xx_HAL_Driver/Src/stm32f1xx_hal_gpio.c.obj
                                0x456 (size before relaxing)
 .debug_str     0x000021d5      0x220 CMakeFiles/STM32_MPU6050.elf.dir/Drivers/STM32F1xx_HAL_Driver/Src/stm32f1xx_hal_rcc.c.obj
                                0x681 (size before relaxing)
 .debug_str     0x000023f5      0xe8e CMakeFiles/STM32_MPU6050.elf.dir/Drivers/STM32F1xx_HAL_Driver/Src/stm32f1xx_hal_tim.c.obj
                               0x1695 (size before relaxing)
 .debug_str     0x00003283      0x550 CMakeFiles/STM32_MPU6050.elf.dir/Drivers/STM32F1xx_HAL_Driver/Src/stm32f1xx_hal_tim_ex.c.obj
                                0xe96 (size before relaxing)
 .debug_str     0x000037d3      0x633 CMakeFiles/STM32_MPU6050.elf.dir/Drivers/STM32F1xx_HAL_Driver/Src/stm32f1xx_hal_uart.c.obj
                                0xd4a (size before relaxing)

.comment        0x00000000       0x49
 .comment       0x00000000       0x49 CMakeFiles/STM32_MPU6050.elf.dir/Core/Src/gpio.c.obj
                                 0x4a (size before relaxing)
 .comment       0x00000049       0x4a CMakeFiles/STM32_MPU6050.elf.dir/Core/Src/main.c.obj
 .comment       0x00000049       0x4a CMakeFiles/STM32_MPU6050.elf.dir/Core/Src/retarget.c.obj
 .comment       0x00000049       0x4a CMakeFiles/STM32_MPU6050.elf.dir/Core/Src/stm32f1xx_hal_msp.c.obj
 .comment       0x00000049       0x4a CMakeFiles/STM32_MPU6050.elf.dir/Core/Src/stm32f1xx_it.c.obj
 .comment       0x00000049       0x4a CMakeFiles/STM32_MPU6050.elf.dir/Core/Src/sysmem.c.obj
 .comment       0x00000049       0x4a CMakeFiles/STM32_MPU6050.elf.dir/Core/Src/system_stm32f1xx.c.obj
 .comment       0x00000049       0x4a CMakeFiles/STM32_MPU6050.elf.dir/Core/Src/tim.c.obj
 .comment       0x00000049       0x4a CMakeFiles/STM32_MPU6050.elf.dir/Core/Src/usart.c.obj
 .comment       0x00000049       0x4a CMakeFiles/STM32_MPU6050.elf.dir/Drivers/STM32F1xx_HAL_Driver/Src/stm32f1xx_hal.c.obj
 .comment       0x00000049       0x4a CMakeFiles/STM32_MPU6050.elf.dir/Drivers/STM32F1xx_HAL_Driver/Src/stm32f1xx_hal_cortex.c.obj
 .comment       0x00000049       0x4a CMakeFiles/STM32_MPU6050.elf.dir/Drivers/STM32F1xx_HAL_Driver/Src/stm32f1xx_hal_gpio.c.obj
 .comment       0x00000049       0x4a CMakeFiles/STM32_MPU6050.elf.dir/Drivers/STM32F1xx_HAL_Driver/Src/stm32f1xx_hal_rcc.c.obj
 .comment       0x00000049       0x4a CMakeFiles/STM32_MPU6050.elf.dir/Drivers/STM32F1xx_HAL_Driver/Src/stm32f1xx_hal_tim.c.obj
 .comment       0x00000049       0x4a CMakeFiles/STM32_MPU6050.elf.dir/Drivers/STM32F1xx_HAL_Driver/Src/stm32f1xx_hal_tim_ex.c.obj
 .comment       0x00000049       0x4a CMakeFiles/STM32_MPU6050.elf.dir/Drivers/STM32F1xx_HAL_Driver/Src/stm32f1xx_hal_uart.c.obj

.debug_frame    0x00000000     0x2928
 .debug_frame   0x00000000       0x34 CMakeFiles/STM32_MPU6050.elf.dir/Core/Src/gpio.c.obj
 .debug_frame   0x00000034      0x1f8 CMakeFiles/STM32_MPU6050.elf.dir/Core/Src/main.c.obj
 .debug_frame   0x0000022c       0xb8 CMakeFiles/STM32_MPU6050.elf.dir/Core/Src/retarget.c.obj
 .debug_frame   0x000002e4       0x28 CMakeFiles/STM32_MPU6050.elf.dir/Core/Src/stm32f1xx_hal_msp.c.obj
 .debug_frame   0x0000030c       0xa8 CMakeFiles/STM32_MPU6050.elf.dir/Core/Src/stm32f1xx_it.c.obj
 .debug_frame   0x000003b4       0x28 CMakeFiles/STM32_MPU6050.elf.dir/Core/Src/sysmem.c.obj
 .debug_frame   0x000003dc       0x30 CMakeFiles/STM32_MPU6050.elf.dir/Core/Src/system_stm32f1xx.c.obj
 .debug_frame   0x0000040c       0x58 CMakeFiles/STM32_MPU6050.elf.dir/Core/Src/tim.c.obj
 .debug_frame   0x00000464       0x60 CMakeFiles/STM32_MPU6050.elf.dir/Core/Src/usart.c.obj
 .debug_frame   0x000004c4      0x1cc CMakeFiles/STM32_MPU6050.elf.dir/Drivers/STM32F1xx_HAL_Driver/Src/stm32f1xx_hal.c.obj
 .debug_frame   0x00000690      0x118 CMakeFiles/STM32_MPU6050.elf.dir/Drivers/STM32F1xx_HAL_Driver/Src/stm32f1xx_hal_cortex.c.obj
 .debug_frame   0x000007a8       0xe4 CMakeFiles/STM32_MPU6050.elf.dir/Drivers/STM32F1xx_HAL_Driver/Src/stm32f1xx_hal_gpio.c.obj
 .debug_frame   0x0000088c      0x184 CMakeFiles/STM32_MPU6050.elf.dir/Drivers/STM32F1xx_HAL_Driver/Src/stm32f1xx_hal_rcc.c.obj
 .debug_frame   0x00000a10      0xb18 CMakeFiles/STM32_MPU6050.elf.dir/Drivers/STM32F1xx_HAL_Driver/Src/stm32f1xx_hal_tim.c.obj
 .debug_frame   0x00001528      0x40c CMakeFiles/STM32_MPU6050.elf.dir/Drivers/STM32F1xx_HAL_Driver/Src/stm32f1xx_hal_tim_ex.c.obj
 .debug_frame   0x00001934      0x5d8 CMakeFiles/STM32_MPU6050.elf.dir/Drivers/STM32F1xx_HAL_Driver/Src/stm32f1xx_hal_uart.c.obj
 .debug_frame   0x00001f0c       0x20 e:/workspace/clion/gcc-arm-none-eabi-10.3-2021.10/bin/../lib/gcc/arm-none-eabi/10.3.1/../../../../arm-none-eabi/lib/thumb/v7-m/nofp\libg.a(lib_a-errno.o)
 .debug_frame   0x00001f2c       0x2c e:/workspace/clion/gcc-arm-none-eabi-10.3-2021.10/bin/../lib/gcc/arm-none-eabi/10.3.1/../../../../arm-none-eabi/lib/thumb/v7-m/nofp\libg.a(lib_a-init.o)
 .debug_frame   0x00001f58       0x2c e:/workspace/clion/gcc-arm-none-eabi-10.3-2021.10/bin/../lib/gcc/arm-none-eabi/10.3.1/../../../../arm-none-eabi/lib/thumb/v7-m/nofp\libg.a(lib_a-memset.o)
 .debug_frame   0x00001f84       0x48 e:/workspace/clion/gcc-arm-none-eabi-10.3-2021.10/bin/../lib/gcc/arm-none-eabi/10.3.1/../../../../arm-none-eabi/lib/thumb/v7-m/nofp\libg.a(lib_a-puts.o)
 .debug_frame   0x00001fcc       0x48 e:/workspace/clion/gcc-arm-none-eabi-10.3-2021.10/bin/../lib/gcc/arm-none-eabi/10.3.1/../../../../arm-none-eabi/lib/thumb/v7-m/nofp\libg.a(lib_a-setvbuf.o)
 .debug_frame   0x00002014       0x20 e:/workspace/clion/gcc-arm-none-eabi-10.3-2021.10/bin/../lib/gcc/arm-none-eabi/10.3.1/../../../../arm-none-eabi/lib/thumb/v7-m/nofp\libg.a(lib_a-strlen-stub.o)
 .debug_frame   0x00002034       0x2c e:/workspace/clion/gcc-arm-none-eabi-10.3-2021.10/bin/../lib/gcc/arm-none-eabi/10.3.1/../../../../arm-none-eabi/lib/thumb/v7-m/nofp\libg.a(lib_a-wsetup.o)
 .debug_frame   0x00002060       0x5c e:/workspace/clion/gcc-arm-none-eabi-10.3-2021.10/bin/../lib/gcc/arm-none-eabi/10.3.1/../../../../arm-none-eabi/lib/thumb/v7-m/nofp\libg.a(lib_a-__call_atexit.o)
 .debug_frame   0x000020bc       0x20 e:/workspace/clion/gcc-arm-none-eabi-10.3-2021.10/bin/../lib/gcc/arm-none-eabi/10.3.1/../../../../arm-none-eabi/lib/thumb/v7-m/nofp\libg.a(lib_a-atexit.o)
 .debug_frame   0x000020dc       0x70 e:/workspace/clion/gcc-arm-none-eabi-10.3-2021.10/bin/../lib/gcc/arm-none-eabi/10.3.1/../../../../arm-none-eabi/lib/thumb/v7-m/nofp\libg.a(lib_a-fflush.o)
 .debug_frame   0x0000214c      0x154 e:/workspace/clion/gcc-arm-none-eabi-10.3-2021.10/bin/../lib/gcc/arm-none-eabi/10.3.1/../../../../arm-none-eabi/lib/thumb/v7-m/nofp\libg.a(lib_a-findfp.o)
 .debug_frame   0x000022a0       0x34 e:/workspace/clion/gcc-arm-none-eabi-10.3-2021.10/bin/../lib/gcc/arm-none-eabi/10.3.1/../../../../arm-none-eabi/lib/thumb/v7-m/nofp\libg.a(lib_a-fini.o)
 .debug_frame   0x000022d4       0x8c e:/workspace/clion/gcc-arm-none-eabi-10.3-2021.10/bin/../lib/gcc/arm-none-eabi/10.3.1/../../../../arm-none-eabi/lib/thumb/v7-m/nofp\libg.a(lib_a-freer.o)
 .debug_frame   0x00002360       0x64 e:/workspace/clion/gcc-arm-none-eabi-10.3-2021.10/bin/../lib/gcc/arm-none-eabi/10.3.1/../../../../arm-none-eabi/lib/thumb/v7-m/nofp\libg.a(lib_a-fvwrite.o)
 .debug_frame   0x000023c4       0x54 e:/workspace/clion/gcc-arm-none-eabi-10.3-2021.10/bin/../lib/gcc/arm-none-eabi/10.3.1/../../../../arm-none-eabi/lib/thumb/v7-m/nofp\libg.a(lib_a-fwalk.o)
 .debug_frame   0x00002418       0xb0 e:/workspace/clion/gcc-arm-none-eabi-10.3-2021.10/bin/../lib/gcc/arm-none-eabi/10.3.1/../../../../arm-none-eabi/lib/thumb/v7-m/nofp\libg.a(lib_a-lock.o)
 .debug_frame   0x000024c8       0x70 e:/workspace/clion/gcc-arm-none-eabi-10.3-2021.10/bin/../lib/gcc/arm-none-eabi/10.3.1/../../../../arm-none-eabi/lib/thumb/v7-m/nofp\libg.a(lib_a-makebuf.o)
 .debug_frame   0x00002538       0x30 e:/workspace/clion/gcc-arm-none-eabi-10.3-2021.10/bin/../lib/gcc/arm-none-eabi/10.3.1/../../../../arm-none-eabi/lib/thumb/v7-m/nofp\libg.a(lib_a-malloc.o)
 .debug_frame   0x00002568       0x4c e:/workspace/clion/gcc-arm-none-eabi-10.3-2021.10/bin/../lib/gcc/arm-none-eabi/10.3.1/../../../../arm-none-eabi/lib/thumb/v7-m/nofp\libg.a(lib_a-mallocr.o)
 .debug_frame   0x000025b4       0x28 e:/workspace/clion/gcc-arm-none-eabi-10.3-2021.10/bin/../lib/gcc/arm-none-eabi/10.3.1/../../../../arm-none-eabi/lib/thumb/v7-m/nofp\libg.a(lib_a-memchr-stub.o)
 .debug_frame   0x000025dc       0x40 e:/workspace/clion/gcc-arm-none-eabi-10.3-2021.10/bin/../lib/gcc/arm-none-eabi/10.3.1/../../../../arm-none-eabi/lib/thumb/v7-m/nofp\libg.a(lib_a-memmove.o)
 .debug_frame   0x0000261c       0x30 e:/workspace/clion/gcc-arm-none-eabi-10.3-2021.10/bin/../lib/gcc/arm-none-eabi/10.3.1/../../../../arm-none-eabi/lib/thumb/v7-m/nofp\libg.a(lib_a-mlock.o)
 .debug_frame   0x0000264c       0x48 e:/workspace/clion/gcc-arm-none-eabi-10.3-2021.10/bin/../lib/gcc/arm-none-eabi/10.3.1/../../../../arm-none-eabi/lib/thumb/v7-m/nofp\libg.a(lib_a-reallocr.o)
 .debug_frame   0x00002694       0x2c e:/workspace/clion/gcc-arm-none-eabi-10.3-2021.10/bin/../lib/gcc/arm-none-eabi/10.3.1/../../../../arm-none-eabi/lib/thumb/v7-m/nofp\libg.a(lib_a-sbrkr.o)
 .debug_frame   0x000026c0       0x8c e:/workspace/clion/gcc-arm-none-eabi-10.3-2021.10/bin/../lib/gcc/arm-none-eabi/10.3.1/../../../../arm-none-eabi/lib/thumb/v7-m/nofp\libg.a(lib_a-stdio.o)
 .debug_frame   0x0000274c       0x2c e:/workspace/clion/gcc-arm-none-eabi-10.3-2021.10/bin/../lib/gcc/arm-none-eabi/10.3.1/../../../../arm-none-eabi/lib/thumb/v7-m/nofp\libg.a(lib_a-writer.o)
 .debug_frame   0x00002778       0x34 e:/workspace/clion/gcc-arm-none-eabi-10.3-2021.10/bin/../lib/gcc/arm-none-eabi/10.3.1/../../../../arm-none-eabi/lib/thumb/v7-m/nofp\libg.a(lib_a-__atexit.o)
 .debug_frame   0x000027ac       0x2c e:/workspace/clion/gcc-arm-none-eabi-10.3-2021.10/bin/../lib/gcc/arm-none-eabi/10.3.1/../../../../arm-none-eabi/lib/thumb/v7-m/nofp\libg.a(lib_a-closer.o)
 .debug_frame   0x000027d8       0x3c e:/workspace/clion/gcc-arm-none-eabi-10.3-2021.10/bin/../lib/gcc/arm-none-eabi/10.3.1/../../../../arm-none-eabi/lib/thumb/v7-m/nofp\libg.a(lib_a-fclose.o)
 .debug_frame   0x00002814       0x2c e:/workspace/clion/gcc-arm-none-eabi-10.3-2021.10/bin/../lib/gcc/arm-none-eabi/10.3.1/../../../../arm-none-eabi/lib/thumb/v7-m/nofp\libg.a(lib_a-fstatr.o)
 .debug_frame   0x00002840       0x2c e:/workspace/clion/gcc-arm-none-eabi-10.3-2021.10/bin/../lib/gcc/arm-none-eabi/10.3.1/../../../../arm-none-eabi/lib/thumb/v7-m/nofp\libg.a(lib_a-isattyr.o)
 .debug_frame   0x0000286c       0x2c e:/workspace/clion/gcc-arm-none-eabi-10.3-2021.10/bin/../lib/gcc/arm-none-eabi/10.3.1/../../../../arm-none-eabi/lib/thumb/v7-m/nofp\libg.a(lib_a-lseekr.o)
 .debug_frame   0x00002898       0x2c e:/workspace/clion/gcc-arm-none-eabi-10.3-2021.10/bin/../lib/gcc/arm-none-eabi/10.3.1/../../../../arm-none-eabi/lib/thumb/v7-m/nofp\libg.a(lib_a-readr.o)
 .debug_frame   0x000028c4       0x64 e:/workspace/clion/gcc-arm-none-eabi-10.3-2021.10/bin/../lib/gcc/arm-none-eabi/10.3.1/../../../../arm-none-eabi/lib/thumb/v7-m/nofp\libg.a(lib_a-reent.o)

.debug_loc      0x00000000     0xd2ce
 .debug_loc     0x00000000      0x44c CMakeFiles/STM32_MPU6050.elf.dir/Core/Src/main.c.obj
 .debug_loc     0x0000044c      0x389 CMakeFiles/STM32_MPU6050.elf.dir/Core/Src/retarget.c.obj
 .debug_loc     0x000007d5       0x15 CMakeFiles/STM32_MPU6050.elf.dir/Core/Src/stm32f1xx_hal_msp.c.obj
 .debug_loc     0x000007ea       0x64 CMakeFiles/STM32_MPU6050.elf.dir/Core/Src/sysmem.c.obj
 .debug_loc     0x0000084e       0xff CMakeFiles/STM32_MPU6050.elf.dir/Core/Src/system_stm32f1xx.c.obj
 .debug_loc     0x0000094d       0x84 CMakeFiles/STM32_MPU6050.elf.dir/Core/Src/usart.c.obj
 .debug_loc     0x000009d1      0x141 CMakeFiles/STM32_MPU6050.elf.dir/Drivers/STM32F1xx_HAL_Driver/Src/stm32f1xx_hal.c.obj
 .debug_loc     0x00000b12      0x71f CMakeFiles/STM32_MPU6050.elf.dir/Drivers/STM32F1xx_HAL_Driver/Src/stm32f1xx_hal_cortex.c.obj
 .debug_loc     0x00001231      0x47d CMakeFiles/STM32_MPU6050.elf.dir/Drivers/STM32F1xx_HAL_Driver/Src/stm32f1xx_hal_gpio.c.obj
 .debug_loc     0x000016ae      0x618 CMakeFiles/STM32_MPU6050.elf.dir/Drivers/STM32F1xx_HAL_Driver/Src/stm32f1xx_hal_rcc.c.obj
 .debug_loc     0x00001cc6     0x50fa CMakeFiles/STM32_MPU6050.elf.dir/Drivers/STM32F1xx_HAL_Driver/Src/stm32f1xx_hal_tim.c.obj
 .debug_loc     0x00006dc0     0x1c93 CMakeFiles/STM32_MPU6050.elf.dir/Drivers/STM32F1xx_HAL_Driver/Src/stm32f1xx_hal_tim_ex.c.obj
 .debug_loc     0x00008a53     0x487b CMakeFiles/STM32_MPU6050.elf.dir/Drivers/STM32F1xx_HAL_Driver/Src/stm32f1xx_hal_uart.c.obj
